ARM Linker, 4.1 [Build 894] [Standard]

==============================================================================

Section Cross References

    app.o(i.main) refers to usbd_core.o(i.USBD_Init) for USBD_Init
    app.o(i.main) refers to stm32_eval.o(i.STM_EVAL_LEDToggle) for STM_EVAL_LEDToggle
    app.o(i.main) refers to usbd_usr.o(.data) for USR_cb
    app.o(i.main) refers to usbd_msc_core.o(.data) for USBD_MSC_cb
    app.o(i.main) refers to usbd_desc.o(.data) for USR_desc
    app.o(i.main) refers to app.o(.bss) for .bss
    stm32fxxx_it.o(i.OTG_HS_EP1_IN_IRQHandler) refers to usb_dcd_int.o(i.USBD_OTG_EP1IN_ISR_Handler) for USBD_OTG_EP1IN_ISR_Handler
    stm32fxxx_it.o(i.OTG_HS_EP1_IN_IRQHandler) refers to app.o(.bss) for USB_OTG_dev
    stm32fxxx_it.o(i.OTG_HS_EP1_OUT_IRQHandler) refers to usb_dcd_int.o(i.USBD_OTG_EP1OUT_ISR_Handler) for USBD_OTG_EP1OUT_ISR_Handler
    stm32fxxx_it.o(i.OTG_HS_EP1_OUT_IRQHandler) refers to app.o(.bss) for USB_OTG_dev
    stm32fxxx_it.o(i.OTG_HS_IRQHandler) refers to usb_dcd_int.o(i.USBD_OTG_ISR_Handler) for USBD_OTG_ISR_Handler
    stm32fxxx_it.o(i.OTG_HS_IRQHandler) refers to app.o(.bss) for USB_OTG_dev
    stm32fxxx_it.o(i.SDIO_IRQHandler) refers to stm32_eval_sdio_sd.o(i.SD_ProcessIRQSrc) for SD_ProcessIRQSrc
    usb_bsp.o(i.USB_OTG_BSP_EnableInterrupt) refers to misc.o(i.NVIC_PriorityGroupConfig) for NVIC_PriorityGroupConfig
    usb_bsp.o(i.USB_OTG_BSP_EnableInterrupt) refers to misc.o(i.NVIC_Init) for NVIC_Init
    usb_bsp.o(i.USB_OTG_BSP_Init) refers to stm32f2xx_rcc.o(i.RCC_AHB1PeriphClockCmd) for RCC_AHB1PeriphClockCmd
    usb_bsp.o(i.USB_OTG_BSP_Init) refers to stm32f2xx_gpio.o(i.GPIO_PinAFConfig) for GPIO_PinAFConfig
    usb_bsp.o(i.USB_OTG_BSP_Init) refers to stm32f2xx_gpio.o(i.GPIO_Init) for GPIO_Init
    usb_bsp.o(i.USB_OTG_BSP_mDelay) refers to usb_bsp.o(i.USB_OTG_BSP_uDelay) for USB_OTG_BSP_uDelay
    usbd_usr.o(i.USBD_USR_DeviceConfigured) refers to printfb.o(i.__0printf$bare) for __2printf
    usbd_usr.o(i.USBD_USR_DeviceConfigured) refers to lcd_log.o(.data) for LCD_LineColor
    usbd_usr.o(i.USBD_USR_DeviceReset) refers to lcd_log.o(i.LCD_LOG_SetFooter) for LCD_LOG_SetFooter
    usbd_usr.o(i.USBD_USR_DeviceSuspended) refers to printfb.o(i.__0printf$bare) for __2printf
    usbd_usr.o(i.USBD_USR_DeviceSuspended) refers to lcd_log.o(.data) for LCD_LineColor
    usbd_usr.o(i.USBD_USR_Init) refers to stm32_eval.o(i.STM_EVAL_LEDInit) for STM_EVAL_LEDInit
    usbd_usr.o(i.USBD_USR_Init) refers to stm322xg_eval_lcd.o(i.STM322xG_LCD_Init) for STM322xG_LCD_Init
    usbd_usr.o(i.USBD_USR_Init) refers to lcd_log.o(i.LCD_LOG_Init) for LCD_LOG_Init
    usbd_usr.o(i.USBD_USR_Init) refers to lcd_log.o(i.LCD_LOG_SetHeader) for LCD_LOG_SetHeader
    usbd_usr.o(i.USBD_USR_Init) refers to printfb.o(i.__0printf$bare) for __2printf
    usbd_usr.o(i.USBD_USR_Init) refers to lcd_log.o(i.LCD_LOG_SetFooter) for LCD_LOG_SetFooter
    usbd_usr.o(i.USBD_USR_Init) refers to stm322xg_eval_lcd.o(i.LCD_SetTextColor) for LCD_SetTextColor
    usbd_usr.o(i.USBD_USR_Init) refers to stm322xg_eval_lcd.o(i.LCD_DisplayStringLine) for LCD_DisplayStringLine
    usbd_usr.o(i.USBD_USR_Init) refers to lcd_log.o(.data) for LCD_LineColor
    usbd_usr.o(.data) refers to usbd_usr.o(i.USBD_USR_Init) for USBD_USR_Init
    usbd_usr.o(.data) refers to usbd_usr.o(i.USBD_USR_DeviceReset) for USBD_USR_DeviceReset
    usbd_usr.o(.data) refers to usbd_usr.o(i.USBD_USR_DeviceConfigured) for USBD_USR_DeviceConfigured
    usbd_usr.o(.data) refers to usbd_usr.o(i.USBD_USR_DeviceSuspended) for USBD_USR_DeviceSuspended
    usbd_usr.o(.data) refers to usbd_usr.o(i.USBD_USR_DeviceResumed) for USBD_USR_DeviceResumed
    usbd_storage_msd.o(i.STORAGE_GetCapacity) refers to stm32_eval_sdio_sd.o(i.SD_GetStatus) for SD_GetStatus
    usbd_storage_msd.o(i.STORAGE_GetCapacity) refers to stm32_eval_sdio_sd.o(.bss) for SDCardInfo
    usbd_storage_msd.o(i.STORAGE_Init) refers to misc.o(i.NVIC_Init) for NVIC_Init
    usbd_storage_msd.o(i.STORAGE_Init) refers to stm32_eval_sdio_sd.o(i.SD_Init) for SD_Init
    usbd_storage_msd.o(i.STORAGE_IsReady) refers to stm32_eval_sdio_sd.o(i.SD_GetStatus) for SD_GetStatus
    usbd_storage_msd.o(i.STORAGE_IsReady) refers to stm32_eval_sdio_sd.o(i.SD_Init) for SD_Init
    usbd_storage_msd.o(i.STORAGE_IsReady) refers to usbd_storage_msd.o(.data) for .data
    usbd_storage_msd.o(i.STORAGE_Read) refers to stm32_eval_sdio_sd.o(i.SD_ReadMultiBlocks) for SD_ReadMultiBlocks
    usbd_storage_msd.o(i.STORAGE_Read) refers to stm32_eval_sdio_sd.o(i.SD_WaitReadOperation) for SD_WaitReadOperation
    usbd_storage_msd.o(i.STORAGE_Read) refers to stm32_eval_sdio_sd.o(i.SD_GetStatus) for SD_GetStatus
    usbd_storage_msd.o(i.STORAGE_Write) refers to stm32_eval_sdio_sd.o(i.SD_WriteMultiBlocks) for SD_WriteMultiBlocks
    usbd_storage_msd.o(i.STORAGE_Write) refers to stm32_eval_sdio_sd.o(i.SD_WaitWriteOperation) for SD_WaitWriteOperation
[...]
    i.SCSI_CheckAddressRange                 0x08001540   Section        0  usbd_msc_scsi.o(i.SCSI_CheckAddressRange)
    SCSI_CheckAddressRange                   0x08001541   Thumb Code    30  usbd_msc_scsi.o(i.SCSI_CheckAddressRange)
    i.SCSI_ProcessCmd                        0x08001564   Section        0  usbd_msc_scsi.o(i.SCSI_ProcessCmd)
    i.SCSI_ProcessRead                       0x080016b4   Section        0  usbd_msc_scsi.o(i.SCSI_ProcessRead)
    SCSI_ProcessRead                         0x080016b5   Thumb Code   114  usbd_msc_scsi.o(i.SCSI_ProcessRead)
    i.SCSI_ProcessWrite                      0x0800173c   Section        0  usbd_msc_scsi.o(i.SCSI_ProcessWrite)
    SCSI_ProcessWrite                        0x0800173d   Thumb Code   124  usbd_msc_scsi.o(i.SCSI_ProcessWrite)
    i.SCSI_Read10                            0x080017c8   Section        0  usbd_msc_scsi.o(i.SCSI_Read10)
    SCSI_Read10                              0x080017c9   Thumb Code   144  usbd_msc_scsi.o(i.SCSI_Read10)
    i.SCSI_ReadCapacity10                    0x0800186c   Section        0  usbd_msc_scsi.o(i.SCSI_ReadCapacity10)
    SCSI_ReadCapacity10                      0x0800186d   Thumb Code    86  usbd_msc_scsi.o(i.SCSI_ReadCapacity10)
    i.SCSI_ReadFormatCapacity                0x080018d4   Section        0  usbd_msc_scsi.o(i.SCSI_ReadFormatCapacity)
    SCSI_ReadFormatCapacity                  0x080018d5   Thumb Code   100  usbd_msc_scsi.o(i.SCSI_ReadFormatCapacity)
    i.SCSI_RequestSense                      0x08001944   Section        0  usbd_msc_scsi.o(i.SCSI_RequestSense)
    SCSI_RequestSense                        0x08001945   Thumb Code    86  usbd_msc_scsi.o(i.SCSI_RequestSense)
    i.SCSI_SenseCode                         0x080019ac   Section        0  usbd_msc_scsi.o(i.SCSI_SenseCode)
    i.SCSI_Write10                           0x080019d8   Section        0  usbd_msc_scsi.o(i.SCSI_Write10)
    SCSI_Write10                             0x080019d9   Thumb Code   174  usbd_msc_scsi.o(i.SCSI_Write10)
    i.SDEnWideBus                            0x08001a9c   Section        0  stm32_eval_sdio_sd.o(i.SDEnWideBus)
    SDEnWideBus                              0x08001a9d   Thumb Code   182  stm32_eval_sdio_sd.o(i.SDEnWideBus)
    i.SDIO_ClearFlag                         0x08001b5c   Section        0  stm32f2xx_sdio.o(i.SDIO_ClearFlag)
    i.SDIO_ClearITPendingBit                 0x08001b68   Section        0  stm32f2xx_sdio.o(i.SDIO_ClearITPendingBit)
    i.SDIO_ClockCmd                          0x08001b74   Section        0  stm32f2xx_sdio.o(i.SDIO_ClockCmd)
    i.SDIO_DMACmd                            0x08001b80   Section        0  stm32f2xx_sdio.o(i.SDIO_DMACmd)
    i.SDIO_DataConfig                        0x08001b8c   Section        0  stm32f2xx_sdio.o(i.SDIO_DataConfig)
    i.SDIO_DeInit                            0x08001bbc   Section        0  stm32f2xx_sdio.o(i.SDIO_DeInit)
    i.SDIO_GetCommandResponse                0x08001bd4   Section        0  stm32f2xx_sdio.o(i.SDIO_GetCommandResponse)
    i.SDIO_GetFlagStatus                     0x08001be0   Section        0  stm32f2xx_sdio.o(i.SDIO_GetFlagStatus)
    i.SDIO_GetPowerState                     0x08001bf4   Section        0  stm32f2xx_sdio.o(i.SDIO_GetPowerState)
    i.SDIO_GetResponse                       0x08001c04   Section        0  stm32f2xx_sdio.o(i.SDIO_GetResponse)
    i.SDIO_IRQHandler                        0x08001c10   Section        0  stm32fxxx_it.o(i.SDIO_IRQHandler)
    i.SDIO_ITConfig                          0x08001c14   Section        0  stm32f2xx_sdio.o(i.SDIO_ITConfig)
    i.SDIO_Init                              0x08001c2c   Section        0  stm32f2xx_sdio.o(i.SDIO_Init)
    i.SDIO_ReadData                          0x08001c58   Section        0  stm32f2xx_sdio.o(i.SDIO_ReadData)
    i.SDIO_SendCommand                       0x08001c64   Section        0  stm32f2xx_sdio.o(i.SDIO_SendCommand)
    i.SDIO_SetPowerState                     0x08001c8c   Section        0  stm32f2xx_sdio.o(i.SDIO_SetPowerState)
    i.SD_DMAEndOfTransferStatus              0x08001ca4   Section        0  stm32_eval.o(i.SD_DMAEndOfTransferStatus)
    i.SD_Detect                              0x08001cb4   Section        0  stm32_eval_sdio_sd.o(i.SD_Detect)
    i.SD_EnableWideBusOperation              0x08001ccc   Section        0  stm32_eval_sdio_sd.o(i.SD_EnableWideBusOperation)
    i.SD_GetCardInfo                         0x08001d40   Section        0  stm32_eval_sdio_sd.o(i.SD_GetCardInfo)
    i.SD_GetState                            0x08001fa8   Section        0  stm32_eval_sdio_sd.o(i.SD_GetState)
    i.SD_GetStatus                           0x08001fca   Section        0  stm32_eval_sdio_sd.o(i.SD_GetStatus)
    i.SD_Init                                0x08001fe4   Section        0  stm32_eval_sdio_sd.o(i.SD_Init)
    i.SD_InitializeCards                     0x08002044   Section        0  stm32_eval_sdio_sd.o(i.SD_InitializeCards)
    i.SD_LowLevel_DMA_RxConfig               0x08002144   Section        0  stm32_eval.o(i.SD_LowLevel_DMA_RxConfig)
    i.SD_LowLevel_DMA_TxConfig               0x080021c0   Section        0  stm32_eval.o(i.SD_LowLevel_DMA_TxConfig)
    i.SD_LowLevel_Init                       0x08002240   Section        0  stm32_eval.o(i.SD_LowLevel_Init)
    i.SD_PowerON                             0x08002300   Section        0  stm32_eval_sdio_sd.o(i.SD_PowerON)
    i.SD_ProcessIRQSrc                       0x080024c4   Section        0  stm32_eval_sdio_sd.o(i.SD_ProcessIRQSrc)
    i.SD_ReadMultiBlocks                     0x08002508   Section        0  stm32_eval_sdio_sd.o(i.SD_ReadMultiBlocks)
    i.SD_SelectDeselect                      0x080025c4   Section        0  stm32_eval_sdio_sd.o(i.SD_SelectDeselect)
    i.SD_SendStatus                          0x080025f0   Section        0  stm32_eval_sdio_sd.o(i.SD_SendStatus)
    i.SD_WaitReadOperation                   0x08002624   Section        0  stm32_eval_sdio_sd.o(i.SD_WaitReadOperation)
    i.SD_WaitWriteOperation                  0x0800264c   Section        0  stm32_eval_sdio_sd.o(i.SD_WaitWriteOperation)
    i.SD_WriteMultiBlocks                    0x0800267c   Section        0  stm32_eval_sdio_sd.o(i.SD_WriteMultiBlocks)
    i.STM322xG_LCD_Init                      0x08002754   Section        0  stm322xg_eval_lcd.o(i.STM322xG_LCD_Init)
    i.STM_EVAL_LEDInit                       0x080029ec   Section        0  stm32_eval.o(i.STM_EVAL_LEDInit)
    i.STM_EVAL_LEDToggle                     0x08002a34   Section        0  stm32_eval.o(i.STM_EVAL_LEDToggle)
    i.STORAGE_GetCapacity                    0x08002a50   Section        0  usbd_storage_msd.o(i.STORAGE_GetCapacity)
    i.STORAGE_GetMaxLun                      0x08002a78   Section        0  usbd_storage_msd.o(i.STORAGE_GetMaxLun)
    i.STORAGE_Init                           0x08002a7c   Section        0  usbd_storage_msd.o(i.STORAGE_Init)
    i.STORAGE_IsReady                        0x08002aa8   Section        0  usbd_storage_msd.o(i.STORAGE_IsReady)
    i.STORAGE_IsWriteProtected               0x08002ad4   Section        0  usbd_storage_msd.o(i.STORAGE_IsWriteProtected)
    i.STORAGE_Read                           0x08002ad8   Section        0  usbd_storage_msd.o(i.STORAGE_Read)
    i.STORAGE_Write                          0x08002b00   Section        0  usbd_storage_msd.o(i.STORAGE_Write)
    i.SVC_Handler                            0x08002b26   Section        0  stm32fxxx_it.o(i.SVC_Handler)
    i.SetSysClock                            0x08002b28   Section        0  system_stm32f2xx.o(i.SetSysClock)
    SetSysClock                              0x08002b29   Thumb Code   118  system_stm32f2xx.o(i.SetSysClock)
    i.SysTick_Handler                        0x08002bac   Section        0  stm32fxxx_it.o(i.SysTick_Handler)
    i.SystemInit                             0x08002bb0   Section        0  system_stm32f2xx.o(i.SystemInit)
    i.USBD_ClrCfg                            0x08002c00   Section        0  usbd_core.o(i.USBD_ClrCfg)
    i.USBD_CtlContinueRx                     0x08002c0e   Section        0  usbd_ioreq.o(i.USBD_CtlContinueRx)
    i.USBD_CtlContinueSendData               0x08002c20   Section        0  usbd_ioreq.o(i.USBD_CtlContinueSendData)
    i.USBD_CtlError                          0x08002c32   Section        0  usbd_req.o(i.USBD_CtlError)
    i.USBD_CtlReceiveStatus                  0x08002c56   Section        0  usbd_ioreq.o(i.USBD_CtlReceiveStatus)
    i.USBD_CtlSendData                       0x08002c78   Section        0  usbd_ioreq.o(i.USBD_CtlSendData)
    i.USBD_CtlSendStatus                     0x08002c98   Section        0  usbd_ioreq.o(i.USBD_CtlSendStatus)
    i.USBD_DataInStage                       0x08002cba   Section        0  usbd_core.o(i.USBD_DataInStage)
    USBD_DataInStage                         0x08002cbb   Thumb Code   150  usbd_core.o(i.USBD_DataInStage)
    i.USBD_DataOutStage                      0x08002d50   Section        0  usbd_core.o(i.USBD_DataOutStage)
    USBD_DataOutStage                        0x08002d51   Thumb Code   116  usbd_core.o(i.USBD_DataOutStage)
    i.USBD_GetDescriptor                     0x08002dc4   Section        0  usbd_req.o(i.USBD_GetDescriptor)
    USBD_GetDescriptor                       0x08002dc5   Thumb Code   288  usbd_req.o(i.USBD_GetDescriptor)
    i.USBD_GetRxCount                        0x08002ee8   Section        0  usbd_ioreq.o(i.USBD_GetRxCount)
    i.USBD_GetString                         0x08002ef8   Section        0  usbd_req.o(i.USBD_GetString)
    i.USBD_Init                              0x08002f42   Section        0  usbd_core.o(i.USBD_Init)
    i.USBD_IsoINIncomplete                   0x08002f78   Section        0  usbd_core.o(i.USBD_IsoINIncomplete)
    USBD_IsoINIncomplete                     0x08002f79   Thumb Code    14  usbd_core.o(i.USBD_IsoINIncomplete)
    i.USBD_IsoOUTIncomplete                  0x08002f86   Section        0  usbd_core.o(i.USBD_IsoOUTIncomplete)
    USBD_IsoOUTIncomplete                    0x08002f87   Thumb Code    14  usbd_core.o(i.USBD_IsoOUTIncomplete)
    i.USBD_MSC_DataIn                        0x08002f94   Section        0  usbd_msc_core.o(i.USBD_MSC_DataIn)
    i.USBD_MSC_DataOut                       0x08002f9e   Section        0  usbd_msc_core.o(i.USBD_MSC_DataOut)
    i.USBD_MSC_DeInit                        0x08002fa8   Section        0  usbd_msc_core.o(i.USBD_MSC_DeInit)
    i.USBD_MSC_GetCfgDesc                    0x08002fc4   Section        0  usbd_msc_core.o(i.USBD_MSC_GetCfgDesc)
    i.USBD_MSC_GetOtherCfgDesc               0x08002fd0   Section        0  usbd_msc_core.o(i.USBD_MSC_GetOtherCfgDesc)
    i.USBD_MSC_Init                          0x08002fdc   Section        0  usbd_msc_core.o(i.USBD_MSC_Init)
    i.USBD_MSC_Setup                         0x08003014   Section        0  usbd_msc_core.o(i.USBD_MSC_Setup)
    i.USBD_OTG_EP1IN_ISR_Handler             0x080030e4   Section        0  usb_dcd_int.o(i.USBD_OTG_EP1IN_ISR_Handler)
    i.USBD_OTG_EP1OUT_ISR_Handler            0x08003170   Section        0  usb_dcd_int.o(i.USBD_OTG_EP1OUT_ISR_Handler)
    i.USBD_OTG_ISR_Handler                   0x080031c8   Section        0  usb_dcd_int.o(i.USBD_OTG_ISR_Handler)
    i.USBD_ParseSetupRequest                 0x08003348   Section        0  usbd_req.o(i.USBD_ParseSetupRequest)
    i.USBD_Reset                             0x0800338c   Section        0  usbd_core.o(i.USBD_Reset)
    USBD_Reset                               0x0800338d   Thumb Code    46  usbd_core.o(i.USBD_Reset)
    i.USBD_Resume                            0x080033ba   Section        0  usbd_core.o(i.USBD_Resume)
    USBD_Resume                              0x080033bb   Thumb Code    22  usbd_core.o(i.USBD_Resume)
    i.USBD_SOF                               0x080033d0   Section        0  usbd_core.o(i.USBD_SOF)
    USBD_SOF                                 0x080033d1   Thumb Code    16  usbd_core.o(i.USBD_SOF)
    i.USBD_SetCfg                            0x080033e0   Section        0  usbd_core.o(i.USBD_SetCfg)
    i.USBD_SetConfig                         0x080033fc   Section        0  usbd_req.o(i.USBD_SetConfig)
    USBD_SetConfig                           0x080033fd   Thumb Code   114  usbd_req.o(i.USBD_SetConfig)
    i.USBD_SetFeature                        0x08003474   Section        0  usbd_req.o(i.USBD_SetFeature)
    USBD_SetFeature                          0x08003475   Thumb Code   112  usbd_req.o(i.USBD_SetFeature)
    i.USBD_SetupStage                        0x080034e4   Section        0  usbd_core.o(i.USBD_SetupStage)
    USBD_SetupStage                          0x080034e5   Thumb Code    72  usbd_core.o(i.USBD_SetupStage)
    i.USBD_StdDevReq                         0x0800352c   Section        0  usbd_req.o(i.USBD_StdDevReq)
    i.USBD_StdEPReq                          0x08003620   Section        0  usbd_req.o(i.USBD_StdEPReq)
    i.USBD_StdItfReq                         0x080036f8   Section        0  usbd_req.o(i.USBD_StdItfReq)
    i.USBD_Suspend                           0x08003730   Section        0  usbd_core.o(i.USBD_Suspend)
    USBD_Suspend                             0x08003731   Thumb Code    20  usbd_core.o(i.USBD_Suspend)
    i.USBD_USR_ConfigStrDescriptor           0x08003744   Section        0  usbd_desc.o(i.USBD_USR_ConfigStrDescriptor)
    i.USBD_USR_DeviceConfigured              0x08003764   Section        0  usbd_usr.o(i.USBD_USR_DeviceConfigured)
    i.USBD_USR_DeviceDescriptor              0x08003794   Section        0  usbd_desc.o(i.USBD_USR_DeviceDescriptor)
    i.USBD_USR_DeviceReset                   0x080037a0   Section        0  usbd_usr.o(i.USBD_USR_DeviceReset)
    i.USBD_USR_DeviceResumed                 0x0800382c   Section        0  usbd_usr.o(i.USBD_USR_DeviceResumed)
    i.USBD_USR_DeviceSuspended               0x08003830   Section        0  usbd_usr.o(i.USBD_USR_DeviceSuspended)
    i.USBD_USR_Init                          0x08003860   Section        0  usbd_usr.o(i.USBD_USR_Init)
    i.USBD_USR_InterfaceStrDescriptor        0x08003954   Section        0  usbd_desc.o(i.USBD_USR_InterfaceStrDescriptor)
    i.USBD_USR_LangIDStrDescriptor           0x08003978   Section        0  usbd_desc.o(i.USBD_USR_LangIDStrDescriptor)
    i.USBD_USR_ManufacturerStrDescriptor     0x08003984   Section        0  usbd_desc.o(i.USBD_USR_ManufacturerStrDescriptor)
    i.USBD_USR_ProductStrDescriptor          0x080039ac   Section        0  usbd_desc.o(i.USBD_USR_ProductStrDescriptor)
    i.USBD_USR_SerialStrDescriptor           0x080039f8   Section        0  usbd_desc.o(i.USBD_USR_SerialStrDescriptor)
    i.USB_OTG_BSP_EnableInterrupt            0x08003a34   Section        0  usb_bsp.o(i.USB_OTG_BSP_EnableInterrupt)
    i.USB_OTG_BSP_Init                       0x08003a9c   Section        0  usb_bsp.o(i.USB_OTG_BSP_Init)
    i.USB_OTG_BSP_mDelay                     0x08003bd4   Section        0  usb_bsp.o(i.USB_OTG_BSP_mDelay)
    i.USB_OTG_BSP_uDelay                     0x08003bde   Section        0  usb_bsp.o(i.USB_OTG_BSP_uDelay)
    i.USB_OTG_CoreInit                       0x08003bee   Section        0  usb_core.o(i.USB_OTG_CoreInit)
    i.USB_OTG_CoreInitDev                    0x08003cc8   Section        0  usb_core.o(i.USB_OTG_CoreInitDev)
    i.USB_OTG_CoreReset                      0x08003e10   Section        0  usb_core.o(i.USB_OTG_CoreReset)
    USB_OTG_CoreReset                        0x08003e11   Thumb Code    84  usb_core.o(i.USB_OTG_CoreReset)
    i.USB_OTG_DisableGlobalInt               0x08003e68   Section        0  usb_core.o(i.USB_OTG_DisableGlobalInt)
    i.USB_OTG_EP0Activate                    0x08003e78   Section        0  usb_core.o(i.USB_OTG_EP0Activate)
    i.USB_OTG_EP0StartXfer                   0x08003eb2   Section        0  usb_core.o(i.USB_OTG_EP0StartXfer)
    i.USB_OTG_EP0_OutStart                   0x08003f64   Section        0  usb_core.o(i.USB_OTG_EP0_OutStart)
    i.USB_OTG_EPActivate                     0x08003f88   Section        0  usb_core.o(i.USB_OTG_EPActivate)
    i.USB_OTG_EPClearStall                   0x08003ff0   Section        0  usb_core.o(i.USB_OTG_EPClearStall)
    i.USB_OTG_EPDeactivate                   0x08004022   Section        0  usb_core.o(i.USB_OTG_EPDeactivate)
    i.USB_OTG_EPSetStall                     0x0800406e   Section        0  usb_core.o(i.USB_OTG_EPSetStall)
    i.USB_OTG_EPStartXfer                    0x0800409e   Section        0  usb_core.o(i.USB_OTG_EPStartXfer)
    i.USB_OTG_EnableDevInt                   0x080041c4   Section        0  usb_core.o(i.USB_OTG_EnableDevInt)
    i.USB_OTG_EnableGlobalInt                0x08004208   Section        0  usb_core.o(i.USB_OTG_EnableGlobalInt)
    i.USB_OTG_FlushRxFifo                    0x08004218   Section        0  usb_core.o(i.USB_OTG_FlushRxFifo)
    i.USB_OTG_FlushTxFifo                    0x08004250   Section        0  usb_core.o(i.USB_OTG_FlushTxFifo)
    i.USB_OTG_GetDeviceSpeed                 0x08004290   Section        0  usb_core.o(i.USB_OTG_GetDeviceSpeed)
    i.USB_OTG_InitDevSpeed                   0x080042b6   Section        0  usb_core.o(i.USB_OTG_InitDevSpeed)
    i.USB_OTG_IsDeviceMode                   0x080042c2   Section        0  usb_core.o(i.USB_OTG_IsDeviceMode)
    i.USB_OTG_ReadCoreItr                    0x080042d6   Section        0  usb_core.o(i.USB_OTG_ReadCoreItr)
    i.USB_OTG_ReadDevAllInEPItr              0x080042e0   Section        0  usb_core.o(i.USB_OTG_ReadDevAllInEPItr)
    i.USB_OTG_ReadDevAllOutEp_itr            0x080042ec   Section        0  usb_core.o(i.USB_OTG_ReadDevAllOutEp_itr)
    i.USB_OTG_ReadDevOutEP_itr               0x080042f8   Section        0  usb_core.o(i.USB_OTG_ReadDevOutEP_itr)
    i.USB_OTG_ReadPacket                     0x08004308   Section        0  usb_core.o(i.USB_OTG_ReadPacket)
    i.USB_OTG_SelectCore                     0x08004328   Section        0  usb_core.o(i.USB_OTG_SelectCore)
    i.USB_OTG_SetCurrentMode                 0x080043ec   Section        0  usb_core.o(i.USB_OTG_SetCurrentMode)
    i.USB_OTG_WritePacket                    0x08004416   Section        0  usb_core.o(i.USB_OTG_WritePacket)
    i.UsageFault_Handler                     0x0800443e   Section        0  stm32fxxx_it.o(i.UsageFault_Handler)
    i.__0printf$bare                         0x08004440   Section        0  printfb.o(i.__0printf$bare)
    i.__scatterload_copy                     0x08004450   Section       14  handlers.o(i.__scatterload_copy)
    i.__scatterload_null                     0x0800445e   Section        2  handlers.o(i.__scatterload_null)
    i.__scatterload_zeroinit                 0x08004460   Section       14  handlers.o(i.__scatterload_zeroinit)
    i._printf_core                           0x0800446e   Section        0  printfb.o(i._printf_core)
    _printf_core                             0x0800446f   Thumb Code    34  printfb.o(i._printf_core)
    i.delay_ms                               0x08004490   Section        0  stm322xg_eval_lcd.o(i.delay_ms)
    i.fputc                                  0x080044ac   Section        0  lcd_log.o(i.fputc)
    i.main                                   0x080045a0   Section        0  app.o(i.main)
    .constdata                               0x080045ec   Section       36  usbd_storage_msd.o(.constdata)
    .constdata                               0x08004610   Section       80  stm32_eval.o(.constdata)
    .constdata                               0x08004660   Section     4560  stm322xg_eval_lcd.o(.constdata)
    .constdata                               0x08005830   Section     2304  stm322xg_eval_lcd.o(.constdata)
    .constdata                               0x08006130   Section     2304  stm322xg_eval_lcd.o(.constdata)
    .constdata                               0x08006a30   Section        7  usbd_msc_data.o(.constdata)
    .constdata                               0x08006a37   Section        8  usbd_msc_data.o(.constdata)
    .constdata                               0x08006a3f   Section        8  usbd_msc_data.o(.constdata)
    .data                                    0x20000000   Section       28  usbd_usr.o(.data)
    .data                                    0x2000001c   Section       32  usbd_storage_msd.o(.data)
    .data                                    0x2000003c   Section        4  usbd_storage_msd.o(.data)
    .data                                    0x20000040   Section        1  usbd_storage_msd.o(.data)
    last_status                              0x20000040   Data           1  usbd_storage_msd.o(.data)
    .data                                    0x20000044   Section       28  usbd_desc.o(.data)
    .data                                    0x20000060   Section       22  usbd_desc.o(.data)
    .data                                    0x20000078   Section       10  usbd_desc.o(.data)
    .data                                    0x20000084   Section       44  stm32_eval.o(.data)
    .data                                    0x200000b0   Section       18  lcd_log.o(.data)
    .data                                    0x200000c4   Section       20  stm322xg_eval_lcd.o(.data)
    LCD_Currentfonts                         0x200000cc   Data           4  stm322xg_eval_lcd.o(.data)
    .data                                    0x200000d8   Section        8  stm322xg_eval_lcd.o(.data)
    .data                                    0x200000e0   Section        8  stm322xg_eval_lcd.o(.data)
    .data                                    0x200000e8   Section       20  stm32_eval_sdio_sd.o(.data)
    CardType                                 0x200000ec   Data           4  stm32_eval_sdio_sd.o(.data)
    RCA                                      0x200000f0   Data           4  stm32_eval_sdio_sd.o(.data)
    .data                                    0x200000fc   Section       16  usbd_req.o(.data)
    cfgidx                                   0x200000fc   Data           1  usbd_req.o(.data)
    .data                                    0x2000010c   Section       44  usbd_core.o(.data)
    .data                                    0x20000138   Section        4  usbd_core.o(.data)
    .data                                    0x2000013c   Section       24  usbd_msc_scsi.o(.data)
    .data                                    0x20000154   Section        4  usbd_msc_bot.o(.data)
    .data                                    0x20000158   Section       48  usbd_msc_core.o(.data)
    .data                                    0x20000188   Section       72  usbd_msc_core.o(.data)
    USBD_MSC_MaxLun                          0x20000188   Data           1  usbd_msc_core.o(.data)
    USBD_MSC_AltSet                          0x2000018c   Data           1  usbd_msc_core.o(.data)
    .data                                    0x200001d0   Section        4  stdout.o(.data)
    .bss                                     0x200001d4   Section     1520  app.o(.bss)
    .bss                                     0x200007c4   Section      468  lcd_log.o(.bss)
    .bss                                     0x20000998   Section      196  stm32_eval_sdio_sd.o(.bss)
    CSD_Tab                                  0x20000998   Data          16  stm32_eval_sdio_sd.o(.bss)
    CID_Tab                                  0x200009a8   Data          16  stm32_eval_sdio_sd.o(.bss)
    SDSTATUS_Tab                             0x200009b8   Data          16  stm32_eval_sdio_sd.o(.bss)
    .bss                                     0x20000a5c   Section       64  usbd_req.o(.bss)
    .bss                                     0x20000a9c   Section       32  usbd_msc_scsi.o(.bss)
    .bss                                     0x20000abc   Section     4144  usbd_msc_bot.o(.bss)
    STACK                                    0x20001af0   Section     1024  startup_stm32f2xx.o(STACK)

    Global Symbols

    Symbol Name                              Value     Ov Type        Size  Object(Section)

    BuildAttributes$$THM_ISAv4$P$D$K$B$S$PE$A:L22UL41UL21$X:L11$S22US41US21$IEEE1$IW$USESV6$~STKCKD$USESV7$~SHL$OSPACE$ROPI$EBA8$MICROLIB$REQ8$PRES8$EABIv2 0x00000000   Number         0  anon$$obj.o ABSOLUTE
    __ARM_use_no_argv                        0x00000000   Number         0  app.o ABSOLUTE
    _clock_init                               - Undefined Weak Reference
    __Vectors_Size                           0x00000184   Number         0  startup_stm32f2xx.o ABSOLUTE
    __Vectors                                0x08000000   Data           4  startup_stm32f2xx.o(RESET)
    __Vectors_End                            0x08000184   Data           0  startup_stm32f2xx.o(RESET)
    __main                                   0x08000185   Thumb Code     0  entry.o(.ARM.Collect$$$$00000000)
    _main_stk                                0x08000185   Thumb Code     0  entry2.o(.ARM.Collect$$$$00000001)
    _main_scatterload                        0x08000189   Thumb Code     0  entry5.o(.ARM.Collect$$$$00000004)
    __main_after_scatterload                 0x0800018d   Thumb Code     0  entry5.o(.ARM.Collect$$$$00000004)
    _main_clock                              0x0800018d   Thumb Code     0  entry7b.o(.ARM.Collect$$$$00000008)
    _main_init                               0x0800018d   Thumb Code     0  entry8.o(.ARM.Collect$$$$00000009)
    Reset_Handler                            0x08000199   Thumb Code     8  startup_stm32f2xx.o(.text)
    ADC_IRQHandler                           0x080001b3   Thumb Code     0  startup_stm32f2xx.o(.text)
    CAN1_RX0_IRQHandler                      0x080001b3   Thumb Code     0  startup_stm32f2xx.o(.text)
    CAN1_RX1_IRQHandler                      0x080001b3   Thumb Code     0  startup_stm32f2xx.o(.text)
    CAN1_SCE_IRQHandler                      0x080001b3   Thumb Code     0  startup_stm32f2xx.o(.text)
    CAN1_TX_IRQHandler                       0x080001b3   Thumb Code     0  startup_stm32f2xx.o(.text)
    CAN2_RX0_IRQHandler                      0x080001b3   Thumb Code     0  startup_stm32f2xx.o(.text)
    CAN2_RX1_IRQHandler                      0x080001b3   Thumb Code     0  startup_stm32f2xx.o(.text)
    CAN2_SCE_IRQHandler                      0x080001b3   Thumb Code     0  startup_stm32f2xx.o(.text)
    CAN2_TX_IRQHandler                       0x080001b3   Thumb Code     0  startup_stm32f2xx.o(.text)
    CRYP_IRQHandler                          0x080001b3   Thumb Code     0  startup_stm32f2xx.o(.text)
    DCMI_IRQHandler                          0x080001b3   Thumb Code     0  startup_stm32f2xx.o(.text)
    DMA1_Stream0_IRQHandler                  0x080001b3   Thumb Code     0  startup_stm32f2xx.o(.text)
    DMA1_Stream1_IRQHandler                  0x080001b3   Thumb Code     0  startup_stm32f2xx.o(.text)
    DMA1_Stream2_IRQHandler                  0x080001b3   Thumb Code     0  startup_stm32f2xx.o(.text)
    DMA1_Stream3_IRQHandler                  0x080001b3   Thumb Code     0  startup_stm32f2xx.o(.text)
    DMA1_Stream4_IRQHandler                  0x080001b3   Thumb Code     0  startup_stm32f2xx.o(.text)
    DMA1_Stream5_IRQHandler                  0x080001b3   Thumb Code     0  startup_stm32f2xx.o(.text)
    DMA1_Stream6_IRQHandler                  0x080001b3   Thumb Code     0  startup_stm32f2xx.o(.text)
    DMA1_Stream7_IRQHandler                  0x080001b3   Thumb Code     0  startup_stm32f2xx.o(.text)
    DMA2_Stream0_IRQHandler                  0x080001b3   Thumb Code     0  startup_stm32f2xx.o(.text)
    DMA2_Stream1_IRQHandler                  0x080001b3   Thumb Code     0  startup_stm32f2xx.o(.text)
    DMA2_Stream2_IRQHandler                  0x080001b3   Thumb Code     0  startup_stm32f2xx.o(.text)
    DMA2_Stream3_IRQHandler                  0x080001b3   Thumb Code     0  startup_stm32f2xx.o(.text)
    DMA2_Stream4_IRQHandler                  0x080001b3   Thumb Code     0  startup_stm32f2xx.o(.text)
    DMA2_Stream5_IRQHandler                  0x080001b3   Thumb Code     0  startup_stm32f2xx.o(.text)
    DMA2_Stream6_IRQHandler                  0x080001b3   Thumb Code     0  startup_stm32f2xx.o(.text)
    DMA2_Stream7_IRQHandler                  0x080001b3   Thumb Code     0  startup_stm32f2xx.o(.text)
    ETH_IRQHandler                           0x080001b3   Thumb Code     0  startup_stm32f2xx.o(.text)
    ETH_WKUP_IRQHandler                      0x080001b3   Thumb Code     0  startup_stm32f2xx.o(.text)
    EXTI0_IRQHandler                         0x080001b3   Thumb Code     0  startup_stm32f2xx.o(.text)
    EXTI15_10_IRQHandler                     0x080001b3   Thumb Code     0  startup_stm32f2xx.o(.text)
    EXTI1_IRQHandler                         0x080001b3   Thumb Code     0  startup_stm32f2xx.o(.text)
    EXTI2_IRQHandler                         0x080001b3   Thumb Code     0  startup_stm32f2xx.o(.text)
    EXTI3_IRQHandler                         0x080001b3   Thumb Code     0  startup_stm32f2xx.o(.text)
    EXTI4_IRQHandler                         0x080001b3   Thumb Code     0  startup_stm32f2xx.o(.text)
    EXTI9_5_IRQHandler                       0x080001b3   Thumb Code     0  startup_stm32f2xx.o(.text)
    FLASH_IRQHandler                         0x080001b3   Thumb Code     0  startup_stm32f2xx.o(.text)
    FSMC_IRQHandler                          0x080001b3   Thumb Code     0  startup_stm32f2xx.o(.text)
    HASH_RNG_IRQHandler                      0x080001b3   Thumb Code     0  startup_stm32f2xx.o(.text)
    I2C1_ER_IRQHandler                       0x080001b3   Thumb Code     0  startup_stm32f2xx.o(.text)
    I2C1_EV_IRQHandler                       0x080001b3   Thumb Code     0  startup_stm32f2xx.o(.text)
    I2C2_ER_IRQHandler                       0x080001b3   Thumb Code     0  startup_stm32f2xx.o(.text)
    I2C2_EV_IRQHandler                       0x080001b3   Thumb Code     0  startup_stm32f2xx.o(.text)
    I2C3_ER_IRQHandler                       0x080001b3   Thumb Code     0  startup_stm32f2xx.o(.text)
    I2C3_EV_IRQHandler                       0x080001b3   Thumb Code     0  startup_stm32f2xx.o(.text)
    OTG_FS_IRQHandler                        0x080001b3   Thumb Code     0  startup_stm32f2xx.o(.text)
    OTG_FS_WKUP_IRQHandler                   0x080001b3   Thumb Code     0  startup_stm32f2xx.o(.text)
    OTG_HS_WKUP_IRQHandler                   0x080001b3   Thumb Code     0  startup_stm32f2xx.o(.text)
    PVD_IRQHandler                           0x080001b3   Thumb Code     0  startup_stm32f2xx.o(.text)
    RCC_IRQHandler                           0x080001b3   Thumb Code     0  startup_stm32f2xx.o(.text)
    RTC_Alarm_IRQHandler                     0x080001b3   Thumb Code     0  startup_stm32f2xx.o(.text)
    RTC_WKUP_IRQHandler                      0x080001b3   Thumb Code     0  startup_stm32f2xx.o(.text)
    SPI1_IRQHandler                          0x080001b3   Thumb Code     0  startup_stm32f2xx.o(.text)
    SPI2_IRQHandler                          0x080001b3   Thumb Code     0  startup_stm32f2xx.o(.text)
    SPI3_IRQHandler                          0x080001b3   Thumb Code     0  startup_stm32f2xx.o(.text)
    TAMP_STAMP_IRQHandler                    0x080001b3   Thumb Code     0  startup_stm32f2xx.o(.text)
    TIM1_BRK_TIM9_IRQHandler                 0x080001b3   Thumb Code     0  startup_stm32f2xx.o(.text)
    TIM1_CC_IRQHandler                       0x080001b3   Thumb Code     0  startup_stm32f2xx.o(.text)
    TIM1_TRG_COM_TIM11_IRQHandler            0x080001b3   Thumb Code     0  startup_stm32f2xx.o(.text)
    TIM1_UP_TIM10_IRQHandler                 0x080001b3   Thumb Code     0  startup_stm32f2xx.o(.text)
    TIM2_IRQHandler                          0x080001b3   Thumb Code     0  startup_stm32f2xx.o(.text)
    TIM3_IRQHandler                          0x080001b3   Thumb Code     0  startup_stm32f2xx.o(.text)
    TIM4_IRQHandler                          0x080001b3   Thumb Code     0  startup_stm32f2xx.o(.text)
    TIM5_IRQHandler                          0x080001b3   Thumb Code     0  startup_stm32f2xx.o(.text)
    TIM6_DAC_IRQHandler                      0x080001b3   Thumb Code     0  startup_stm32f2xx.o(.text)
    TIM7_IRQHandler                          0x080001b3   Thumb Code     0  startup_stm32f2xx.o(.text)
    TIM8_BRK_TIM12_IRQHandler                0x080001b3   Thumb Code     0  startup_stm32f2xx.o(.text)
    TIM8_CC_IRQHandler                       0x080001b3   Thumb Code     0  startup_stm32f2xx.o(.text)
    TIM8_TRG_COM_TIM14_IRQHandler            0x080001b3   Thumb Code     0  startup_stm32f2xx.o(.text)
    TIM8_UP_TIM13_IRQHandler                 0x080001b3   Thumb Code     0  startup_stm32f2xx.o(.text)
    UART4_IRQHandler                         0x080001b3   Thumb Code     0  startup_stm32f2xx.o(.text)
    UART5_IRQHandler                         0x080001b3   Thumb Code     0  startup_stm32f2xx.o(.text)
    USART1_IRQHandler                        0x080001b3   Thumb Code     0  startup_stm32f2xx.o(.text)
    USART2_IRQHandler                        0x080001b3   Thumb Code     0  startup_stm32f2xx.o(.text)
    USART3_IRQHandler                        0x080001b3   Thumb Code     0  startup_stm32f2xx.o(.text)
    USART6_IRQHandler                        0x080001b3   Thumb Code     0  startup_stm32f2xx.o(.text)
    WWDG_IRQHandler                          0x080001b3   Thumb Code     0  startup_stm32f2xx.o(.text)
    __scatterload                            0x080001bd   Thumb Code    28  init.o(.text)
    __scatterload_rt2                        0x080001bd   Thumb Code     0  init.o(.text)
    __decompress                             0x080001e1   Thumb Code     0  __dczerorl2.o(.text)
    __decompress1                            0x080001e1   Thumb Code    92  __dczerorl2.o(.text)
    BusFault_Handler                         0x0800023d   Thumb Code     2  stm32fxxx_it.o(i.BusFault_Handler)
    DCD_EP_Close                             0x0800030d   Thumb Code    44  usb_dcd.o(i.DCD_EP_Close)
    DCD_EP_ClrStall                          0x08000339   Thumb Code    56  usb_dcd.o(i.DCD_EP_ClrStall)
    DCD_EP_Flush                             0x08000371   Thumb Code    24  usb_dcd.o(i.DCD_EP_Flush)
    DCD_EP_Open                              0x08000389   Thumb Code    60  usb_dcd.o(i.DCD_EP_Open)
    DCD_EP_PrepareRx                         0x080003c5   Thumb Code    58  usb_dcd.o(i.DCD_EP_PrepareRx)
    DCD_EP_SetAddress                        0x080003ff   Thumb Code    16  usb_dcd.o(i.DCD_EP_SetAddress)
    DCD_EP_Stall                             0x0800040f   Thumb Code    56  usb_dcd.o(i.DCD_EP_Stall)
    DCD_EP_Tx                                0x08000447   Thumb Code    54  usb_dcd.o(i.DCD_EP_Tx)
    DCD_Init                                 0x0800072d   Thumb Code   138  usb_dcd.o(i.DCD_Init)
    DMA_ClearFlag                            0x08000831   Thumb Code    32  stm32f2xx_dma.o(i.DMA_ClearFlag)
    DMA_Cmd                                  0x0800085d   Thumb Code    20  stm32f2xx_dma.o(i.DMA_Cmd)
    DMA_DeInit                               0x08000871   Thumb Code   270  stm32f2xx_dma.o(i.DMA_DeInit)
    DMA_FlowControllerConfig                 0x08000995   Thumb Code    20  stm32f2xx_dma.o(i.DMA_FlowControllerConfig)
    DMA_GetFlagStatus                        0x080009a9   Thumb Code    40  stm32f2xx_dma.o(i.DMA_GetFlagStatus)
    DMA_Init                                 0x080009dd   Thumb Code    80  stm32f2xx_dma.o(i.DMA_Init)
    DebugMon_Handler                         0x08000a31   Thumb Code     2  stm32fxxx_it.o(i.DebugMon_Handler)
    FSMC_NORSRAMCmd                          0x08000a35   Thumb Code    28  stm32f2xx_fsmc.o(i.FSMC_NORSRAMCmd)
    FSMC_NORSRAMInit                         0x08000a55   Thumb Code   192  stm32f2xx_fsmc.o(i.FSMC_NORSRAMInit)
    GPIO_Init                                0x08000c49   Thumb Code   124  stm32f2xx_gpio.o(i.GPIO_Init)
    GPIO_PinAFConfig                         0x08000cc5   Thumb Code    32  stm32f2xx_gpio.o(i.GPIO_PinAFConfig)
    GPIO_ReadInputDataBit                    0x08000ce5   Thumb Code    14  stm32f2xx_gpio.o(i.GPIO_ReadInputDataBit)
    HardFault_Handler                        0x08000cf3   Thumb Code     2  stm32fxxx_it.o(i.HardFault_Handler)
    LCD_Clear                                0x08000cf5   Thumb Code    40  stm322xg_eval_lcd.o(i.LCD_Clear)
    LCD_ClearLine                            0x08000d21   Thumb Code    44  stm322xg_eval_lcd.o(i.LCD_ClearLine)
    LCD_CtrlLinesConfig                      0x08000d51   Thumb Code   308  stm322xg_eval_lcd.o(i.LCD_CtrlLinesConfig)
    LCD_DisplayChar                          0x08000e91   Thumb Code    26  stm322xg_eval_lcd.o(i.LCD_DisplayChar)
    LCD_DisplayStringLine                    0x08000eb1   Thumb Code    52  stm322xg_eval_lcd.o(i.LCD_DisplayStringLine)
    LCD_DrawChar                             0x08000ee9   Thumb Code   118  stm322xg_eval_lcd.o(i.LCD_DrawChar)
    LCD_FSMCConfig                           0x08000f69   Thumb Code    78  stm322xg_eval_lcd.o(i.LCD_FSMCConfig)
    LCD_GetFont                              0x08000fb9   Thumb Code     6  stm322xg_eval_lcd.o(i.LCD_GetFont)
    LCD_LOG_DeInit                           0x08000fc5   Thumb Code    34  lcd_log.o(i.LCD_LOG_DeInit)
    LCD_LOG_Init                             0x08000fed   Thumb Code    16  lcd_log.o(i.LCD_LOG_Init)
    LCD_LOG_SetFooter                        0x08000ffd   Thumb Code   100  lcd_log.o(i.LCD_LOG_SetFooter)
    LCD_LOG_SetHeader                        0x08001061   Thumb Code   134  lcd_log.o(i.LCD_LOG_SetHeader)
    LCD_ReadReg                              0x08001191   Thumb Code    12  stm322xg_eval_lcd.o(i.LCD_ReadReg)
    LCD_SetBackColor                         0x080011a1   Thumb Code     6  stm322xg_eval_lcd.o(i.LCD_SetBackColor)
    LCD_SetCursor                            0x080011ad   Thumb Code    24  stm322xg_eval_lcd.o(i.LCD_SetCursor)
    LCD_SetFont                              0x080011c5   Thumb Code     6  stm322xg_eval_lcd.o(i.LCD_SetFont)
    LCD_SetTextColor                         0x080011d1   Thumb Code     6  stm322xg_eval_lcd.o(i.LCD_SetTextColor)
    LCD_WriteReg                             0x080011dd   Thumb Code    12  stm322xg_eval_lcd.o(i.LCD_WriteReg)
    MSC_BOT_CplClrFeature                    0x080012e9   Thumb Code    40  usbd_msc_bot.o(i.MSC_BOT_CplClrFeature)
    MSC_BOT_DataIn                           0x08001315   Thumb Code    56  usbd_msc_bot.o(i.MSC_BOT_DataIn)
    MSC_BOT_DataOut                          0x08001355   Thumb Code    56  usbd_msc_bot.o(i.MSC_BOT_DataOut)
    MSC_BOT_DeInit                           0x08001395   Thumb Code     8  usbd_msc_bot.o(i.MSC_BOT_DeInit)
    MSC_BOT_Init                             0x080013a1   Thumb Code    54  usbd_msc_bot.o(i.MSC_BOT_Init)
    MSC_BOT_Reset                            0x080013e5   Thumb Code    20  usbd_msc_bot.o(i.MSC_BOT_Reset)
    MSC_BOT_SendCSW                          0x08001401   Thumb Code    46  usbd_msc_bot.o(i.MSC_BOT_SendCSW)
    MemManage_Handler                        0x0800143d   Thumb Code     2  stm32fxxx_it.o(i.MemManage_Handler)
    NMI_Handler                              0x0800143f   Thumb Code     2  stm32fxxx_it.o(i.NMI_Handler)
    NVIC_Init                                0x08001441   Thumb Code    92  misc.o(i.NVIC_Init)
    NVIC_PriorityGroupConfig                 0x080014a5   Thumb Code    10  misc.o(i.NVIC_PriorityGroupConfig)
    OTG_HS_EP1_IN_IRQHandler                 0x080014b9   Thumb Code     6  stm32fxxx_it.o(i.OTG_HS_EP1_IN_IRQHandler)
    OTG_HS_EP1_OUT_IRQHandler                0x080014c5   Thumb Code     6  stm32fxxx_it.o(i.OTG_HS_EP1_OUT_IRQHandler)
    OTG_HS_IRQHandler                        0x080014d1   Thumb Code     6  stm32fxxx_it.o(i.OTG_HS_IRQHandler)
    PendSV_Handler                           0x080014dd   Thumb Code     2  stm32fxxx_it.o(i.PendSV_Handler)
    RCC_AHB1PeriphClockCmd                   0x080014e1   Thumb Code    18  stm32f2xx_rcc.o(i.RCC_AHB1PeriphClockCmd)
    RCC_AHB3PeriphClockCmd                   0x080014f9   Thumb Code    18  stm32f2xx_rcc.o(i.RCC_AHB3PeriphClockCmd)
    RCC_APB2PeriphClockCmd                   0x08001511   Thumb Code    18  stm32f2xx_rcc.o(i.RCC_APB2PeriphClockCmd)
    RCC_APB2PeriphResetCmd                   0x08001529   Thumb Code    18  stm32f2xx_rcc.o(i.RCC_APB2PeriphResetCmd)
    SCSI_ProcessCmd                          0x08001565   Thumb Code   302  usbd_msc_scsi.o(i.SCSI_ProcessCmd)
    SCSI_SenseCode                           0x080019ad   Thumb Code    36  usbd_msc_scsi.o(i.SCSI_SenseCode)
    SDIO_ClearFlag                           0x08001b5d   Thumb Code     6  stm32f2xx_sdio.o(i.SDIO_ClearFlag)
    SDIO_ClearITPendingBit                   0x08001b69   Thumb Code     6  stm32f2xx_sdio.o(i.SDIO_ClearITPendingBit)
    SDIO_ClockCmd                            0x08001b75   Thumb Code     6  stm32f2xx_sdio.o(i.SDIO_ClockCmd)
    SDIO_DMACmd                              0x08001b81   Thumb Code     6  stm32f2xx_sdio.o(i.SDIO_DMACmd)
    SDIO_DataConfig                          0x08001b8d   Thumb Code    42  stm32f2xx_sdio.o(i.SDIO_DataConfig)
    SDIO_DeInit                              0x08001bbd   Thumb Code    24  stm32f2xx_sdio.o(i.SDIO_DeInit)
    SDIO_GetCommandResponse                  0x08001bd5   Thumb Code     8  stm32f2xx_sdio.o(i.SDIO_GetCommandResponse)
    SDIO_GetFlagStatus                       0x08001be1   Thumb Code    16  stm32f2xx_sdio.o(i.SDIO_GetFlagStatus)
    SDIO_GetPowerState                       0x08001bf5   Thumb Code    10  stm32f2xx_sdio.o(i.SDIO_GetPowerState)
    SDIO_GetResponse                         0x08001c05   Thumb Code     6  stm32f2xx_sdio.o(i.SDIO_GetResponse)
    SDIO_IRQHandler                          0x08001c11   Thumb Code     4  stm32fxxx_it.o(i.SDIO_IRQHandler)
    SDIO_ITConfig                            0x08001c15   Thumb Code    18  stm32f2xx_sdio.o(i.SDIO_ITConfig)
    SDIO_Init                                0x08001c2d   Thumb Code    40  stm32f2xx_sdio.o(i.SDIO_Init)
    SDIO_ReadData                            0x08001c59   Thumb Code     6  stm32f2xx_sdio.o(i.SDIO_ReadData)
    SDIO_SendCommand                         0x08001c65   Thumb Code    36  stm32f2xx_sdio.o(i.SDIO_SendCommand)
    SDIO_SetPowerState                       0x08001c8d   Thumb Code    18  stm32f2xx_sdio.o(i.SDIO_SetPowerState)
    SD_DMAEndOfTransferStatus                0x08001ca5   Thumb Code    10  stm32_eval.o(i.SD_DMAEndOfTransferStatus)
    SD_Detect                                0x08001cb5   Thumb Code    20  stm32_eval_sdio_sd.o(i.SD_Detect)
    SD_EnableWideBusOperation                0x08001ccd   Thumb Code   108  stm32_eval_sdio_sd.o(i.SD_EnableWideBusOperation)
    SD_GetCardInfo                           0x08001d41   Thumb Code   606  stm32_eval_sdio_sd.o(i.SD_GetCardInfo)
    SD_GetState                              0x08001fa9   Thumb Code    34  stm32_eval_sdio_sd.o(i.SD_GetState)
    SD_GetStatus                             0x08001fcb   Thumb Code    26  stm32_eval_sdio_sd.o(i.SD_GetStatus)
    SD_Init                                  0x08001fe5   Thumb Code    92  stm32_eval_sdio_sd.o(i.SD_Init)
    SD_InitializeCards                       0x08002045   Thumb Code   246  stm32_eval_sdio_sd.o(i.SD_InitializeCards)
    SD_LowLevel_DMA_RxConfig                 0x08002145   Thumb Code   116  stm32_eval.o(i.SD_LowLevel_DMA_RxConfig)
    SD_LowLevel_DMA_TxConfig                 0x080021c1   Thumb Code   118  stm32_eval.o(i.SD_LowLevel_DMA_TxConfig)
    SD_LowLevel_Init                         0x08002241   Thumb Code   180  stm32_eval.o(i.SD_LowLevel_Init)
    SD_PowerON                               0x08002301   Thumb Code   436  stm32_eval_sdio_sd.o(i.SD_PowerON)
    SD_ProcessIRQSrc                         0x080024c5   Thumb Code    58  stm32_eval_sdio_sd.o(i.SD_ProcessIRQSrc)
    SD_ReadMultiBlocks                       0x08002509   Thumb Code   174  stm32_eval_sdio_sd.o(i.SD_ReadMultiBlocks)
    SD_SelectDeselect                        0x080025c5   Thumb Code    40  stm32_eval_sdio_sd.o(i.SD_SelectDeselect)
    SD_SendStatus                            0x080025f1   Thumb Code    42  stm32_eval_sdio_sd.o(i.SD_SendStatus)
    SD_WaitReadOperation                     0x08002625   Thumb Code    36  stm32_eval_sdio_sd.o(i.SD_WaitReadOperation)
    SD_WaitWriteOperation                    0x0800264d   Thumb Code    44  stm32_eval_sdio_sd.o(i.SD_WaitWriteOperation)
    SD_WriteMultiBlocks                      0x0800267d   Thumb Code   204  stm32_eval_sdio_sd.o(i.SD_WriteMultiBlocks)
    STM322xG_LCD_Init                        0x08002755   Thumb Code   656  stm322xg_eval_lcd.o(i.STM322xG_LCD_Init)
    STM_EVAL_LEDInit                         0x080029ed   Thumb Code    62  stm32_eval.o(i.STM_EVAL_LEDInit)
    STM_EVAL_LEDToggle                       0x08002a35   Thumb Code    20  stm32_eval.o(i.STM_EVAL_LEDToggle)
    STORAGE_GetCapacity                      0x08002a51   Thumb Code    36  usbd_storage_msd.o(i.STORAGE_GetCapacity)
    STORAGE_GetMaxLun                        0x08002a79   Thumb Code     4  usbd_storage_msd.o(i.STORAGE_GetMaxLun)
    STORAGE_Init                             0x08002a7d   Thumb Code    44  usbd_storage_msd.o(i.STORAGE_Init)
    STORAGE_IsReady                          0x08002aa9   Thumb Code    38  usbd_storage_msd.o(i.STORAGE_IsReady)
    STORAGE_IsWriteProtected                 0x08002ad5   Thumb Code     4  usbd_storage_msd.o(i.STORAGE_IsWriteProtected)
    STORAGE_Read                             0x08002ad9   Thumb Code    38  usbd_storage_msd.o(i.STORAGE_Read)
    STORAGE_Write                            0x08002b01   Thumb Code    38  usbd_storage_msd.o(i.STORAGE_Write)
    SVC_Handler                              0x08002b27   Thumb Code     2  stm32fxxx_it.o(i.SVC_Handler)
    SysTick_Handler                          0x08002bad   Thumb Code     2  stm32fxxx_it.o(i.SysTick_Handler)
    SystemInit                               0x08002bb1   Thumb Code    62  system_stm32f2xx.o(i.SystemInit)
    USBD_ClrCfg                              0x08002c01   Thumb Code    14  usbd_core.o(i.USBD_ClrCfg)
    USBD_CtlContinueRx                       0x08002c0f   Thumb Code    18  usbd_ioreq.o(i.USBD_CtlContinueRx)
    USBD_CtlContinueSendData                 0x08002c21   Thumb Code    18  usbd_ioreq.o(i.USBD_CtlContinueSendData)
    USBD_CtlError                            0x08002c33   Thumb Code    36  usbd_req.o(i.USBD_CtlError)
    USBD_CtlReceiveStatus                    0x08002c57   Thumb Code    34  usbd_ioreq.o(i.USBD_CtlReceiveStatus)
    USBD_CtlSendData                         0x08002c79   Thumb Code    32  usbd_ioreq.o(i.USBD_CtlSendData)
    USBD_CtlSendStatus                       0x08002c99   Thumb Code    34  usbd_ioreq.o(i.USBD_CtlSendStatus)
    USBD_GetRxCount                          0x08002ee9   Thumb Code    16  usbd_ioreq.o(i.USBD_GetRxCount)
    USBD_GetString                           0x08002ef9   Thumb Code    74  usbd_req.o(i.USBD_GetString)
    USBD_Init                                0x08002f43   Thumb Code    54  usbd_core.o(i.USBD_Init)
    USBD_MSC_DataIn                          0x08002f95   Thumb Code    10  usbd_msc_core.o(i.USBD_MSC_DataIn)
    USBD_MSC_DataOut                         0x08002f9f   Thumb Code    10  usbd_msc_core.o(i.USBD_MSC_DataOut)
    USBD_MSC_DeInit                          0x08002fa9   Thumb Code    28  usbd_msc_core.o(i.USBD_MSC_DeInit)
    USBD_MSC_GetCfgDesc                      0x08002fc5   Thumb Code     8  usbd_msc_core.o(i.USBD_MSC_GetCfgDesc)
    USBD_MSC_GetOtherCfgDesc                 0x08002fd1   Thumb Code     8  usbd_msc_core.o(i.USBD_MSC_GetOtherCfgDesc)
    USBD_MSC_Init                            0x08002fdd   Thumb Code    54  usbd_msc_core.o(i.USBD_MSC_Init)
    USBD_MSC_Setup                           0x08003015   Thumb Code   198  usbd_msc_core.o(i.USBD_MSC_Setup)
    USBD_OTG_EP1IN_ISR_Handler               0x080030e5   Thumb Code   136  usb_dcd_int.o(i.USBD_OTG_EP1IN_ISR_Handler)
    USBD_OTG_EP1OUT_ISR_Handler              0x08003171   Thumb Code    84  usb_dcd_int.o(i.USBD_OTG_EP1OUT_ISR_Handler)
    USBD_OTG_ISR_Handler                     0x080031c9   Thumb Code   376  usb_dcd_int.o(i.USBD_OTG_ISR_Handler)
    USBD_ParseSetupRequest                   0x08003349   Thumb Code    68  usbd_req.o(i.USBD_ParseSetupRequest)
    USBD_SetCfg                              0x080033e1   Thumb Code    26  usbd_core.o(i.USBD_SetCfg)
    USBD_StdDevReq                           0x0800352d   Thumb Code   238  usbd_req.o(i.USBD_StdDevReq)
    USBD_StdEPReq                            0x08003621   Thumb Code   210  usbd_req.o(i.USBD_StdEPReq)
    USBD_StdItfReq                           0x080036f9   Thumb Code    56  usbd_req.o(i.USBD_StdItfReq)
    USBD_USR_ConfigStrDescriptor             0x08003745   Thumb Code    16  usbd_desc.o(i.USBD_USR_ConfigStrDescriptor)
    USBD_USR_DeviceConfigured                0x08003765   Thumb Code    14  usbd_usr.o(i.USBD_USR_DeviceConfigured)
    USBD_USR_DeviceDescriptor                0x08003795   Thumb Code     8  usbd_desc.o(i.USBD_USR_DeviceDescriptor)
    USBD_USR_DeviceReset                     0x080037a1   Thumb Code    20  usbd_usr.o(i.USBD_USR_DeviceReset)
    USBD_USR_DeviceResumed                   0x0800382d   Thumb Code     2  usbd_usr.o(i.USBD_USR_DeviceResumed)
    USBD_USR_DeviceSuspended                 0x08003831   Thumb Code    14  usbd_usr.o(i.USBD_USR_DeviceSuspended)
    USBD_USR_Init                            0x08003861   Thumb Code    94  usbd_usr.o(i.USBD_USR_Init)
    USBD_USR_InterfaceStrDescriptor          0x08003955   Thumb Code    16  usbd_desc.o(i.USBD_USR_InterfaceStrDescriptor)
    USBD_USR_LangIDStrDescriptor             0x08003979   Thumb Code     8  usbd_desc.o(i.USBD_USR_LangIDStrDescriptor)
    USBD_USR_ManufacturerStrDescriptor       0x08003985   Thumb Code    16  usbd_desc.o(i.USBD_USR_ManufacturerStrDescriptor)
    USBD_USR_ProductStrDescriptor            0x080039ad   Thumb Code    24  usbd_desc.o(i.USBD_USR_ProductStrDescriptor)
    USBD_USR_SerialStrDescriptor             0x080039f9   Thumb Code    24  usbd_desc.o(i.USBD_USR_SerialStrDescriptor)
    USB_OTG_BSP_EnableInterrupt              0x08003a35   Thumb Code   104  usb_bsp.o(i.USB_OTG_BSP_EnableInterrupt)
    USB_OTG_BSP_Init                         0x08003a9d   Thumb Code   298  usb_bsp.o(i.USB_OTG_BSP_Init)
    USB_OTG_BSP_mDelay                       0x08003bd5   Thumb Code    10  usb_bsp.o(i.USB_OTG_BSP_mDelay)
    USB_OTG_BSP_uDelay                       0x08003bdf   Thumb Code    16  usb_bsp.o(i.USB_OTG_BSP_uDelay)
    USB_OTG_CoreInit                         0x08003bef   Thumb Code   218  usb_core.o(i.USB_OTG_CoreInit)
    USB_OTG_CoreInitDev                      0x08003cc9   Thumb Code   328  usb_core.o(i.USB_OTG_CoreInitDev)
    USB_OTG_DisableGlobalInt                 0x08003e69   Thumb Code    16  usb_core.o(i.USB_OTG_DisableGlobalInt)
    USB_OTG_EP0Activate                      0x08003e79   Thumb Code    58  usb_core.o(i.USB_OTG_EP0Activate)
    USB_OTG_EP0StartXfer                     0x08003eb3   Thumb Code   176  usb_core.o(i.USB_OTG_EP0StartXfer)
    USB_OTG_EP0_OutStart                     0x08003f65   Thumb Code    32  usb_core.o(i.USB_OTG_EP0_OutStart)
    USB_OTG_EPActivate                       0x08003f89   Thumb Code   104  usb_core.o(i.USB_OTG_EPActivate)
    USB_OTG_EPClearStall                     0x08003ff1   Thumb Code    50  usb_core.o(i.USB_OTG_EPClearStall)
    USB_OTG_EPDeactivate                     0x08004023   Thumb Code    76  usb_core.o(i.USB_OTG_EPDeactivate)
    USB_OTG_EPSetStall                       0x0800406f   Thumb Code    48  usb_core.o(i.USB_OTG_EPSetStall)
    USB_OTG_EPStartXfer                      0x0800409f   Thumb Code   294  usb_core.o(i.USB_OTG_EPStartXfer)
    USB_OTG_EnableDevInt                     0x080041c5   Thumb Code    62  usb_core.o(i.USB_OTG_EnableDevInt)
    USB_OTG_EnableGlobalInt                  0x08004209   Thumb Code    16  usb_core.o(i.USB_OTG_EnableGlobalInt)
    USB_OTG_FlushRxFifo                      0x08004219   Thumb Code    52  usb_core.o(i.USB_OTG_FlushRxFifo)
    USB_OTG_FlushTxFifo                      0x08004251   Thumb Code    60  usb_core.o(i.USB_OTG_FlushTxFifo)
    USB_OTG_GetDeviceSpeed                   0x08004291   Thumb Code    38  usb_core.o(i.USB_OTG_GetDeviceSpeed)
    USB_OTG_InitDevSpeed                     0x080042b7   Thumb Code    12  usb_core.o(i.USB_OTG_InitDevSpeed)
    USB_OTG_IsDeviceMode                     0x080042c3   Thumb Code    20  usb_core.o(i.USB_OTG_IsDeviceMode)
    USB_OTG_ReadCoreItr                      0x080042d7   Thumb Code    10  usb_core.o(i.USB_OTG_ReadCoreItr)
    USB_OTG_ReadDevAllInEPItr                0x080042e1   Thumb Code    12  usb_core.o(i.USB_OTG_ReadDevAllInEPItr)
    USB_OTG_ReadDevAllOutEp_itr              0x080042ed   Thumb Code    12  usb_core.o(i.USB_OTG_ReadDevAllOutEp_itr)
    USB_OTG_ReadDevOutEP_itr                 0x080042f9   Thumb Code    16  usb_core.o(i.USB_OTG_ReadDevOutEP_itr)
    USB_OTG_ReadPacket                       0x08004309   Thumb Code    32  usb_core.o(i.USB_OTG_ReadPacket)
    USB_OTG_SelectCore                       0x08004329   Thumb Code   192  usb_core.o(i.USB_OTG_SelectCore)
    USB_OTG_SetCurrentMode                   0x080043ed   Thumb Code    42  usb_core.o(i.USB_OTG_SetCurrentMode)
    USB_OTG_WritePacket                      0x08004417   Thumb Code    40  usb_core.o(i.USB_OTG_WritePacket)
    UsageFault_Handler                       0x0800443f   Thumb Code     2  stm32fxxx_it.o(i.UsageFault_Handler)
    __0printf$bare                           0x08004441   Thumb Code     8  printfb.o(i.__0printf$bare)
    __1printf$bare                           0x08004441   Thumb Code     0  printfb.o(i.__0printf$bare)
    __2printf                                0x08004441   Thumb Code     0  printfb.o(i.__0printf$bare)
    __scatterload_copy                       0x08004451   Thumb Code    14  handlers.o(i.__scatterload_copy)
    __scatterload_null                       0x0800445f   Thumb Code     2  handlers.o(i.__scatterload_null)
    __scatterload_zeroinit                   0x08004461   Thumb Code    14  handlers.o(i.__scatterload_zeroinit)
    delay_ms                                 0x08004491   Thumb Code    28  stm322xg_eval_lcd.o(i.delay_ms)
    fputc                                    0x080044ad   Thumb Code   236  lcd_log.o(i.fputc)
    main                                     0x080045a1   Thumb Code    60  app.o(i.main)
    STORAGE_Inquirydata                      0x080045ec   Data          36  usbd_storage_msd.o(.constdata)
    COM_TX_PIN_SOURCE                        0x08004610   Data           1  stm32_eval.o(.constdata)
    COM_RX_PIN_SOURCE                        0x08004611   Data           1  stm32_eval.o(.constdata)
    COM_TX_AF                                0x08004612   Data           1  stm32_eval.o(.constdata)
    COM_RX_AF                                0x08004613   Data           1  stm32_eval.o(.constdata)
    COM_TX_PIN                               0x08004614   Data           2  stm32_eval.o(.constdata)
    COM_RX_PIN                               0x08004616   Data           2  stm32_eval.o(.constdata)
    BUTTON_PORT_SOURCE                       0x08004618   Data           3  stm32_eval.o(.constdata)
    BUTTON_PIN_SOURCE                        0x0800461b   Data           3  stm32_eval.o(.constdata)
    BUTTON_IRQn                              0x0800461e   Data           3  stm32_eval.o(.constdata)
    COM_USART_CLK                            0x08004624   Data           4  stm32_eval.o(.constdata)
    COM_TX_PORT_CLK                          0x08004628   Data           4  stm32_eval.o(.constdata)
    COM_RX_PORT_CLK                          0x0800462c   Data           4  stm32_eval.o(.constdata)
    BUTTON_PIN                               0x08004630   Data           6  stm32_eval.o(.constdata)
    BUTTON_EXTI_LINE                         0x08004636   Data           6  stm32_eval.o(.constdata)
    GPIO_PIN                                 0x0800463c   Data           8  stm32_eval.o(.constdata)
    GPIO_CLK                                 0x08004644   Data          16  stm32_eval.o(.constdata)
    BUTTON_CLK                               0x08004654   Data          12  stm32_eval.o(.constdata)
    ASCII16x24_Table                         0x08004660   Data        4560  stm322xg_eval_lcd.o(.constdata)
    ASCII12x12_Table                         0x08005830   Data        2304  stm322xg_eval_lcd.o(.constdata)
    ASCII8x12_Table                          0x08006130   Data        2304  stm322xg_eval_lcd.o(.constdata)
    MSC_Page00_Inquiry_Data                  0x08006a30   Data           7  usbd_msc_data.o(.constdata)
    MSC_Mode_Sense6_data                     0x08006a37   Data           8  usbd_msc_data.o(.constdata)
    MSC_Mode_Sense10_data                    0x08006a3f   Data           8  usbd_msc_data.o(.constdata)
    Region$$Table$$Base                      0x08006a48   Number         0  anon$$obj.o(Region$$Table)
    Region$$Table$$Limit                     0x08006a68   Number         0  anon$$obj.o(Region$$Table)
    USR_cb                                   0x20000000   Data          28  usbd_usr.o(.data)
    USBD_MICRO_SDIO_fops                     0x2000001c   Data          32  usbd_storage_msd.o(.data)
    USBD_STORAGE_fops                        0x2000003c   Data           4  usbd_storage_msd.o(.data)
    USR_desc                                 0x20000044   Data          28  usbd_desc.o(.data)
    USBD_LangIDDesc                          0x20000060   Data           4  usbd_desc.o(.data)
    USBD_DeviceDesc                          0x20000064   Data          18  usbd_desc.o(.data)
    USBD_DeviceQualifierDesc                 0x20000078   Data          10  usbd_desc.o(.data)
    COM_USART                                0x20000084   Data           4  stm32_eval.o(.data)
    COM_TX_PORT                              0x20000088   Data           4  stm32_eval.o(.data)
    COM_RX_PORT                              0x2000008c   Data           4  stm32_eval.o(.data)
    NVIC_InitStructure                       0x20000090   Data           4  stm32_eval.o(.data)
    GPIO_PORT                                0x20000094   Data          16  stm32_eval.o(.data)
    BUTTON_PORT                              0x200000a4   Data          12  stm32_eval.o(.data)
    LCD_CacheBuffer_yptr_invert              0x200000b0   Data           1  lcd_log.o(.data)
    LCD_ScrollActive                         0x200000b1   Data           1  lcd_log.o(.data)
    LCD_Lock                                 0x200000b2   Data           1  lcd_log.o(.data)
    LCD_Scrolled                             0x200000b3   Data           1  lcd_log.o(.data)
    LCD_LineColor                            0x200000b4   Data           2  lcd_log.o(.data)
    LCD_CacheBuffer_xptr                     0x200000b6   Data           2  lcd_log.o(.data)
    LCD_CacheBuffer_yptr_top                 0x200000b8   Data           2  lcd_log.o(.data)
    LCD_CacheBuffer_yptr_bottom              0x200000ba   Data           2  lcd_log.o(.data)
    LCD_CacheBuffer_yptr_top_bak             0x200000bc   Data           2  lcd_log.o(.data)
    LCD_CacheBuffer_yptr_bottom_bak          0x200000be   Data           2  lcd_log.o(.data)
    LCD_ScrollBackStep                       0x200000c0   Data           2  lcd_log.o(.data)
    TextColor                                0x200000c4   Data           2  stm322xg_eval_lcd.o(.data)
    BackColor                                0x200000c6   Data           2  stm322xg_eval_lcd.o(.data)
    lcdid                                    0x200000c8   Data           4  stm322xg_eval_lcd.o(.data)
    Font16x24                                0x200000d0   Data           8  stm322xg_eval_lcd.o(.data)
    Font12x12                                0x200000d8   Data           8  stm322xg_eval_lcd.o(.data)
    Font8x12                                 0x200000e0   Data           8  stm322xg_eval_lcd.o(.data)
    TransferError                            0x200000e8   Data           1  stm32_eval_sdio_sd.o(.data)
    StopCondition                            0x200000f4   Data           4  stm32_eval_sdio_sd.o(.data)
    TransferEnd                              0x200000f8   Data           4  stm32_eval_sdio_sd.o(.data)
    USBD_ep_status                           0x20000100   Data           4  usbd_req.o(.data)
    USBD_default_cfg                         0x20000104   Data           4  usbd_req.o(.data)
    USBD_cfg_status                          0x20000108   Data           4  usbd_req.o(.data)
    USBD_DCD_INT_cb                          0x2000010c   Data          44  usbd_core.o(.data)
    USBD_DCD_INT_fops                        0x20000138   Data           4  usbd_core.o(.data)
    SCSI_Sense_Head                          0x2000013c   Data           1  usbd_msc_scsi.o(.data)
    SCSI_Sense_Tail                          0x2000013d   Data           1  usbd_msc_scsi.o(.data)
    SCSI_blk_size                            0x20000140   Data           4  usbd_msc_scsi.o(.data)
    SCSI_blk_nbr                             0x20000144   Data           4  usbd_msc_scsi.o(.data)
    SCSI_blk_addr                            0x20000148   Data           4  usbd_msc_scsi.o(.data)
    SCSI_blk_len                             0x2000014c   Data           4  usbd_msc_scsi.o(.data)
    cdev                                     0x20000150   Data           4  usbd_msc_scsi.o(.data)
    MSC_BOT_State                            0x20000154   Data           1  usbd_msc_bot.o(.data)
    MSC_BOT_Status                           0x20000155   Data           1  usbd_msc_bot.o(.data)
    MSC_BOT_DataLen                          0x20000156   Data           2  usbd_msc_bot.o(.data)
    USBD_MSC_cb                              0x20000158   Data          48  usbd_msc_core.o(.data)
    USBD_MSC_CfgDesc                         0x20000190   Data          32  usbd_msc_core.o(.data)
    USBD_MSC_OtherCfgDesc                    0x200001b0   Data          32  usbd_msc_core.o(.data)
    __stdout                                 0x200001d0   Data           4  stdout.o(.data)
    USB_OTG_dev                              0x200001d4   Data        1520  app.o(.bss)
    LCD_CacheBuffer                          0x200007c4   Data         468  lcd_log.o(.bss)
    SDCardInfo                               0x200009c8   Data          80  stm32_eval_sdio_sd.o(.bss)
    SDIO_InitStructure                       0x20000a18   Data          24  stm32_eval_sdio_sd.o(.bss)
    SDIO_CmdInitStructure                    0x20000a30   Data          20  stm32_eval_sdio_sd.o(.bss)
    SDIO_DataInitStructure                   0x20000a44   Data          24  stm32_eval_sdio_sd.o(.bss)
    USBD_StrDesc                             0x20000a5c   Data          64  usbd_req.o(.bss)
    SCSI_Sense                               0x20000a9c   Data          32  usbd_msc_scsi.o(.bss)
    MSC_BOT_Data                             0x20000abc   Data        4096  usbd_msc_bot.o(.bss)
    MSC_BOT_cbw                              0x20001abc   Data          32  usbd_msc_bot.o(.bss)
    MSC_BOT_csw                              0x20001adc   Data          16  usbd_msc_bot.o(.bss)
    __initial_sp                             0x20001ef0   Data           0  startup_stm32f2xx.o(STACK)



==============================================================================

Memory Map of the image

  Image Entry point : 0x08000185

  Load Region LR_IROM1 (Base: 0x08000000, Size: 0x00006c3c, Max: 0x00100000, ABSOLUTE, COMPRESSED[0x00006b68])

    Execution Region ER_IROM1 (Base: 0x08000000, Size: 0x00006a68, Max: 0x00100000, ABSOLUTE)

    Base Addr    Size         Type   Attr      Idx    E Section Name        Object

    0x08000000   0x00000184   Data   RO          540    RESET               startup_stm32f2xx.o
    0x08000184   0x00000000   Code   RO         3591  * .ARM.Collect$$$$00000000  mc_w.l(entry.o)
    0x08000184   0x00000004   Code   RO         3862    .ARM.Collect$$$$00000001  mc_w.l(entry2.o)
    0x08000188   0x00000004   Code   RO         3865    .ARM.Collect$$$$00000004  mc_w.l(entry5.o)
    0x0800018c   0x00000000   Code   RO         3867    .ARM.Collect$$$$00000008  mc_w.l(entry7b.o)
    0x0800018c   0x00000008   Code   RO         3868    .ARM.Collect$$$$00000009  mc_w.l(entry8.o)
    0x08000194   0x00000004   Code   RO         3863    .ARM.Collect$$$$00002712  mc_w.l(entry2.o)
    0x08000198   0x00000024   Code   RO          541    .text               startup_stm32f2xx.o
    0x080001bc   0x00000024   Code   RO         3885    .text               mc_w.l(init.o)
    0x080001e0   0x0000005c   Code   RO         3901    .text               mc_w.l(__dczerorl2.o)
    0x0800023c   0x00000002   Code   RO          158    i.BusFault_Handler  stm32fxxx_it.o
    0x0800023e   0x00000002   PAD
    0x08000240   0x00000028   Code   RO          961    i.CmdResp1Error     stm32_eval_sdio_sd.o
    0x08000268   0x00000034   Code   RO          962    i.CmdResp2Error     stm32_eval_sdio_sd.o
    0x0800029c   0x00000070   Code   RO          963    i.CmdResp6Error     stm32_eval_sdio_sd.o
    0x0800030c   0x0000002c   Code   RO         3509    i.DCD_EP_Close      usb_dcd.o
    0x08000338   0x00000038   Code   RO         3510    i.DCD_EP_ClrStall   usb_dcd.o
    0x08000370   0x00000018   Code   RO         3511    i.DCD_EP_Flush      usb_dcd.o
    0x08000388   0x0000003c   Code   RO         3512    i.DCD_EP_Open       usb_dcd.o
    0x080003c4   0x0000003a   Code   RO         3513    i.DCD_EP_PrepareRx  usb_dcd.o
    0x080003fe   0x00000010   Code   RO         3514    i.DCD_EP_SetAddress  usb_dcd.o
    0x0800040e   0x00000038   Code   RO         3515    i.DCD_EP_Stall      usb_dcd.o
    0x08000446   0x00000036   Code   RO         3516    i.DCD_EP_Tx         usb_dcd.o
    0x0800047c   0x000000e8   Code   RO         3241    i.DCD_HandleInEP_ISR  usb_dcd_int.o
    0x08000564   0x000000bc   Code   RO         3242    i.DCD_HandleOutEP_ISR  usb_dcd_int.o
    0x08000620   0x0000007c   Code   RO         3243    i.DCD_HandleRxStatusQueueLevel_ISR  usb_dcd_int.o
    0x0800069c   0x00000090   Code   RO         3244    i.DCD_HandleUsbReset_ISR  usb_dcd_int.o
    0x0800072c   0x0000008a   Code   RO         3518    i.DCD_Init          usb_dcd.o
    0x080007b6   0x0000007a   Code   RO         3245    i.DCD_WriteEmptyTxFifo  usb_dcd_int.o
    0x08000830   0x0000002c   Code   RO         1195    i.DMA_ClearFlag     stm32f2xx_dma.o
    0x0800085c   0x00000014   Code   RO         1197    i.DMA_Cmd           stm32f2xx_dma.o
    0x08000870   0x00000124   Code   RO         1198    i.DMA_DeInit        stm32f2xx_dma.o
    0x08000994   0x00000014   Code   RO         1201    i.DMA_FlowControllerConfig  stm32f2xx_dma.o
    0x080009a8   0x00000034   Code   RO         1206    i.DMA_GetFlagStatus  stm32f2xx_dma.o
    0x080009dc   0x00000054   Code   RO         1209    i.DMA_Init          stm32f2xx_dma.o
    0x08000a30   0x00000002   Code   RO          159    i.DebugMon_Handler  stm32fxxx_it.o
    0x08000a32   0x00000002   PAD
    0x08000a34   0x00000020   Code   RO         1566    i.FSMC_NORSRAMCmd   stm32f2xx_fsmc.o
    0x08000a54   0x000000c0   Code   RO         1568    i.FSMC_NORSRAMInit  stm32f2xx_fsmc.o
    0x08000b14   0x00000134   Code   RO          964    i.FindSCR           stm32_eval_sdio_sd.o
    0x08000c48   0x0000007c   Code   RO         1676    i.GPIO_Init         stm32f2xx_gpio.o
    0x08000cc4   0x00000020   Code   RO         1677    i.GPIO_PinAFConfig  stm32f2xx_gpio.o
    0x08000ce4   0x0000000e   Code   RO         1680    i.GPIO_ReadInputDataBit  stm32f2xx_gpio.o
    0x08000cf2   0x00000002   Code   RO          160    i.HardFault_Handler  stm32fxxx_it.o
    0x08000cf4   0x0000002c   Code   RO          724    i.LCD_Clear         stm322xg_eval_lcd.o
    0x08000d20   0x00000030   Code   RO          725    i.LCD_ClearLine     stm322xg_eval_lcd.o
    0x08000d50   0x00000140   Code   RO          728    i.LCD_CtrlLinesConfig  stm322xg_eval_lcd.o
    0x08000e90   0x00000020   Code   RO          730    i.LCD_DisplayChar   stm322xg_eval_lcd.o
    0x08000eb0   0x00000038   Code   RO          731    i.LCD_DisplayStringLine  stm322xg_eval_lcd.o
    0x08000ee8   0x00000080   Code   RO          732    i.LCD_DrawChar      stm322xg_eval_lcd.o
    0x08000f68   0x0000004e   Code   RO          740    i.LCD_FSMCConfig    stm322xg_eval_lcd.o
    0x08000fb6   0x00000002   PAD
    0x08000fb8   0x0000000c   Code   RO          743    i.LCD_GetFont       stm322xg_eval_lcd.o
    0x08000fc4   0x00000028   Code   RO          650    i.LCD_LOG_DeInit    lcd_log.o
    0x08000fec   0x00000010   Code   RO          651    i.LCD_LOG_Init      lcd_log.o
    0x08000ffc   0x00000064   Code   RO          652    i.LCD_LOG_SetFooter  lcd_log.o
    0x08001060   0x00000090   Code   RO          653    i.LCD_LOG_SetHeader  lcd_log.o
    0x080010f0   0x000000a0   Code   RO          654    i.LCD_LOG_UpdateDisplay  lcd_log.o
    0x08001190   0x00000010   Code   RO          748    i.LCD_ReadReg       stm322xg_eval_lcd.o
    0x080011a0   0x0000000c   Code   RO          749    i.LCD_SetBackColor  stm322xg_eval_lcd.o
    0x080011ac   0x00000018   Code   RO          751    i.LCD_SetCursor     stm322xg_eval_lcd.o
    0x080011c4   0x0000000c   Code   RO          752    i.LCD_SetFont       stm322xg_eval_lcd.o
    0x080011d0   0x0000000c   Code   RO          753    i.LCD_SetTextColor  stm322xg_eval_lcd.o
    0x080011dc   0x00000010   Code   RO          757    i.LCD_WriteReg      stm322xg_eval_lcd.o
    0x080011ec   0x00000044   Code   RO         3102    i.MSC_BOT_Abort     usbd_msc_bot.o
    0x08001230   0x000000b8   Code   RO         3103    i.MSC_BOT_CBW_Decode  usbd_msc_bot.o
    0x080012e8   0x0000002c   Code   RO         3104    i.MSC_BOT_CplClrFeature  usbd_msc_bot.o
    0x08001314   0x00000040   Code   RO         3105    i.MSC_BOT_DataIn    usbd_msc_bot.o
    0x08001354   0x00000040   Code   RO         3106    i.MSC_BOT_DataOut   usbd_msc_bot.o
    0x08001394   0x0000000c   Code   RO         3107    i.MSC_BOT_DeInit    usbd_msc_bot.o
    0x080013a0   0x00000044   Code   RO         3108    i.MSC_BOT_Init      usbd_msc_bot.o
    0x080013e4   0x0000001c   Code   RO         3109    i.MSC_BOT_Reset     usbd_msc_bot.o
    0x08001400   0x0000003c   Code   RO         3110    i.MSC_BOT_SendCSW   usbd_msc_bot.o
    0x0800143c   0x00000002   Code   RO          161    i.MemManage_Handler  stm32fxxx_it.o
    0x0800143e   0x00000002   Code   RO          162    i.NMI_Handler       stm32fxxx_it.o
    0x08001440   0x00000064   Code   RO          343    i.NVIC_Init         misc.o
    0x080014a4   0x00000014   Code   RO          344    i.NVIC_PriorityGroupConfig  misc.o
    0x080014b8   0x0000000c   Code   RO          163    i.OTG_HS_EP1_IN_IRQHandler  stm32fxxx_it.o
    0x080014c4   0x0000000c   Code   RO          164    i.OTG_HS_EP1_OUT_IRQHandler  stm32fxxx_it.o
    0x080014d0   0x0000000c   Code   RO          165    i.OTG_HS_IRQHandler  stm32fxxx_it.o
    0x080014dc   0x00000002   Code   RO          166    i.PendSV_Handler    stm32fxxx_it.o
    0x080014de   0x00000002   PAD
    0x080014e0   0x00000018   Code   RO         2041    i.RCC_AHB1PeriphClockCmd  stm32f2xx_rcc.o
    0x080014f8   0x00000018   Code   RO         2047    i.RCC_AHB3PeriphClockCmd  stm32f2xx_rcc.o
    0x08001510   0x00000018   Code   RO         2053    i.RCC_APB2PeriphClockCmd  stm32f2xx_rcc.o
    0x08001528   0x00000018   Code   RO         2055    i.RCC_APB2PeriphResetCmd  stm32f2xx_rcc.o
    0x08001540   0x00000024   Code   RO         3024    i.SCSI_CheckAddressRange  usbd_msc_scsi.o
    0x08001564   0x00000150   Code   RO         3025    i.SCSI_ProcessCmd   usbd_msc_scsi.o
    0x080016b4   0x00000088   Code   RO         3026    i.SCSI_ProcessRead  usbd_msc_scsi.o
    0x0800173c   0x0000008c   Code   RO         3027    i.SCSI_ProcessWrite  usbd_msc_scsi.o
    0x080017c8   0x000000a4   Code   RO         3028    i.SCSI_Read10       usbd_msc_scsi.o
    0x0800186c   0x00000068   Code   RO         3029    i.SCSI_ReadCapacity10  usbd_msc_scsi.o
    0x080018d4   0x00000070   Code   RO         3030    i.SCSI_ReadFormatCapacity  usbd_msc_scsi.o
    0x08001944   0x00000068   Code   RO         3031    i.SCSI_RequestSense  usbd_msc_scsi.o
    0x080019ac   0x0000002c   Code   RO         3032    i.SCSI_SenseCode    usbd_msc_scsi.o
    0x080019d8   0x000000c4   Code   RO         3033    i.SCSI_Write10      usbd_msc_scsi.o
    0x08001a9c   0x000000c0   Code   RO          966    i.SDEnWideBus       stm32_eval_sdio_sd.o
    0x08001b5c   0x0000000c   Code   RO         2464    i.SDIO_ClearFlag    stm32f2xx_sdio.o
    0x08001b68   0x0000000c   Code   RO         2465    i.SDIO_ClearITPendingBit  stm32f2xx_sdio.o
    0x08001b74   0x0000000c   Code   RO         2466    i.SDIO_ClockCmd     stm32f2xx_sdio.o
    0x08001b80   0x0000000c   Code   RO         2469    i.SDIO_DMACmd       stm32f2xx_sdio.o
    0x08001b8c   0x00000030   Code   RO         2470    i.SDIO_DataConfig   stm32f2xx_sdio.o
    0x08001bbc   0x00000018   Code   RO         2472    i.SDIO_DeInit       stm32f2xx_sdio.o
    0x08001bd4   0x0000000c   Code   RO         2473    i.SDIO_GetCommandResponse  stm32f2xx_sdio.o
    0x08001be0   0x00000014   Code   RO         2476    i.SDIO_GetFlagStatus  stm32f2xx_sdio.o
    0x08001bf4   0x00000010   Code   RO         2478    i.SDIO_GetPowerState  stm32f2xx_sdio.o
    0x08001c04   0x0000000c   Code   RO         2479    i.SDIO_GetResponse  stm32f2xx_sdio.o
    0x08001c10   0x00000004   Code   RO          167    i.SDIO_IRQHandler   stm32fxxx_it.o
    0x08001c14   0x00000018   Code   RO         2480    i.SDIO_ITConfig     stm32f2xx_sdio.o
    0x08001c2c   0x0000002c   Code   RO         2481    i.SDIO_Init         stm32f2xx_sdio.o
    0x08001c58   0x0000000c   Code   RO         2482    i.SDIO_ReadData     stm32f2xx_sdio.o
    0x08001c64   0x00000028   Code   RO         2484    i.SDIO_SendCommand  stm32f2xx_sdio.o
    0x08001c8c   0x00000018   Code   RO         2486    i.SDIO_SetPowerState  stm32f2xx_sdio.o
    0x08001ca4   0x00000010   Code   RO          545    i.SD_DMAEndOfTransferStatus  stm32_eval.o
    0x08001cb4   0x00000018   Code   RO          968    i.SD_Detect         stm32_eval_sdio_sd.o
    0x08001ccc   0x00000074   Code   RO          969    i.SD_EnableWideBusOperation  stm32_eval_sdio_sd.o
    0x08001d40   0x00000268   Code   RO          971    i.SD_GetCardInfo    stm32_eval_sdio_sd.o
    0x08001fa8   0x00000022   Code   RO          973    i.SD_GetState       stm32_eval_sdio_sd.o
    0x08001fca   0x0000001a   Code   RO          974    i.SD_GetStatus      stm32_eval_sdio_sd.o
    0x08001fe4   0x00000060   Code   RO          976    i.SD_Init           stm32_eval_sdio_sd.o
    0x08002044   0x00000100   Code   RO          977    i.SD_InitializeCards  stm32_eval_sdio_sd.o
    0x08002144   0x0000007c   Code   RO          546    i.SD_LowLevel_DMA_RxConfig  stm32_eval.o
    0x080021c0   0x00000080   Code   RO          547    i.SD_LowLevel_DMA_TxConfig  stm32_eval.o
    0x08002240   0x000000c0   Code   RO          549    i.SD_LowLevel_Init  stm32_eval.o
    0x08002300   0x000001c4   Code   RO          979    i.SD_PowerON        stm32_eval_sdio_sd.o
    0x080024c4   0x00000044   Code   RO          980    i.SD_ProcessIRQSrc  stm32_eval_sdio_sd.o
    0x08002508   0x000000bc   Code   RO          982    i.SD_ReadMultiBlocks  stm32_eval_sdio_sd.o
    0x080025c4   0x0000002c   Code   RO          983    i.SD_SelectDeselect  stm32_eval_sdio_sd.o
    0x080025f0   0x00000034   Code   RO          985    i.SD_SendStatus     stm32_eval_sdio_sd.o
    0x08002624   0x00000028   Code   RO          987    i.SD_WaitReadOperation  stm32_eval_sdio_sd.o
    0x0800264c   0x00000030   Code   RO          988    i.SD_WaitWriteOperation  stm32_eval_sdio_sd.o
    0x0800267c   0x000000d8   Code   RO          990    i.SD_WriteMultiBlocks  stm32_eval_sdio_sd.o
    0x08002754   0x00000298   Code   RO          759    i.STM322xG_LCD_Init  stm322xg_eval_lcd.o
    0x080029ec   0x00000048   Code   RO          551    i.STM_EVAL_LEDInit  stm32_eval.o
    0x08002a34   0x0000001c   Code   RO          554    i.STM_EVAL_LEDToggle  stm32_eval.o
    0x08002a50   0x00000028   Code   RO          379    i.STORAGE_GetCapacity  usbd_storage_msd.o
    0x08002a78   0x00000004   Code   RO          380    i.STORAGE_GetMaxLun  usbd_storage_msd.o
    0x08002a7c   0x0000002c   Code   RO          381    i.STORAGE_Init      usbd_storage_msd.o
    0x08002aa8   0x0000002c   Code   RO          382    i.STORAGE_IsReady   usbd_storage_msd.o
    0x08002ad4   0x00000004   Code   RO          383    i.STORAGE_IsWriteProtected  usbd_storage_msd.o
    0x08002ad8   0x00000026   Code   RO          384    i.STORAGE_Read      usbd_storage_msd.o
    0x08002afe   0x00000002   PAD
    0x08002b00   0x00000026   Code   RO          385    i.STORAGE_Write     usbd_storage_msd.o
    0x08002b26   0x00000002   Code   RO          168    i.SVC_Handler       stm32fxxx_it.o
    0x08002b28   0x00000084   Code   RO          509    i.SetSysClock       system_stm32f2xx.o
    0x08002bac   0x00000002   Code   RO          169    i.SysTick_Handler   stm32fxxx_it.o
    0x08002bae   0x00000002   PAD
    0x08002bb0   0x00000050   Code   RO          511    i.SystemInit        system_stm32f2xx.o
    0x08002c00   0x0000000e   Code   RO         2894    i.USBD_ClrCfg       usbd_core.o
    0x08002c0e   0x00000012   Code   RO         2976    i.USBD_CtlContinueRx  usbd_ioreq.o
    0x08002c20   0x00000012   Code   RO         2977    i.USBD_CtlContinueSendData  usbd_ioreq.o
    0x08002c32   0x00000024   Code   RO         2829    i.USBD_CtlError     usbd_req.o
    0x08002c56   0x00000022   Code   RO         2979    i.USBD_CtlReceiveStatus  usbd_ioreq.o
    0x08002c78   0x00000020   Code   RO         2980    i.USBD_CtlSendData  usbd_ioreq.o
    0x08002c98   0x00000022   Code   RO         2981    i.USBD_CtlSendStatus  usbd_ioreq.o
    0x08002cba   0x00000096   Code   RO         2895    i.USBD_DataInStage  usbd_core.o
    0x08002d50   0x00000074   Code   RO         2896    i.USBD_DataOutStage  usbd_core.o
    0x08002dc4   0x00000124   Code   RO         2830    i.USBD_GetDescriptor  usbd_req.o
    0x08002ee8   0x00000010   Code   RO         2982    i.USBD_GetRxCount   usbd_ioreq.o
    0x08002ef8   0x0000004a   Code   RO         2831    i.USBD_GetString    usbd_req.o
    0x08002f42   0x00000036   Code   RO         2898    i.USBD_Init         usbd_core.o
    0x08002f78   0x0000000e   Code   RO         2899    i.USBD_IsoINIncomplete  usbd_core.o
    0x08002f86   0x0000000e   Code   RO         2900    i.USBD_IsoOUTIncomplete  usbd_core.o
    0x08002f94   0x0000000a   Code   RO         3172    i.USBD_MSC_DataIn   usbd_msc_core.o
    0x08002f9e   0x0000000a   Code   RO         3173    i.USBD_MSC_DataOut  usbd_msc_core.o
    0x08002fa8   0x0000001c   Code   RO         3174    i.USBD_MSC_DeInit   usbd_msc_core.o
    0x08002fc4   0x0000000c   Code   RO         3175    i.USBD_MSC_GetCfgDesc  usbd_msc_core.o
    0x08002fd0   0x0000000c   Code   RO         3176    i.USBD_MSC_GetOtherCfgDesc  usbd_msc_core.o
    0x08002fdc   0x00000036   Code   RO         3177    i.USBD_MSC_Init     usbd_msc_core.o
    0x08003012   0x00000002   PAD
    0x08003014   0x000000d0   Code   RO         3178    i.USBD_MSC_Setup    usbd_msc_core.o
    0x080030e4   0x0000008c   Code   RO         3246    i.USBD_OTG_EP1IN_ISR_Handler  usb_dcd_int.o
    0x08003170   0x00000058   Code   RO         3247    i.USBD_OTG_EP1OUT_ISR_Handler  usb_dcd_int.o
    0x080031c8   0x00000180   Code   RO         3248    i.USBD_OTG_ISR_Handler  usb_dcd_int.o
    0x08003348   0x00000044   Code   RO         2832    i.USBD_ParseSetupRequest  usbd_req.o
    0x0800338c   0x0000002e   Code   RO         2901    i.USBD_Reset        usbd_core.o
    0x080033ba   0x00000016   Code   RO         2902    i.USBD_Resume       usbd_core.o
    0x080033d0   0x00000010   Code   RO         2903    i.USBD_SOF          usbd_core.o
    0x080033e0   0x0000001a   Code   RO         2904    i.USBD_SetCfg       usbd_core.o
    0x080033fa   0x00000002   PAD
    0x080033fc   0x00000078   Code   RO         2833    i.USBD_SetConfig    usbd_req.o
    0x08003474   0x00000070   Code   RO         2834    i.USBD_SetFeature   usbd_req.o
    0x080034e4   0x00000048   Code   RO         2905    i.USBD_SetupStage   usbd_core.o
    0x0800352c   0x000000f4   Code   RO         2835    i.USBD_StdDevReq    usbd_req.o
    0x08003620   0x000000d8   Code   RO         2836    i.USBD_StdEPReq     usbd_req.o
    0x080036f8   0x00000038   Code   RO         2837    i.USBD_StdItfReq    usbd_req.o
    0x08003730   0x00000014   Code   RO         2906    i.USBD_Suspend      usbd_core.o
    0x08003744   0x00000020   Code   RO          438    i.USBD_USR_ConfigStrDescriptor  usbd_desc.o
    0x08003764   0x00000030   Code   RO          300    i.USBD_USR_DeviceConfigured  usbd_usr.o
    0x08003794   0x0000000c   Code   RO          439    i.USBD_USR_DeviceDescriptor  usbd_desc.o
    0x080037a0   0x0000008c   Code   RO          301    i.USBD_USR_DeviceReset  usbd_usr.o
    0x0800382c   0x00000002   Code   RO          302    i.USBD_USR_DeviceResumed  usbd_usr.o
    0x0800382e   0x00000002   PAD
    0x08003830   0x00000030   Code   RO          303    i.USBD_USR_DeviceSuspended  usbd_usr.o
    0x08003860   0x000000f4   Code   RO          304    i.USBD_USR_Init     usbd_usr.o
    0x08003954   0x00000024   Code   RO          440    i.USBD_USR_InterfaceStrDescriptor  usbd_desc.o
    0x08003978   0x0000000c   Code   RO          441    i.USBD_USR_LangIDStrDescriptor  usbd_desc.o
    0x08003984   0x00000028   Code   RO          442    i.USBD_USR_ManufacturerStrDescriptor  usbd_desc.o
    0x080039ac   0x0000004c   Code   RO          443    i.USBD_USR_ProductStrDescriptor  usbd_desc.o
    0x080039f8   0x0000003c   Code   RO          444    i.USBD_USR_SerialStrDescriptor  usbd_desc.o
    0x08003a34   0x00000068   Code   RO          267    i.USB_OTG_BSP_EnableInterrupt  usb_bsp.o
    0x08003a9c   0x00000138   Code   RO          268    i.USB_OTG_BSP_Init  usb_bsp.o
    0x08003bd4   0x0000000a   Code   RO          269    i.USB_OTG_BSP_mDelay  usb_bsp.o
    0x08003bde   0x00000010   Code   RO          270    i.USB_OTG_BSP_uDelay  usb_bsp.o
    0x08003bee   0x000000da   Code   RO         3295    i.USB_OTG_CoreInit  usb_core.o
    0x08003cc8   0x00000148   Code   RO         3296    i.USB_OTG_CoreInitDev  usb_core.o
    0x08003e10   0x00000058   Code   RO         3297    i.USB_OTG_CoreReset  usb_core.o
    0x08003e68   0x00000010   Code   RO         3298    i.USB_OTG_DisableGlobalInt  usb_core.o
    0x08003e78   0x0000003a   Code   RO         3299    i.USB_OTG_EP0Activate  usb_core.o
    0x08003eb2   0x000000b0   Code   RO         3300    i.USB_OTG_EP0StartXfer  usb_core.o
    0x08003f62   0x00000002   PAD
    0x08003f64   0x00000024   Code   RO         3301    i.USB_OTG_EP0_OutStart  usb_core.o
    0x08003f88   0x00000068   Code   RO         3302    i.USB_OTG_EPActivate  usb_core.o
    0x08003ff0   0x00000032   Code   RO         3303    i.USB_OTG_EPClearStall  usb_core.o
    0x08004022   0x0000004c   Code   RO         3304    i.USB_OTG_EPDeactivate  usb_core.o
    0x0800406e   0x00000030   Code   RO         3305    i.USB_OTG_EPSetStall  usb_core.o
    0x0800409e   0x00000126   Code   RO         3306    i.USB_OTG_EPStartXfer  usb_core.o
    0x080041c4   0x00000044   Code   RO         3307    i.USB_OTG_EnableDevInt  usb_core.o
    0x08004208   0x00000010   Code   RO         3308    i.USB_OTG_EnableGlobalInt  usb_core.o
    0x08004218   0x00000038   Code   RO         3309    i.USB_OTG_FlushRxFifo  usb_core.o
    0x08004250   0x00000040   Code   RO         3310    i.USB_OTG_FlushTxFifo  usb_core.o
    0x08004290   0x00000026   Code   RO         3311    i.USB_OTG_GetDeviceSpeed  usb_core.o
    0x080042b6   0x0000000c   Code   RO         3314    i.USB_OTG_InitDevSpeed  usb_core.o
    0x080042c2   0x00000014   Code   RO         3315    i.USB_OTG_IsDeviceMode  usb_core.o
    0x080042d6   0x0000000a   Code   RO         3317    i.USB_OTG_ReadCoreItr  usb_core.o
    0x080042e0   0x0000000c   Code   RO         3318    i.USB_OTG_ReadDevAllInEPItr  usb_core.o
    0x080042ec   0x0000000c   Code   RO         3319    i.USB_OTG_ReadDevAllOutEp_itr  usb_core.o
    0x080042f8   0x00000010   Code   RO         3320    i.USB_OTG_ReadDevOutEP_itr  usb_core.o
    0x08004308   0x00000020   Code   RO         3322    i.USB_OTG_ReadPacket  usb_core.o
    0x08004328   0x000000c4   Code   RO         3323    i.USB_OTG_SelectCore  usb_core.o
    0x080043ec   0x0000002a   Code   RO         3324    i.USB_OTG_SetCurrentMode  usb_core.o
    0x08004416   0x00000028   Code   RO         3328    i.USB_OTG_WritePacket  usb_core.o
    0x0800443e   0x00000002   Code   RO          170    i.UsageFault_Handler  stm32fxxx_it.o
    0x08004440   0x00000010   Code   RO         3595    i.__0printf$bare    mc_w.l(printfb.o)
    0x08004450   0x0000000e   Code   RO         3895    i.__scatterload_copy  mc_w.l(handlers.o)
    0x0800445e   0x00000002   Code   RO         3896    i.__scatterload_null  mc_w.l(handlers.o)
    0x08004460   0x0000000e   Code   RO         3897    i.__scatterload_zeroinit  mc_w.l(handlers.o)
    0x0800446e   0x00000022   Code   RO         3602    i._printf_core      mc_w.l(printfb.o)
    0x08004490   0x0000001c   Code   RO          760    i.delay_ms          stm322xg_eval_lcd.o
    0x080044ac   0x000000f4   Code   RO          655    i.fputc             lcd_log.o
    0x080045a0   0x0000004c   Code   RO            1    i.main              app.o
    0x080045ec   0x00000024   Data   RO          386    .constdata          usbd_storage_msd.o
    0x08004610   0x00000050   Data   RO          561    .constdata          stm32_eval.o
    0x08004660   0x000011d0   Data   RO          761    .constdata          stm322xg_eval_lcd.o
    0x08005830   0x00000900   Data   RO          762    .constdata          stm322xg_eval_lcd.o
    0x08006130   0x00000900   Data   RO          763    .constdata          stm322xg_eval_lcd.o
    0x08006a30   0x00000007   Data   RO         3227    .constdata          usbd_msc_data.o
    0x08006a37   0x00000008   Data   RO         3228    .constdata          usbd_msc_data.o
    0x08006a3f   0x00000008   Data   RO         3229    .constdata          usbd_msc_data.o
    0x08006a47   0x00000001   PAD
    0x08006a48   0x00000020   Data   RO         3893    Region$$Table       anon$$obj.o


    Execution Region RW_IRAM1 (Base: 0x20000000, Size: 0x00001ef0, Max: 0x00020000, ABSOLUTE, COMPRESSED[0x00000100])

    Base Addr    Size         Type   Attr      Idx    E Section Name        Object

    0x20000000   0x0000001c   Data   RW          305    .data               usbd_usr.o
    0x2000001c   0x00000020   Data   RW          387    .data               usbd_storage_msd.o
    0x2000003c   0x00000004   Data   RW          388    .data               usbd_storage_msd.o
    0x20000040   0x00000001   Data   RW          390    .data               usbd_storage_msd.o
    0x20000041   0x00000003   PAD
    0x20000044   0x0000001c   Data   RW          445    .data               usbd_desc.o
    0x20000060   0x00000016   Data   RW          446    .data               usbd_desc.o
    0x20000076   0x00000002   PAD
    0x20000078   0x0000000a   Data   RW          447    .data               usbd_desc.o
    0x20000082   0x00000002   PAD
    0x20000084   0x0000002c   Data   RW          562    .data               stm32_eval.o
    0x200000b0   0x00000012   Data   RW          657    .data               lcd_log.o
    0x200000c2   0x00000002   PAD
    0x200000c4   0x00000014   Data   RW          765    .data               stm322xg_eval_lcd.o
    0x200000d8   0x00000008   Data   RW          766    .data               stm322xg_eval_lcd.o
    0x200000e0   0x00000008   Data   RW          767    .data               stm322xg_eval_lcd.o
    0x200000e8   0x00000014   Data   RW          993    .data               stm32_eval_sdio_sd.o
    0x200000fc   0x00000010   Data   RW         2839    .data               usbd_req.o
    0x2000010c   0x0000002c   Data   RW         2907    .data               usbd_core.o
    0x20000138   0x00000004   Data   RW         2908    .data               usbd_core.o
    0x2000013c   0x00000018   Data   RW         3035    .data               usbd_msc_scsi.o
    0x20000154   0x00000004   Data   RW         3112    .data               usbd_msc_bot.o
    0x20000158   0x00000030   Data   RW         3179    .data               usbd_msc_core.o
    0x20000188   0x00000048   Data   RW         3180    .data               usbd_msc_core.o
    0x200001d0   0x00000004   Data   RW         3869    .data               mc_w.l(stdout.o)
    0x200001d4   0x000005f0   Zero   RW            2    .bss                app.o
    0x200007c4   0x000001d4   Zero   RW          656    .bss                lcd_log.o
    0x20000998   0x000000c4   Zero   RW          992    .bss                stm32_eval_sdio_sd.o
    0x20000a5c   0x00000040   Zero   RW         2838    .bss                usbd_req.o
    0x20000a9c   0x00000020   Zero   RW         3034    .bss                usbd_msc_scsi.o
    0x20000abc   0x00001030   Zero   RW         3111    .bss                usbd_msc_bot.o
    0x20001aec   0x00000004   PAD
    0x20001af0   0x00000400   Zero   RW          538    STACK               startup_stm32f2xx.o


==============================================================================

Image component sizes


      Code (inc. data)   RO Data    RW Data    ZI Data      Debug   Object Name

        76         16          0          0       1520     277753   app.o
         0          0          0          0          0         32   core_cm3.o
       704         34          0         18        468       6529   lcd_log.o
       120         18          0          0          0       1759   misc.o
        36          8        388          0       1024        928   startup_stm32f2xx.o
      1502         80       9168         36          0      13942   stm322xg_eval_lcd.o
       560         54         80         44          0       6009   stm32_eval.o
      2980        150          0         20        196      25782   stm32_eval_sdio_sd.o
       512         50          0          0          0       5793   stm32f2xx_dma.o
       224          4          0          0          0       2149   stm32f2xx_fsmc.o
       170          0          0          0          0       2739   stm32f2xx_gpio.o
        96         24          0          0          0       2660   stm32f2xx_rcc.o
       324         76          0          0          0      11035   stm32f2xx_sdio.o
        58         18          0          0          0      13530   stm32fxxx_it.o
       212         32          0          0          0       1569   system_stm32f2xx.o
       442         14          0          0          0       2659   usb_bsp.o
      2126         26          0          0          0      21608   usb_core.o
       506          0          0          0          0       6987   usb_dcd.o
      1422         42          0          0          0       8542   usb_dcd_int.o
       564          0          0         48          0       9984   usbd_core.o
       268        156          0         60          0       5524   usbd_desc.o
       152          0          0          0          0       4622   usbd_ioreq.o
       592         84          0          4       4144       8657   usbd_msc_bot.o
       334         18          0        120          0       6086   usbd_msc_core.o
         0          0         23          0          0        949   usbd_msc_data.o
      1372        176          0         24         32      13013   usbd_msc_scsi.o
      1218         52          0         16         64       9027   usbd_req.o
       212         10         36         37          0       6037   usbd_storage_msd.o
       482        338          0         28          0       2632   usbd_usr.o

    ----------------------------------------------------------------------
     17284       1480       9728        464       7452     478536   Object Totals
         0          0         32          0          0          0   (incl. Generated)
        20          0          1          9          4          0   (incl. Padding)

    ----------------------------------------------------------------------

      Code (inc. data)   RO Data    RW Data    ZI Data      Debug   Library Member Name

        92          0          0          0          0          0   __dczerorl2.o
         0          0          0          0          0          0   entry.o
         8          4          0          0          0          0   entry2.o
         4          0          0          0          0          0   entry5.o
         0          0          0          0          0          0   entry7b.o
         8          4          0          0          0          0   entry8.o
        30          0          0          0          0          0   handlers.o
        36          8          0          0          0         68   init.o
        50          8          0          0          0        152   printfb.o
         0          0          0          4          0          0   stdout.o

    ----------------------------------------------------------------------
       228         24          0          4          0        220   Library Totals
         0          0          0          0          0          0   (incl. Padding)

    ----------------------------------------------------------------------

      Code (inc. data)   RO Data    RW Data    ZI Data      Debug   Library Name

       228         24          0          4          0        220   mc_w.l

    ----------------------------------------------------------------------
       228         24          0          4          0        220   Library Totals

    ----------------------------------------------------------------------

==============================================================================


      Code (inc. data)   RO Data    RW Data    ZI Data      Debug   

     17512       1504       9728        468       7452     467732   Grand Totals
     17512       1504       9728        256       7452     467732   ELF Image Totals (compressed)
     17512       1504       9728        256          0          0   ROM Totals

==============================================================================

    Total RO  Size (Code + RO Data)                27240 (  26.60kB)
    Total RW  Size (RW Data + ZI Data)              7920 (   7.73kB)
    Total ROM Size (Code + RO Data + RW Data)      27496 (  26.85kB)

==============================================================================

