ARM Linker, 4.1 [Build 894] [Standard]

==============================================================================

Section Cross References

    app.o(i.main) refers to usbd_core.o(i.USBD_Init) for USBD_Init
    app.o(i.main) refers to stm32_eval.o(i.STM_EVAL_LEDToggle) for STM_EVAL_LEDToggle
    app.o(i.main) refers to usbd_usr.o(.data) for USR_FS_cb
    app.o(i.main) refers to usbd_hid_core.o(.data) for USBD_HID_cb
    app.o(i.main) refers to usbd_hid_desc.o(.data) for USR_HID_desc
    app.o(i.main) refers to app.o(.bss) for .bss
    app.o(i.main) refers to usbd_usr.o(.data) for USR_HS_cb
    app.o(i.main) refers to usbd_msc_core.o(.data) for USBD_MSC_cb
    app.o(i.main) refers to usbd_msc_desc.o(.data) for USR_MSC_desc
    usb_bsp.o(i.USB_OTG_BSP_EnableInterrupt) refers to misc.o(i.NVIC_PriorityGroupConfig) for NVIC_PriorityGroupConfig
    usb_bsp.o(i.USB_OTG_BSP_EnableInterrupt) refers to misc.o(i.NVIC_Init) for NVIC_Init
    usb_bsp.o(i.USB_OTG_BSP_Init) refers to stm32f2xx_rcc.o(i.RCC_AHB1PeriphClockCmd) for RCC_AHB1PeriphClockCmd
    usb_bsp.o(i.USB_OTG_BSP_Init) refers to stm32f2xx_gpio.o(i.GPIO_Init) for GPIO_Init
    usb_bsp.o(i.USB_OTG_BSP_Init) refers to stm32f2xx_gpio.o(i.GPIO_PinAFConfig) for GPIO_PinAFConfig
    usb_bsp.o(i.USB_OTG_BSP_Init) refers to stm32f2xx_rcc.o(i.RCC_APB2PeriphClockCmd) for RCC_APB2PeriphClockCmd
    usb_bsp.o(i.USB_OTG_BSP_Init) refers to stm32f2xx_rcc.o(i.RCC_AHB2PeriphClockCmd) for RCC_AHB2PeriphClockCmd
    usb_bsp.o(i.USB_OTG_BSP_Init) refers to stm32f2xx_rcc.o(i.RCC_APB1PeriphResetCmd) for RCC_APB1PeriphResetCmd
    usb_bsp.o(i.USB_OTG_BSP_Init) refers to stm32_eval.o(i.STM_EVAL_PBInit) for STM_EVAL_PBInit
    usb_bsp.o(i.USB_OTG_BSP_Init) refers to stm32f2xx_exti.o(i.EXTI_ClearITPendingBit) for EXTI_ClearITPendingBit
    usb_bsp.o(i.USB_OTG_BSP_mDelay) refers to usb_bsp.o(i.USB_OTG_BSP_uDelay) for USB_OTG_BSP_uDelay
    usbd_usr.o(i.USBD_USR_FS_DeviceConfigured) refers to printfb.o(i.__0printf$bare) for __2printf
    usbd_usr.o(i.USBD_USR_FS_DeviceConfigured) refers to lcd_log.o(.data) for LCD_LineColor
    usbd_usr.o(i.USBD_USR_FS_DeviceSuspended) refers to printfb.o(i.__0printf$bare) for __2printf
    usbd_usr.o(i.USBD_USR_FS_DeviceSuspended) refers to lcd_log.o(.data) for LCD_LineColor
    usbd_usr.o(i.USBD_USR_FS_Init) refers to stm322xg_eval_ioe.o(i.IOE_Config) for IOE_Config
    usbd_usr.o(i.USBD_USR_FS_Init) refers to stm32_eval.o(i.STM_EVAL_LEDInit) for STM_EVAL_LEDInit
    usbd_usr.o(i.USBD_USR_FS_Init) refers to stm322xg_eval_lcd.o(i.STM322xG_LCD_Init) for STM322xG_LCD_Init
    usbd_usr.o(i.USBD_USR_FS_Init) refers to lcd_log.o(i.LCD_LOG_Init) for LCD_LOG_Init
    usbd_usr.o(i.USBD_USR_FS_Init) refers to lcd_log.o(i.LCD_LOG_SetHeader) for LCD_LOG_SetHeader
    usbd_usr.o(i.USBD_USR_FS_Init) refers to printfb.o(i.__0printf$bare) for __2printf
    usbd_usr.o(i.USBD_USR_FS_Init) refers to lcd_log.o(i.LCD_LOG_SetFooter) for LCD_LOG_SetFooter
    usbd_usr.o(i.USBD_USR_FS_Init) refers to stm322xg_eval_lcd.o(i.LCD_SetTextColor) for LCD_SetTextColor
    usbd_usr.o(i.USBD_USR_FS_Init) refers to stm322xg_eval_lcd.o(i.LCD_DisplayStringLine) for LCD_DisplayStringLine
    usbd_usr.o(i.USBD_USR_FS_Init) refers to system_stm32f2xx.o(.data) for SystemCoreClock
    usbd_usr.o(i.USBD_USR_FS_Init) refers to lcd_log.o(.data) for LCD_LineColor
    usbd_usr.o(i.USBD_USR_HS_DeviceConfigured) refers to printfb.o(i.__0printf$bare) for __2printf
    usbd_usr.o(i.USBD_USR_HS_DeviceConfigured) refers to lcd_log.o(.data) for LCD_LineColor
    usbd_usr.o(i.USBD_USR_HS_DeviceReset) refers to lcd_log.o(i.LCD_LOG_SetFooter) for LCD_LOG_SetFooter
    usbd_usr.o(i.USBD_USR_HS_DeviceSuspended) refers to printfb.o(i.__0printf$bare) for __2printf
    usbd_usr.o(i.USBD_USR_HS_DeviceSuspended) refers to lcd_log.o(.data) for LCD_LineColor
    usbd_usr.o(.data) refers to usbd_usr.o(i.USBD_USR_FS_Init) for USBD_USR_FS_Init
    usbd_usr.o(.data) refers to usbd_usr.o(i.USBD_USR_FS_DeviceReset) for USBD_USR_FS_DeviceReset
    usbd_usr.o(.data) refers to usbd_usr.o(i.USBD_USR_FS_DeviceConfigured) for USBD_USR_FS_DeviceConfigured
    usbd_usr.o(.data) refers to usbd_usr.o(i.USBD_USR_FS_DeviceSuspended) for USBD_USR_FS_DeviceSuspended
    usbd_usr.o(.data) refers to usbd_usr.o(i.USBD_USR_FS_DeviceResumed) for USBD_USR_FS_DeviceResumed
    usbd_usr.o(.data) refers to usbd_usr.o(i.USBD_USR_HS_Init) for USBD_USR_HS_Init
    usbd_usr.o(.data) refers to usbd_usr.o(i.USBD_USR_HS_DeviceReset) for USBD_USR_HS_DeviceReset
    usbd_usr.o(.data) refers to usbd_usr.o(i.USBD_USR_HS_DeviceConfigured) for USBD_USR_HS_DeviceConfigured
    usbd_usr.o(.data) refers to usbd_usr.o(i.USBD_USR_HS_DeviceSuspended) for USBD_USR_HS_DeviceSuspended
    usbd_usr.o(.data) refers to usbd_usr.o(i.USBD_USR_HS_DeviceResumed) for USBD_USR_HS_DeviceResumed
    stm32f2xx_it.o(i.EXTI15_10_IRQHandler) refers to stm32f2xx_exti.o(i.EXTI_GetITStatus) for EXTI_GetITStatus
[...]
    USBD_HID_Setup                           0x08003359   Thumb Code   162  usbd_hid_core.o(i.USBD_HID_Setup)
    i.USBD_Init                              0x08003400   Section        0  usbd_core.o(i.USBD_Init)
    i.USBD_IsoINIncomplete                   0x08003436   Section        0  usbd_core.o(i.USBD_IsoINIncomplete)
    USBD_IsoINIncomplete                     0x08003437   Thumb Code    14  usbd_core.o(i.USBD_IsoINIncomplete)
    i.USBD_IsoOUTIncomplete                  0x08003444   Section        0  usbd_core.o(i.USBD_IsoOUTIncomplete)
    USBD_IsoOUTIncomplete                    0x08003445   Thumb Code    14  usbd_core.o(i.USBD_IsoOUTIncomplete)
    i.USBD_MSC_ConfigStrDescriptor           0x08003454   Section        0  usbd_msc_desc.o(i.USBD_MSC_ConfigStrDescriptor)
    i.USBD_MSC_DataIn                        0x08003474   Section        0  usbd_msc_core.o(i.USBD_MSC_DataIn)
    i.USBD_MSC_DataOut                       0x0800347e   Section        0  usbd_msc_core.o(i.USBD_MSC_DataOut)
    i.USBD_MSC_DeInit                        0x08003488   Section        0  usbd_msc_core.o(i.USBD_MSC_DeInit)
    i.USBD_MSC_DeviceDescriptor              0x080034a4   Section        0  usbd_msc_desc.o(i.USBD_MSC_DeviceDescriptor)
    i.USBD_MSC_GetCfgDesc                    0x080034b0   Section        0  usbd_msc_core.o(i.USBD_MSC_GetCfgDesc)
    i.USBD_MSC_GetOtherCfgDesc               0x080034bc   Section        0  usbd_msc_core.o(i.USBD_MSC_GetOtherCfgDesc)
    i.USBD_MSC_Init                          0x080034c8   Section        0  usbd_msc_core.o(i.USBD_MSC_Init)
    i.USBD_MSC_InterfaceStrDescriptor        0x08003500   Section        0  usbd_msc_desc.o(i.USBD_MSC_InterfaceStrDescriptor)
    i.USBD_MSC_LangIDStrDescriptor           0x08003524   Section        0  usbd_msc_desc.o(i.USBD_MSC_LangIDStrDescriptor)
    i.USBD_MSC_ManufacturerStrDescriptor     0x08003530   Section        0  usbd_msc_desc.o(i.USBD_MSC_ManufacturerStrDescriptor)
    i.USBD_MSC_ProductStrDescriptor          0x08003558   Section        0  usbd_msc_desc.o(i.USBD_MSC_ProductStrDescriptor)
    i.USBD_MSC_SerialStrDescriptor           0x080035a4   Section        0  usbd_msc_desc.o(i.USBD_MSC_SerialStrDescriptor)
    i.USBD_MSC_Setup                         0x080035e0   Section        0  usbd_msc_core.o(i.USBD_MSC_Setup)
    i.USBD_OTG_EP1IN_ISR_Handler             0x080036b0   Section        0  usb_dcd_int.o(i.USBD_OTG_EP1IN_ISR_Handler)
    i.USBD_OTG_EP1OUT_ISR_Handler            0x0800373c   Section        0  usb_dcd_int.o(i.USBD_OTG_EP1OUT_ISR_Handler)
    i.USBD_OTG_ISR_Handler                   0x08003794   Section        0  usb_dcd_int.o(i.USBD_OTG_ISR_Handler)
    i.USBD_ParseSetupRequest                 0x08003914   Section        0  usbd_req.o(i.USBD_ParseSetupRequest)
    i.USBD_Reset                             0x08003958   Section        0  usbd_core.o(i.USBD_Reset)
    USBD_Reset                               0x08003959   Thumb Code    46  usbd_core.o(i.USBD_Reset)
    i.USBD_Resume                            0x08003986   Section        0  usbd_core.o(i.USBD_Resume)
    USBD_Resume                              0x08003987   Thumb Code    22  usbd_core.o(i.USBD_Resume)
    i.USBD_SOF                               0x0800399c   Section        0  usbd_core.o(i.USBD_SOF)
    USBD_SOF                                 0x0800399d   Thumb Code    16  usbd_core.o(i.USBD_SOF)
    i.USBD_SetCfg                            0x080039ac   Section        0  usbd_core.o(i.USBD_SetCfg)
    i.USBD_SetConfig                         0x080039c8   Section        0  usbd_req.o(i.USBD_SetConfig)
    USBD_SetConfig                           0x080039c9   Thumb Code   114  usbd_req.o(i.USBD_SetConfig)
    i.USBD_SetFeature                        0x08003a40   Section        0  usbd_req.o(i.USBD_SetFeature)
    USBD_SetFeature                          0x08003a41   Thumb Code   112  usbd_req.o(i.USBD_SetFeature)
    i.USBD_SetupStage                        0x08003ab0   Section        0  usbd_core.o(i.USBD_SetupStage)
    USBD_SetupStage                          0x08003ab1   Thumb Code    72  usbd_core.o(i.USBD_SetupStage)
    i.USBD_StdDevReq                         0x08003af8   Section        0  usbd_req.o(i.USBD_StdDevReq)
    i.USBD_StdEPReq                          0x08003bec   Section        0  usbd_req.o(i.USBD_StdEPReq)
    i.USBD_StdItfReq                         0x08003cc4   Section        0  usbd_req.o(i.USBD_StdItfReq)
    i.USBD_Suspend                           0x08003cfc   Section        0  usbd_core.o(i.USBD_Suspend)
    USBD_Suspend                             0x08003cfd   Thumb Code    20  usbd_core.o(i.USBD_Suspend)
    i.USBD_USR_FS_DeviceConfigured           0x08003d10   Section        0  usbd_usr.o(i.USBD_USR_FS_DeviceConfigured)
    i.USBD_USR_FS_DeviceReset                0x08003d40   Section        0  usbd_usr.o(i.USBD_USR_FS_DeviceReset)
    i.USBD_USR_FS_DeviceResumed              0x08003d42   Section        0  usbd_usr.o(i.USBD_USR_FS_DeviceResumed)
    i.USBD_USR_FS_DeviceSuspended            0x08003d44   Section        0  usbd_usr.o(i.USBD_USR_FS_DeviceSuspended)
    i.USBD_USR_FS_Init                       0x08003d78   Section        0  usbd_usr.o(i.USBD_USR_FS_Init)
    i.USBD_USR_HS_DeviceConfigured           0x08003ea0   Section        0  usbd_usr.o(i.USBD_USR_HS_DeviceConfigured)
    i.USBD_USR_HS_DeviceReset                0x08003ed0   Section        0  usbd_usr.o(i.USBD_USR_HS_DeviceReset)
    i.USBD_USR_HS_DeviceResumed              0x08003f5c   Section        0  usbd_usr.o(i.USBD_USR_HS_DeviceResumed)
    i.USBD_USR_HS_DeviceSuspended            0x08003f60   Section        0  usbd_usr.o(i.USBD_USR_HS_DeviceSuspended)
    i.USBD_USR_HS_Init                       0x08003f94   Section        0  usbd_usr.o(i.USBD_USR_HS_Init)
    i.USB_OTG_ActiveRemoteWakeup             0x08003f96   Section        0  usb_core.o(i.USB_OTG_ActiveRemoteWakeup)
    i.USB_OTG_BSP_EnableInterrupt            0x08003fd8   Section        0  usb_bsp.o(i.USB_OTG_BSP_EnableInterrupt)
    i.USB_OTG_BSP_Init                       0x0800405c   Section        0  usb_bsp.o(i.USB_OTG_BSP_Init)
    i.USB_OTG_BSP_mDelay                     0x08004230   Section        0  usb_bsp.o(i.USB_OTG_BSP_mDelay)
    i.USB_OTG_BSP_uDelay                     0x0800423a   Section        0  usb_bsp.o(i.USB_OTG_BSP_uDelay)
    i.USB_OTG_CoreInit                       0x08004250   Section        0  usb_core.o(i.USB_OTG_CoreInit)
    i.USB_OTG_CoreInitDev                    0x0800432a   Section        0  usb_core.o(i.USB_OTG_CoreInitDev)
    i.USB_OTG_CoreReset                      0x080044c8   Section        0  usb_core.o(i.USB_OTG_CoreReset)
    USB_OTG_CoreReset                        0x080044c9   Thumb Code    84  usb_core.o(i.USB_OTG_CoreReset)
    i.USB_OTG_DisableGlobalInt               0x08004520   Section        0  usb_core.o(i.USB_OTG_DisableGlobalInt)
    i.USB_OTG_EP0Activate                    0x08004530   Section        0  usb_core.o(i.USB_OTG_EP0Activate)
    i.USB_OTG_EP0StartXfer                   0x0800456a   Section        0  usb_core.o(i.USB_OTG_EP0StartXfer)
    i.USB_OTG_EP0_OutStart                   0x0800461c   Section        0  usb_core.o(i.USB_OTG_EP0_OutStart)
    i.USB_OTG_EPActivate                     0x08004640   Section        0  usb_core.o(i.USB_OTG_EPActivate)
    i.USB_OTG_EPClearStall                   0x080046a8   Section        0  usb_core.o(i.USB_OTG_EPClearStall)
    i.USB_OTG_EPDeactivate                   0x080046da   Section        0  usb_core.o(i.USB_OTG_EPDeactivate)
    i.USB_OTG_EPSetStall                     0x08004726   Section        0  usb_core.o(i.USB_OTG_EPSetStall)
    i.USB_OTG_EPStartXfer                    0x08004756   Section        0  usb_core.o(i.USB_OTG_EPStartXfer)
    i.USB_OTG_EnableDevInt                   0x0800487c   Section        0  usb_core.o(i.USB_OTG_EnableDevInt)
    i.USB_OTG_EnableGlobalInt                0x080048c0   Section        0  usb_core.o(i.USB_OTG_EnableGlobalInt)
    i.USB_OTG_FlushRxFifo                    0x080048d0   Section        0  usb_core.o(i.USB_OTG_FlushRxFifo)
    i.USB_OTG_FlushTxFifo                    0x08004908   Section        0  usb_core.o(i.USB_OTG_FlushTxFifo)
    i.USB_OTG_GetDeviceSpeed                 0x08004948   Section        0  usb_core.o(i.USB_OTG_GetDeviceSpeed)
    i.USB_OTG_InitDevSpeed                   0x0800496e   Section        0  usb_core.o(i.USB_OTG_InitDevSpeed)
    i.USB_OTG_IsDeviceMode                   0x0800497a   Section        0  usb_core.o(i.USB_OTG_IsDeviceMode)
    i.USB_OTG_ReadCoreItr                    0x0800498e   Section        0  usb_core.o(i.USB_OTG_ReadCoreItr)
    i.USB_OTG_ReadDevAllInEPItr              0x08004998   Section        0  usb_core.o(i.USB_OTG_ReadDevAllInEPItr)
    i.USB_OTG_ReadDevAllOutEp_itr            0x080049a4   Section        0  usb_core.o(i.USB_OTG_ReadDevAllOutEp_itr)
    i.USB_OTG_ReadDevOutEP_itr               0x080049b0   Section        0  usb_core.o(i.USB_OTG_ReadDevOutEP_itr)
    i.USB_OTG_ReadPacket                     0x080049c0   Section        0  usb_core.o(i.USB_OTG_ReadPacket)
    i.USB_OTG_SelectCore                     0x080049e0   Section        0  usb_core.o(i.USB_OTG_SelectCore)
    i.USB_OTG_SetCurrentMode                 0x08004aa4   Section        0  usb_core.o(i.USB_OTG_SetCurrentMode)
    i.USB_OTG_WritePacket                    0x08004ace   Section        0  usb_core.o(i.USB_OTG_WritePacket)
    i.UsageFault_Handler                     0x08004af6   Section        0  stm32f2xx_it.o(i.UsageFault_Handler)
    i.__0printf$bare                         0x08004af8   Section        0  printfb.o(i.__0printf$bare)
    i.__scatterload_copy                     0x08004b08   Section       14  handlers.o(i.__scatterload_copy)
    i.__scatterload_null                     0x08004b16   Section        2  handlers.o(i.__scatterload_null)
    i.__scatterload_zeroinit                 0x08004b18   Section       14  handlers.o(i.__scatterload_zeroinit)
    i._printf_core                           0x08004b26   Section        0  printfb.o(i._printf_core)
    _printf_core                             0x08004b27   Thumb Code    34  printfb.o(i._printf_core)
    i.delay_ms                               0x08004b48   Section        0  stm322xg_eval_lcd.o(i.delay_ms)
    i.fputc                                  0x08004b64   Section        0  lcd_log.o(i.fputc)
    i.main                                   0x08004c58   Section        0  app.o(i.main)
    .constdata                               0x08004cc4   Section       36  usbd_storage_msd.o(.constdata)
    .constdata                               0x08004ce8   Section       80  stm32_eval.o(.constdata)
    .constdata                               0x08004d38   Section     4560  stm322xg_eval_lcd.o(.constdata)
    .constdata                               0x08005f08   Section     2304  stm322xg_eval_lcd.o(.constdata)
    .constdata                               0x08006808   Section     2304  stm322xg_eval_lcd.o(.constdata)
    .constdata                               0x08007108   Section        7  usbd_msc_data.o(.constdata)
    .constdata                               0x0800710f   Section        8  usbd_msc_data.o(.constdata)
    .constdata                               0x08007117   Section        8  usbd_msc_data.o(.constdata)
    .data                                    0x20000000   Section       28  usbd_usr.o(.data)
    .data                                    0x2000001c   Section       28  usbd_usr.o(.data)
    .data                                    0x20000038   Section        4  stm32f2xx_it.o(.data)
    HID_Buffer                               0x20000038   Data           4  stm32f2xx_it.o(.data)
    .data                                    0x2000003c   Section       32  usbd_storage_msd.o(.data)
    .data                                    0x2000005c   Section        4  usbd_storage_msd.o(.data)
    .data                                    0x20000060   Section        1  usbd_storage_msd.o(.data)
    last_status                              0x20000060   Data           1  usbd_storage_msd.o(.data)
    .data                                    0x20000064   Section       28  usbd_hid_desc.o(.data)
    .data                                    0x20000080   Section       28  usbd_msc_desc.o(.data)
    .data                                    0x2000009c   Section       22  usbd_msc_desc.o(.data)
    .data                                    0x200000b4   Section       10  usbd_msc_desc.o(.data)
    .data                                    0x200000c0   Section       20  system_stm32f2xx.o(.data)
    .data                                    0x200000d4   Section       44  stm32_eval.o(.data)
    .data                                    0x20000100   Section       18  lcd_log.o(.data)
    .data                                    0x20000114   Section       20  stm322xg_eval_lcd.o(.data)
    LCD_Currentfonts                         0x2000011c   Data           4  stm322xg_eval_lcd.o(.data)
    .data                                    0x20000128   Section        8  stm322xg_eval_lcd.o(.data)
    .data                                    0x20000130   Section        8  stm322xg_eval_lcd.o(.data)
    .data                                    0x20000138   Section       20  stm32_eval_sdio_sd.o(.data)
    CardType                                 0x2000013c   Data           4  stm32_eval_sdio_sd.o(.data)
    RCA                                      0x20000140   Data           4  stm32_eval_sdio_sd.o(.data)
    .data                                    0x2000014c   Section       16  usbd_req.o(.data)
    cfgidx                                   0x2000014c   Data           1  usbd_req.o(.data)
    .data                                    0x2000015c   Section       44  usbd_core.o(.data)
    .data                                    0x20000188   Section        4  usbd_core.o(.data)
    .data                                    0x2000018c   Section       48  usbd_hid_core.o(.data)
    .data                                    0x200001bc   Section      122  usbd_hid_core.o(.data)
    USBD_HID_AltSet                          0x200001bc   Data           4  usbd_hid_core.o(.data)
    USBD_HID_Protocol                        0x200001c0   Data           4  usbd_hid_core.o(.data)
    USBD_HID_IdleState                       0x200001c4   Data           4  usbd_hid_core.o(.data)
    USBD_HID_CfgDesc                         0x200001c8   Data          34  usbd_hid_core.o(.data)
    HID_MOUSE_ReportDesc                     0x200001ec   Data          74  usbd_hid_core.o(.data)
    .data                                    0x20000238   Section       24  usbd_msc_scsi.o(.data)
    .data                                    0x20000250   Section        4  usbd_msc_bot.o(.data)
    .data                                    0x20000254   Section       48  usbd_msc_core.o(.data)
    .data                                    0x20000284   Section       72  usbd_msc_core.o(.data)
    USBD_MSC_MaxLun                          0x20000284   Data           1  usbd_msc_core.o(.data)
    USBD_MSC_AltSet                          0x20000288   Data           1  usbd_msc_core.o(.data)
    .data                                    0x200002cc   Section        4  stdout.o(.data)
    .bss                                     0x200002d0   Section     3040  app.o(.bss)
    .bss                                     0x20000eb0   Section      468  lcd_log.o(.bss)
    .bss                                     0x20001084   Section      196  stm32_eval_sdio_sd.o(.bss)
    CSD_Tab                                  0x20001084   Data          16  stm32_eval_sdio_sd.o(.bss)
    CID_Tab                                  0x20001094   Data          16  stm32_eval_sdio_sd.o(.bss)
    SDSTATUS_Tab                             0x200010a4   Data          16  stm32_eval_sdio_sd.o(.bss)
    .bss                                     0x20001148   Section       64  usbd_req.o(.bss)
    .bss                                     0x20001188   Section       32  usbd_msc_scsi.o(.bss)
    .bss                                     0x200011a8   Section     4144  usbd_msc_bot.o(.bss)
    STACK                                    0x200021d8   Section     1024  startup_stm32f2xx.o(STACK)

    Global Symbols

    Symbol Name                              Value     Ov Type        Size  Object(Section)

    BuildAttributes$$THM_ISAv4$P$D$K$B$S$PE$A:L22UL41UL21$X:L11$S22US41US21$IEEE1$IW$USESV6$~STKCKD$USESV7$~SHL$OSPACE$ROPI$EBA8$MICROLIB$REQ8$PRES8$EABIv2 0x00000000   Number         0  anon$$obj.o ABSOLUTE
    __ARM_use_no_argv                        0x00000000   Number         0  app.o ABSOLUTE
    _clock_init                               - Undefined Weak Reference
    __Vectors_Size                           0x00000184   Number         0  startup_stm32f2xx.o ABSOLUTE
    __Vectors                                0x08000000   Data           4  startup_stm32f2xx.o(RESET)
    __Vectors_End                            0x08000184   Data           0  startup_stm32f2xx.o(RESET)
    __main                                   0x08000185   Thumb Code     0  entry.o(.ARM.Collect$$$$00000000)
    _main_stk                                0x08000185   Thumb Code     0  entry2.o(.ARM.Collect$$$$00000001)
    _main_scatterload                        0x08000189   Thumb Code     0  entry5.o(.ARM.Collect$$$$00000004)
    __main_after_scatterload                 0x0800018d   Thumb Code     0  entry5.o(.ARM.Collect$$$$00000004)
    _main_clock                              0x0800018d   Thumb Code     0  entry7b.o(.ARM.Collect$$$$00000008)
    _main_init                               0x0800018d   Thumb Code     0  entry8.o(.ARM.Collect$$$$00000009)
    Reset_Handler                            0x08000199   Thumb Code     8  startup_stm32f2xx.o(.text)
    ADC_IRQHandler                           0x080001b3   Thumb Code     0  startup_stm32f2xx.o(.text)
    CAN1_RX0_IRQHandler                      0x080001b3   Thumb Code     0  startup_stm32f2xx.o(.text)
    CAN1_RX1_IRQHandler                      0x080001b3   Thumb Code     0  startup_stm32f2xx.o(.text)
    CAN1_SCE_IRQHandler                      0x080001b3   Thumb Code     0  startup_stm32f2xx.o(.text)
    CAN1_TX_IRQHandler                       0x080001b3   Thumb Code     0  startup_stm32f2xx.o(.text)
    CAN2_RX0_IRQHandler                      0x080001b3   Thumb Code     0  startup_stm32f2xx.o(.text)
    CAN2_RX1_IRQHandler                      0x080001b3   Thumb Code     0  startup_stm32f2xx.o(.text)
    CAN2_SCE_IRQHandler                      0x080001b3   Thumb Code     0  startup_stm32f2xx.o(.text)
    CAN2_TX_IRQHandler                       0x080001b3   Thumb Code     0  startup_stm32f2xx.o(.text)
    CRYP_IRQHandler                          0x080001b3   Thumb Code     0  startup_stm32f2xx.o(.text)
    DCMI_IRQHandler                          0x080001b3   Thumb Code     0  startup_stm32f2xx.o(.text)
    DMA1_Stream0_IRQHandler                  0x080001b3   Thumb Code     0  startup_stm32f2xx.o(.text)
    DMA1_Stream1_IRQHandler                  0x080001b3   Thumb Code     0  startup_stm32f2xx.o(.text)
    DMA1_Stream2_IRQHandler                  0x080001b3   Thumb Code     0  startup_stm32f2xx.o(.text)
    DMA1_Stream3_IRQHandler                  0x080001b3   Thumb Code     0  startup_stm32f2xx.o(.text)
    DMA1_Stream4_IRQHandler                  0x080001b3   Thumb Code     0  startup_stm32f2xx.o(.text)
    DMA1_Stream5_IRQHandler                  0x080001b3   Thumb Code     0  startup_stm32f2xx.o(.text)
    DMA1_Stream6_IRQHandler                  0x080001b3   Thumb Code     0  startup_stm32f2xx.o(.text)
    DMA1_Stream7_IRQHandler                  0x080001b3   Thumb Code     0  startup_stm32f2xx.o(.text)
    DMA2_Stream0_IRQHandler                  0x080001b3   Thumb Code     0  startup_stm32f2xx.o(.text)
    DMA2_Stream1_IRQHandler                  0x080001b3   Thumb Code     0  startup_stm32f2xx.o(.text)
    DMA2_Stream2_IRQHandler                  0x080001b3   Thumb Code     0  startup_stm32f2xx.o(.text)
    DMA2_Stream3_IRQHandler                  0x080001b3   Thumb Code     0  startup_stm32f2xx.o(.text)
    DMA2_Stream4_IRQHandler                  0x080001b3   Thumb Code     0  startup_stm32f2xx.o(.text)
    DMA2_Stream5_IRQHandler                  0x080001b3   Thumb Code     0  startup_stm32f2xx.o(.text)
    DMA2_Stream6_IRQHandler                  0x080001b3   Thumb Code     0  startup_stm32f2xx.o(.text)
    DMA2_Stream7_IRQHandler                  0x080001b3   Thumb Code     0  startup_stm32f2xx.o(.text)
    ETH_IRQHandler                           0x080001b3   Thumb Code     0  startup_stm32f2xx.o(.text)
    ETH_WKUP_IRQHandler                      0x080001b3   Thumb Code     0  startup_stm32f2xx.o(.text)
    EXTI0_IRQHandler                         0x080001b3   Thumb Code     0  startup_stm32f2xx.o(.text)
    EXTI1_IRQHandler                         0x080001b3   Thumb Code     0  startup_stm32f2xx.o(.text)
    EXTI2_IRQHandler                         0x080001b3   Thumb Code     0  startup_stm32f2xx.o(.text)
    EXTI3_IRQHandler                         0x080001b3   Thumb Code     0  startup_stm32f2xx.o(.text)
    EXTI4_IRQHandler                         0x080001b3   Thumb Code     0  startup_stm32f2xx.o(.text)
    EXTI9_5_IRQHandler                       0x080001b3   Thumb Code     0  startup_stm32f2xx.o(.text)
    FLASH_IRQHandler                         0x080001b3   Thumb Code     0  startup_stm32f2xx.o(.text)
    FSMC_IRQHandler                          0x080001b3   Thumb Code     0  startup_stm32f2xx.o(.text)
    HASH_RNG_IRQHandler                      0x080001b3   Thumb Code     0  startup_stm32f2xx.o(.text)
    I2C1_ER_IRQHandler                       0x080001b3   Thumb Code     0  startup_stm32f2xx.o(.text)
    I2C1_EV_IRQHandler                       0x080001b3   Thumb Code     0  startup_stm32f2xx.o(.text)
    I2C2_ER_IRQHandler                       0x080001b3   Thumb Code     0  startup_stm32f2xx.o(.text)
    I2C2_EV_IRQHandler                       0x080001b3   Thumb Code     0  startup_stm32f2xx.o(.text)
    I2C3_ER_IRQHandler                       0x080001b3   Thumb Code     0  startup_stm32f2xx.o(.text)
    I2C3_EV_IRQHandler                       0x080001b3   Thumb Code     0  startup_stm32f2xx.o(.text)
    OTG_HS_WKUP_IRQHandler                   0x080001b3   Thumb Code     0  startup_stm32f2xx.o(.text)
    PVD_IRQHandler                           0x080001b3   Thumb Code     0  startup_stm32f2xx.o(.text)
    RCC_IRQHandler                           0x080001b3   Thumb Code     0  startup_stm32f2xx.o(.text)
    RTC_Alarm_IRQHandler                     0x080001b3   Thumb Code     0  startup_stm32f2xx.o(.text)
    RTC_WKUP_IRQHandler                      0x080001b3   Thumb Code     0  startup_stm32f2xx.o(.text)
    SPI1_IRQHandler                          0x080001b3   Thumb Code     0  startup_stm32f2xx.o(.text)
    SPI2_IRQHandler                          0x080001b3   Thumb Code     0  startup_stm32f2xx.o(.text)
    SPI3_IRQHandler                          0x080001b3   Thumb Code     0  startup_stm32f2xx.o(.text)
    TAMP_STAMP_IRQHandler                    0x080001b3   Thumb Code     0  startup_stm32f2xx.o(.text)
    TIM1_BRK_TIM9_IRQHandler                 0x080001b3   Thumb Code     0  startup_stm32f2xx.o(.text)
    TIM1_CC_IRQHandler                       0x080001b3   Thumb Code     0  startup_stm32f2xx.o(.text)
    TIM1_TRG_COM_TIM11_IRQHandler            0x080001b3   Thumb Code     0  startup_stm32f2xx.o(.text)
    TIM1_UP_TIM10_IRQHandler                 0x080001b3   Thumb Code     0  startup_stm32f2xx.o(.text)
    TIM2_IRQHandler                          0x080001b3   Thumb Code     0  startup_stm32f2xx.o(.text)
    TIM3_IRQHandler                          0x080001b3   Thumb Code     0  startup_stm32f2xx.o(.text)
    TIM4_IRQHandler                          0x080001b3   Thumb Code     0  startup_stm32f2xx.o(.text)
    TIM5_IRQHandler                          0x080001b3   Thumb Code     0  startup_stm32f2xx.o(.text)
    TIM6_DAC_IRQHandler                      0x080001b3   Thumb Code     0  startup_stm32f2xx.o(.text)
    TIM7_IRQHandler                          0x080001b3   Thumb Code     0  startup_stm32f2xx.o(.text)
    TIM8_BRK_TIM12_IRQHandler                0x080001b3   Thumb Code     0  startup_stm32f2xx.o(.text)
    TIM8_CC_IRQHandler                       0x080001b3   Thumb Code     0  startup_stm32f2xx.o(.text)
    TIM8_TRG_COM_TIM14_IRQHandler            0x080001b3   Thumb Code     0  startup_stm32f2xx.o(.text)
    TIM8_UP_TIM13_IRQHandler                 0x080001b3   Thumb Code     0  startup_stm32f2xx.o(.text)
    UART4_IRQHandler                         0x080001b3   Thumb Code     0  startup_stm32f2xx.o(.text)
    UART5_IRQHandler                         0x080001b3   Thumb Code     0  startup_stm32f2xx.o(.text)
    USART1_IRQHandler                        0x080001b3   Thumb Code     0  startup_stm32f2xx.o(.text)
    USART2_IRQHandler                        0x080001b3   Thumb Code     0  startup_stm32f2xx.o(.text)
    USART3_IRQHandler                        0x080001b3   Thumb Code     0  startup_stm32f2xx.o(.text)
    USART6_IRQHandler                        0x080001b3   Thumb Code     0  startup_stm32f2xx.o(.text)
    WWDG_IRQHandler                          0x080001b3   Thumb Code     0  startup_stm32f2xx.o(.text)
    __scatterload                            0x080001bd   Thumb Code    28  init.o(.text)
    __scatterload_rt2                        0x080001bd   Thumb Code     0  init.o(.text)
    __decompress                             0x080001e1   Thumb Code     0  __dczerorl2.o(.text)
    __decompress1                            0x080001e1   Thumb Code    92  __dczerorl2.o(.text)
    BusFault_Handler                         0x0800023d   Thumb Code     2  stm32f2xx_it.o(i.BusFault_Handler)
    DCD_EP_Close                             0x0800030d   Thumb Code    44  usb_dcd.o(i.DCD_EP_Close)
    DCD_EP_ClrStall                          0x08000339   Thumb Code    56  usb_dcd.o(i.DCD_EP_ClrStall)
    DCD_EP_Flush                             0x08000371   Thumb Code    24  usb_dcd.o(i.DCD_EP_Flush)
    DCD_EP_Open                              0x08000389   Thumb Code    60  usb_dcd.o(i.DCD_EP_Open)
    DCD_EP_PrepareRx                         0x080003c5   Thumb Code    58  usb_dcd.o(i.DCD_EP_PrepareRx)
    DCD_EP_SetAddress                        0x080003ff   Thumb Code    16  usb_dcd.o(i.DCD_EP_SetAddress)
    DCD_EP_Stall                             0x0800040f   Thumb Code    56  usb_dcd.o(i.DCD_EP_Stall)
    DCD_EP_Tx                                0x08000447   Thumb Code    54  usb_dcd.o(i.DCD_EP_Tx)
    DCD_Init                                 0x0800072d   Thumb Code   138  usb_dcd.o(i.DCD_Init)
    DMA_ClearFlag                            0x08000831   Thumb Code    32  stm32f2xx_dma.o(i.DMA_ClearFlag)
    DMA_Cmd                                  0x0800085d   Thumb Code    20  stm32f2xx_dma.o(i.DMA_Cmd)
    DMA_DeInit                               0x08000871   Thumb Code   270  stm32f2xx_dma.o(i.DMA_DeInit)
    DMA_FlowControllerConfig                 0x08000995   Thumb Code    20  stm32f2xx_dma.o(i.DMA_FlowControllerConfig)
    DMA_GetFlagStatus                        0x080009a9   Thumb Code    40  stm32f2xx_dma.o(i.DMA_GetFlagStatus)
    DMA_Init                                 0x080009dd   Thumb Code    80  stm32f2xx_dma.o(i.DMA_Init)
    DebugMon_Handler                         0x08000a31   Thumb Code     2  stm32f2xx_it.o(i.DebugMon_Handler)
    EXTI15_10_IRQHandler                     0x08000a35   Thumb Code    34  stm32f2xx_it.o(i.EXTI15_10_IRQHandler)
    EXTI_ClearITPendingBit                   0x08000a5d   Thumb Code     6  stm32f2xx_exti.o(i.EXTI_ClearITPendingBit)
    EXTI_GetITStatus                         0x08000a69   Thumb Code    28  stm32f2xx_exti.o(i.EXTI_GetITStatus)
    EXTI_Init                                0x08000a89   Thumb Code   108  stm32f2xx_exti.o(i.EXTI_Init)
    FSMC_NORSRAMCmd                          0x08000af9   Thumb Code    28  stm32f2xx_fsmc.o(i.FSMC_NORSRAMCmd)
    FSMC_NORSRAMInit                         0x08000b19   Thumb Code   192  stm32f2xx_fsmc.o(i.FSMC_NORSRAMInit)
    GPIO_Init                                0x08000d0d   Thumb Code   124  stm32f2xx_gpio.o(i.GPIO_Init)
    GPIO_PinAFConfig                         0x08000d89   Thumb Code    32  stm32f2xx_gpio.o(i.GPIO_PinAFConfig)
    GPIO_ReadInputDataBit                    0x08000da9   Thumb Code    14  stm32f2xx_gpio.o(i.GPIO_ReadInputDataBit)
    HardFault_Handler                        0x08000db7   Thumb Code     2  stm32f2xx_it.o(i.HardFault_Handler)
    IOE_Config                               0x08000db9   Thumb Code    62  stm322xg_eval_ioe.o(i.IOE_Config)
    IOE_JoyStickGetState                     0x08000e01   Thumb Code    48  stm322xg_eval_ioe.o(i.IOE_JoyStickGetState)
    LCD_Clear                                0x08000e39   Thumb Code    40  stm322xg_eval_lcd.o(i.LCD_Clear)
    LCD_ClearLine                            0x08000e65   Thumb Code    44  stm322xg_eval_lcd.o(i.LCD_ClearLine)
    LCD_CtrlLinesConfig                      0x08000e95   Thumb Code   308  stm322xg_eval_lcd.o(i.LCD_CtrlLinesConfig)
    LCD_DisplayChar                          0x08000fd5   Thumb Code    26  stm322xg_eval_lcd.o(i.LCD_DisplayChar)
    LCD_DisplayStringLine                    0x08000ff5   Thumb Code    52  stm322xg_eval_lcd.o(i.LCD_DisplayStringLine)
    LCD_DrawChar                             0x0800102d   Thumb Code   118  stm322xg_eval_lcd.o(i.LCD_DrawChar)
    LCD_FSMCConfig                           0x080010ad   Thumb Code    78  stm322xg_eval_lcd.o(i.LCD_FSMCConfig)
    LCD_GetFont                              0x080010fd   Thumb Code     6  stm322xg_eval_lcd.o(i.LCD_GetFont)
    LCD_LOG_DeInit                           0x08001109   Thumb Code    34  lcd_log.o(i.LCD_LOG_DeInit)
    LCD_LOG_Init                             0x08001131   Thumb Code    16  lcd_log.o(i.LCD_LOG_Init)
    LCD_LOG_SetFooter                        0x08001141   Thumb Code   100  lcd_log.o(i.LCD_LOG_SetFooter)
    LCD_LOG_SetHeader                        0x080011a5   Thumb Code   134  lcd_log.o(i.LCD_LOG_SetHeader)
    LCD_ReadReg                              0x080012d5   Thumb Code    12  stm322xg_eval_lcd.o(i.LCD_ReadReg)
    LCD_SetBackColor                         0x080012e5   Thumb Code     6  stm322xg_eval_lcd.o(i.LCD_SetBackColor)
    LCD_SetCursor                            0x080012f1   Thumb Code    24  stm322xg_eval_lcd.o(i.LCD_SetCursor)
    LCD_SetFont                              0x08001309   Thumb Code     6  stm322xg_eval_lcd.o(i.LCD_SetFont)
    LCD_SetTextColor                         0x08001315   Thumb Code     6  stm322xg_eval_lcd.o(i.LCD_SetTextColor)
    LCD_WriteReg                             0x08001321   Thumb Code    12  stm322xg_eval_lcd.o(i.LCD_WriteReg)
    MSC_BOT_CplClrFeature                    0x0800142d   Thumb Code    40  usbd_msc_bot.o(i.MSC_BOT_CplClrFeature)
    MSC_BOT_DataIn                           0x08001459   Thumb Code    56  usbd_msc_bot.o(i.MSC_BOT_DataIn)
    MSC_BOT_DataOut                          0x08001499   Thumb Code    56  usbd_msc_bot.o(i.MSC_BOT_DataOut)
    MSC_BOT_DeInit                           0x080014d9   Thumb Code     8  usbd_msc_bot.o(i.MSC_BOT_DeInit)
    MSC_BOT_Init                             0x080014e5   Thumb Code    54  usbd_msc_bot.o(i.MSC_BOT_Init)
    MSC_BOT_Reset                            0x08001529   Thumb Code    20  usbd_msc_bot.o(i.MSC_BOT_Reset)
    MSC_BOT_SendCSW                          0x08001545   Thumb Code    46  usbd_msc_bot.o(i.MSC_BOT_SendCSW)
    MemManage_Handler                        0x08001581   Thumb Code     2  stm32f2xx_it.o(i.MemManage_Handler)
    NMI_Handler                              0x08001583   Thumb Code     2  stm32f2xx_it.o(i.NMI_Handler)
    NVIC_Init                                0x08001585   Thumb Code    92  misc.o(i.NVIC_Init)
    NVIC_PriorityGroupConfig                 0x080015e9   Thumb Code    10  misc.o(i.NVIC_PriorityGroupConfig)
    OTG_FS_IRQHandler                        0x080015fd   Thumb Code     6  stm32f2xx_it.o(i.OTG_FS_IRQHandler)
    OTG_FS_WKUP_IRQHandler                   0x08001609   Thumb Code     8  stm32f2xx_it.o(i.OTG_FS_WKUP_IRQHandler)
    OTG_HS_EP1_IN_IRQHandler                 0x08001611   Thumb Code     6  stm32f2xx_it.o(i.OTG_HS_EP1_IN_IRQHandler)
    OTG_HS_EP1_OUT_IRQHandler                0x0800161d   Thumb Code     6  stm32f2xx_it.o(i.OTG_HS_EP1_OUT_IRQHandler)
    OTG_HS_IRQHandler                        0x08001629   Thumb Code     6  stm32f2xx_it.o(i.OTG_HS_IRQHandler)
    PendSV_Handler                           0x08001635   Thumb Code     2  stm32f2xx_it.o(i.PendSV_Handler)
    RCC_AHB1PeriphClockCmd                   0x08001639   Thumb Code    18  stm32f2xx_rcc.o(i.RCC_AHB1PeriphClockCmd)
    RCC_AHB2PeriphClockCmd                   0x08001651   Thumb Code    18  stm32f2xx_rcc.o(i.RCC_AHB2PeriphClockCmd)
    RCC_AHB3PeriphClockCmd                   0x08001669   Thumb Code    18  stm32f2xx_rcc.o(i.RCC_AHB3PeriphClockCmd)
    RCC_APB1PeriphResetCmd                   0x08001681   Thumb Code    18  stm32f2xx_rcc.o(i.RCC_APB1PeriphResetCmd)
    RCC_APB2PeriphClockCmd                   0x08001699   Thumb Code    18  stm32f2xx_rcc.o(i.RCC_APB2PeriphClockCmd)
    RCC_APB2PeriphResetCmd                   0x080016b1   Thumb Code    18  stm32f2xx_rcc.o(i.RCC_APB2PeriphResetCmd)
    SCSI_ProcessCmd                          0x080016ed   Thumb Code   302  usbd_msc_scsi.o(i.SCSI_ProcessCmd)
    SCSI_SenseCode                           0x08001b35   Thumb Code    36  usbd_msc_scsi.o(i.SCSI_SenseCode)
    SDIO_ClearFlag                           0x08001ce5   Thumb Code     6  stm32f2xx_sdio.o(i.SDIO_ClearFlag)
    SDIO_ClearITPendingBit                   0x08001cf1   Thumb Code     6  stm32f2xx_sdio.o(i.SDIO_ClearITPendingBit)
    SDIO_ClockCmd                            0x08001cfd   Thumb Code     6  stm32f2xx_sdio.o(i.SDIO_ClockCmd)
    SDIO_DMACmd                              0x08001d09   Thumb Code     6  stm32f2xx_sdio.o(i.SDIO_DMACmd)
    SDIO_DataConfig                          0x08001d15   Thumb Code    42  stm32f2xx_sdio.o(i.SDIO_DataConfig)
    SDIO_DeInit                              0x08001d45   Thumb Code    24  stm32f2xx_sdio.o(i.SDIO_DeInit)
    SDIO_GetCommandResponse                  0x08001d5d   Thumb Code     8  stm32f2xx_sdio.o(i.SDIO_GetCommandResponse)
    SDIO_GetFlagStatus                       0x08001d69   Thumb Code    16  stm32f2xx_sdio.o(i.SDIO_GetFlagStatus)
    SDIO_GetPowerState                       0x08001d7d   Thumb Code    10  stm32f2xx_sdio.o(i.SDIO_GetPowerState)
    SDIO_GetResponse                         0x08001d8d   Thumb Code     6  stm32f2xx_sdio.o(i.SDIO_GetResponse)
    SDIO_IRQHandler                          0x08001d99   Thumb Code     4  stm32f2xx_it.o(i.SDIO_IRQHandler)
    SDIO_ITConfig                            0x08001d9d   Thumb Code    18  stm32f2xx_sdio.o(i.SDIO_ITConfig)
    SDIO_Init                                0x08001db5   Thumb Code    40  stm32f2xx_sdio.o(i.SDIO_Init)
    SDIO_ReadData                            0x08001de1   Thumb Code     6  stm32f2xx_sdio.o(i.SDIO_ReadData)
    SDIO_SendCommand                         0x08001ded   Thumb Code    36  stm32f2xx_sdio.o(i.SDIO_SendCommand)
    SDIO_SetPowerState                       0x08001e15   Thumb Code    18  stm32f2xx_sdio.o(i.SDIO_SetPowerState)
    SD_DMAEndOfTransferStatus                0x08001e2d   Thumb Code    10  stm32_eval.o(i.SD_DMAEndOfTransferStatus)
    SD_Detect                                0x08001e3d   Thumb Code    20  stm32_eval_sdio_sd.o(i.SD_Detect)
    SD_EnableWideBusOperation                0x08001e55   Thumb Code   108  stm32_eval_sdio_sd.o(i.SD_EnableWideBusOperation)
    SD_GetCardInfo                           0x08001ec9   Thumb Code   606  stm32_eval_sdio_sd.o(i.SD_GetCardInfo)
    SD_GetState                              0x08002131   Thumb Code    34  stm32_eval_sdio_sd.o(i.SD_GetState)
    SD_GetStatus                             0x08002153   Thumb Code    26  stm32_eval_sdio_sd.o(i.SD_GetStatus)
    SD_Init                                  0x0800216d   Thumb Code    92  stm32_eval_sdio_sd.o(i.SD_Init)
    SD_InitializeCards                       0x080021cd   Thumb Code   246  stm32_eval_sdio_sd.o(i.SD_InitializeCards)
    SD_LowLevel_DMA_RxConfig                 0x080022cd   Thumb Code   116  stm32_eval.o(i.SD_LowLevel_DMA_RxConfig)
    SD_LowLevel_DMA_TxConfig                 0x08002349   Thumb Code   118  stm32_eval.o(i.SD_LowLevel_DMA_TxConfig)
    SD_LowLevel_Init                         0x080023c9   Thumb Code   180  stm32_eval.o(i.SD_LowLevel_Init)
    SD_PowerON                               0x08002489   Thumb Code   436  stm32_eval_sdio_sd.o(i.SD_PowerON)
    SD_ProcessIRQSrc                         0x0800264d   Thumb Code    58  stm32_eval_sdio_sd.o(i.SD_ProcessIRQSrc)
    SD_ReadMultiBlocks                       0x08002691   Thumb Code   174  stm32_eval_sdio_sd.o(i.SD_ReadMultiBlocks)
    SD_SelectDeselect                        0x0800274d   Thumb Code    40  stm32_eval_sdio_sd.o(i.SD_SelectDeselect)
    SD_SendStatus                            0x08002779   Thumb Code    42  stm32_eval_sdio_sd.o(i.SD_SendStatus)
    SD_WaitReadOperation                     0x080027ad   Thumb Code    36  stm32_eval_sdio_sd.o(i.SD_WaitReadOperation)
    SD_WaitWriteOperation                    0x080027d5   Thumb Code    44  stm32_eval_sdio_sd.o(i.SD_WaitWriteOperation)
    SD_WriteMultiBlocks                      0x08002805   Thumb Code   204  stm32_eval_sdio_sd.o(i.SD_WriteMultiBlocks)
    STM322xG_LCD_Init                        0x080028dd   Thumb Code   656  stm322xg_eval_lcd.o(i.STM322xG_LCD_Init)
    STM_EVAL_LEDInit                         0x08002b75   Thumb Code    62  stm32_eval.o(i.STM_EVAL_LEDInit)
    STM_EVAL_LEDToggle                       0x08002bbd   Thumb Code    20  stm32_eval.o(i.STM_EVAL_LEDToggle)
    STM_EVAL_PBInit                          0x08002bd9   Thumb Code   150  stm32_eval.o(i.STM_EVAL_PBInit)
    STORAGE_GetCapacity                      0x08002c79   Thumb Code    36  usbd_storage_msd.o(i.STORAGE_GetCapacity)
    STORAGE_GetMaxLun                        0x08002ca1   Thumb Code     4  usbd_storage_msd.o(i.STORAGE_GetMaxLun)
    STORAGE_Init                             0x08002ca5   Thumb Code    44  usbd_storage_msd.o(i.STORAGE_Init)
    STORAGE_IsReady                          0x08002cd1   Thumb Code    38  usbd_storage_msd.o(i.STORAGE_IsReady)
    STORAGE_IsWriteProtected                 0x08002cfd   Thumb Code     4  usbd_storage_msd.o(i.STORAGE_IsWriteProtected)
    STORAGE_Read                             0x08002d01   Thumb Code    38  usbd_storage_msd.o(i.STORAGE_Read)
    STORAGE_Write                            0x08002d29   Thumb Code    38  usbd_storage_msd.o(i.STORAGE_Write)
    SVC_Handler                              0x08002d4f   Thumb Code     2  stm32f2xx_it.o(i.SVC_Handler)
    SYSCFG_EXTILineConfig                    0x08002d51   Thumb Code    34  stm32f2xx_syscfg.o(i.SYSCFG_EXTILineConfig)
    SysTick_Handler                          0x08002dfd   Thumb Code    84  stm32f2xx_it.o(i.SysTick_Handler)
    SystemInit                               0x08002e59   Thumb Code    62  system_stm32f2xx.o(i.SystemInit)
    USBD_ClrCfg                              0x08002ea9   Thumb Code    14  usbd_core.o(i.USBD_ClrCfg)
    USBD_CtlContinueRx                       0x08002eb7   Thumb Code    18  usbd_ioreq.o(i.USBD_CtlContinueRx)
    USBD_CtlContinueSendData                 0x08002ec9   Thumb Code    18  usbd_ioreq.o(i.USBD_CtlContinueSendData)
    USBD_CtlError                            0x08002edb   Thumb Code    36  usbd_req.o(i.USBD_CtlError)
    USBD_CtlReceiveStatus                    0x08002eff   Thumb Code    34  usbd_ioreq.o(i.USBD_CtlReceiveStatus)
    USBD_CtlSendData                         0x08002f21   Thumb Code    32  usbd_ioreq.o(i.USBD_CtlSendData)
    USBD_CtlSendStatus                       0x08002f41   Thumb Code    34  usbd_ioreq.o(i.USBD_CtlSendStatus)
    USBD_GetRxCount                          0x08003191   Thumb Code    16  usbd_ioreq.o(i.USBD_GetRxCount)
    USBD_GetString                           0x080031a1   Thumb Code    74  usbd_req.o(i.USBD_GetString)
    USBD_HID_ConfigStrDescriptor             0x080031ed   Thumb Code    16  usbd_hid_desc.o(i.USBD_HID_ConfigStrDescriptor)
    USBD_HID_DeviceDescriptor                0x08003231   Thumb Code     8  usbd_hid_desc.o(i.USBD_HID_DeviceDescriptor)
    USBD_HID_InterfaceStrDescriptor          0x08003269   Thumb Code    16  usbd_hid_desc.o(i.USBD_HID_InterfaceStrDescriptor)
    USBD_HID_LangIDStrDescriptor             0x0800328d   Thumb Code     8  usbd_hid_desc.o(i.USBD_HID_LangIDStrDescriptor)
    USBD_HID_ManufacturerStrDescriptor       0x08003299   Thumb Code    16  usbd_hid_desc.o(i.USBD_HID_ManufacturerStrDescriptor)
    USBD_HID_ProductStrDescriptor            0x080032c1   Thumb Code    24  usbd_hid_desc.o(i.USBD_HID_ProductStrDescriptor)
    USBD_HID_SendReport                      0x08003305   Thumb Code    24  usbd_hid_core.o(i.USBD_HID_SendReport)
    USBD_HID_SerialStrDescriptor             0x0800331d   Thumb Code    24  usbd_hid_desc.o(i.USBD_HID_SerialStrDescriptor)
    USBD_Init                                0x08003401   Thumb Code    54  usbd_core.o(i.USBD_Init)
    USBD_MSC_ConfigStrDescriptor             0x08003455   Thumb Code    16  usbd_msc_desc.o(i.USBD_MSC_ConfigStrDescriptor)
    USBD_MSC_DataIn                          0x08003475   Thumb Code    10  usbd_msc_core.o(i.USBD_MSC_DataIn)
    USBD_MSC_DataOut                         0x0800347f   Thumb Code    10  usbd_msc_core.o(i.USBD_MSC_DataOut)
    USBD_MSC_DeInit                          0x08003489   Thumb Code    28  usbd_msc_core.o(i.USBD_MSC_DeInit)
    USBD_MSC_DeviceDescriptor                0x080034a5   Thumb Code     8  usbd_msc_desc.o(i.USBD_MSC_DeviceDescriptor)
    USBD_MSC_GetCfgDesc                      0x080034b1   Thumb Code     8  usbd_msc_core.o(i.USBD_MSC_GetCfgDesc)
    USBD_MSC_GetOtherCfgDesc                 0x080034bd   Thumb Code     8  usbd_msc_core.o(i.USBD_MSC_GetOtherCfgDesc)
    USBD_MSC_Init                            0x080034c9   Thumb Code    54  usbd_msc_core.o(i.USBD_MSC_Init)
    USBD_MSC_InterfaceStrDescriptor          0x08003501   Thumb Code    16  usbd_msc_desc.o(i.USBD_MSC_InterfaceStrDescriptor)
    USBD_MSC_LangIDStrDescriptor             0x08003525   Thumb Code     8  usbd_msc_desc.o(i.USBD_MSC_LangIDStrDescriptor)
    USBD_MSC_ManufacturerStrDescriptor       0x08003531   Thumb Code    16  usbd_msc_desc.o(i.USBD_MSC_ManufacturerStrDescriptor)
    USBD_MSC_ProductStrDescriptor            0x08003559   Thumb Code    24  usbd_msc_desc.o(i.USBD_MSC_ProductStrDescriptor)
    USBD_MSC_SerialStrDescriptor             0x080035a5   Thumb Code    24  usbd_msc_desc.o(i.USBD_MSC_SerialStrDescriptor)
    USBD_MSC_Setup                           0x080035e1   Thumb Code   198  usbd_msc_core.o(i.USBD_MSC_Setup)
    USBD_OTG_EP1IN_ISR_Handler               0x080036b1   Thumb Code   136  usb_dcd_int.o(i.USBD_OTG_EP1IN_ISR_Handler)
    USBD_OTG_EP1OUT_ISR_Handler              0x0800373d   Thumb Code    84  usb_dcd_int.o(i.USBD_OTG_EP1OUT_ISR_Handler)
    USBD_OTG_ISR_Handler                     0x08003795   Thumb Code   376  usb_dcd_int.o(i.USBD_OTG_ISR_Handler)
    USBD_ParseSetupRequest                   0x08003915   Thumb Code    68  usbd_req.o(i.USBD_ParseSetupRequest)
    USBD_SetCfg                              0x080039ad   Thumb Code    26  usbd_core.o(i.USBD_SetCfg)
    USBD_StdDevReq                           0x08003af9   Thumb Code   238  usbd_req.o(i.USBD_StdDevReq)
    USBD_StdEPReq                            0x08003bed   Thumb Code   210  usbd_req.o(i.USBD_StdEPReq)
    USBD_StdItfReq                           0x08003cc5   Thumb Code    56  usbd_req.o(i.USBD_StdItfReq)
    USBD_USR_FS_DeviceConfigured             0x08003d11   Thumb Code    14  usbd_usr.o(i.USBD_USR_FS_DeviceConfigured)
    USBD_USR_FS_DeviceReset                  0x08003d41   Thumb Code     2  usbd_usr.o(i.USBD_USR_FS_DeviceReset)
    USBD_USR_FS_DeviceResumed                0x08003d43   Thumb Code     2  usbd_usr.o(i.USBD_USR_FS_DeviceResumed)
    USBD_USR_FS_DeviceSuspended              0x08003d45   Thumb Code    14  usbd_usr.o(i.USBD_USR_FS_DeviceSuspended)
    USBD_USR_FS_Init                         0x08003d79   Thumb Code   142  usbd_usr.o(i.USBD_USR_FS_Init)
    USBD_USR_HS_DeviceConfigured             0x08003ea1   Thumb Code    14  usbd_usr.o(i.USBD_USR_HS_DeviceConfigured)
    USBD_USR_HS_DeviceReset                  0x08003ed1   Thumb Code    20  usbd_usr.o(i.USBD_USR_HS_DeviceReset)
    USBD_USR_HS_DeviceResumed                0x08003f5d   Thumb Code     2  usbd_usr.o(i.USBD_USR_HS_DeviceResumed)
    USBD_USR_HS_DeviceSuspended              0x08003f61   Thumb Code    14  usbd_usr.o(i.USBD_USR_HS_DeviceSuspended)
    USBD_USR_HS_Init                         0x08003f95   Thumb Code     2  usbd_usr.o(i.USBD_USR_HS_Init)
    USB_OTG_ActiveRemoteWakeup               0x08003f97   Thumb Code    66  usb_core.o(i.USB_OTG_ActiveRemoteWakeup)
    USB_OTG_BSP_EnableInterrupt              0x08003fd9   Thumb Code   130  usb_bsp.o(i.USB_OTG_BSP_EnableInterrupt)
    USB_OTG_BSP_Init                         0x0800405d   Thumb Code   454  usb_bsp.o(i.USB_OTG_BSP_Init)
    USB_OTG_BSP_mDelay                       0x08004231   Thumb Code    10  usb_bsp.o(i.USB_OTG_BSP_mDelay)
    USB_OTG_BSP_uDelay                       0x0800423b   Thumb Code    22  usb_bsp.o(i.USB_OTG_BSP_uDelay)
    USB_OTG_CoreInit                         0x08004251   Thumb Code   218  usb_core.o(i.USB_OTG_CoreInit)
    USB_OTG_CoreInitDev                      0x0800432b   Thumb Code   414  usb_core.o(i.USB_OTG_CoreInitDev)
    USB_OTG_DisableGlobalInt                 0x08004521   Thumb Code    16  usb_core.o(i.USB_OTG_DisableGlobalInt)
    USB_OTG_EP0Activate                      0x08004531   Thumb Code    58  usb_core.o(i.USB_OTG_EP0Activate)
    USB_OTG_EP0StartXfer                     0x0800456b   Thumb Code   176  usb_core.o(i.USB_OTG_EP0StartXfer)
    USB_OTG_EP0_OutStart                     0x0800461d   Thumb Code    32  usb_core.o(i.USB_OTG_EP0_OutStart)
    USB_OTG_EPActivate                       0x08004641   Thumb Code   104  usb_core.o(i.USB_OTG_EPActivate)
    USB_OTG_EPClearStall                     0x080046a9   Thumb Code    50  usb_core.o(i.USB_OTG_EPClearStall)
    USB_OTG_EPDeactivate                     0x080046db   Thumb Code    76  usb_core.o(i.USB_OTG_EPDeactivate)
    USB_OTG_EPSetStall                       0x08004727   Thumb Code    48  usb_core.o(i.USB_OTG_EPSetStall)
    USB_OTG_EPStartXfer                      0x08004757   Thumb Code   294  usb_core.o(i.USB_OTG_EPStartXfer)
    USB_OTG_EnableDevInt                     0x0800487d   Thumb Code    62  usb_core.o(i.USB_OTG_EnableDevInt)
    USB_OTG_EnableGlobalInt                  0x080048c1   Thumb Code    16  usb_core.o(i.USB_OTG_EnableGlobalInt)
    USB_OTG_FlushRxFifo                      0x080048d1   Thumb Code    52  usb_core.o(i.USB_OTG_FlushRxFifo)
    USB_OTG_FlushTxFifo                      0x08004909   Thumb Code    60  usb_core.o(i.USB_OTG_FlushTxFifo)
    USB_OTG_GetDeviceSpeed                   0x08004949   Thumb Code    38  usb_core.o(i.USB_OTG_GetDeviceSpeed)
    USB_OTG_InitDevSpeed                     0x0800496f   Thumb Code    12  usb_core.o(i.USB_OTG_InitDevSpeed)
    USB_OTG_IsDeviceMode                     0x0800497b   Thumb Code    20  usb_core.o(i.USB_OTG_IsDeviceMode)
    USB_OTG_ReadCoreItr                      0x0800498f   Thumb Code    10  usb_core.o(i.USB_OTG_ReadCoreItr)
    USB_OTG_ReadDevAllInEPItr                0x08004999   Thumb Code    12  usb_core.o(i.USB_OTG_ReadDevAllInEPItr)
    USB_OTG_ReadDevAllOutEp_itr              0x080049a5   Thumb Code    12  usb_core.o(i.USB_OTG_ReadDevAllOutEp_itr)
    USB_OTG_ReadDevOutEP_itr                 0x080049b1   Thumb Code    16  usb_core.o(i.USB_OTG_ReadDevOutEP_itr)
    USB_OTG_ReadPacket                       0x080049c1   Thumb Code    32  usb_core.o(i.USB_OTG_ReadPacket)
    USB_OTG_SelectCore                       0x080049e1   Thumb Code   192  usb_core.o(i.USB_OTG_SelectCore)
    USB_OTG_SetCurrentMode                   0x08004aa5   Thumb Code    42  usb_core.o(i.USB_OTG_SetCurrentMode)
    USB_OTG_WritePacket                      0x08004acf   Thumb Code    40  usb_core.o(i.USB_OTG_WritePacket)
    UsageFault_Handler                       0x08004af7   Thumb Code     2  stm32f2xx_it.o(i.UsageFault_Handler)
    __0printf$bare                           0x08004af9   Thumb Code     8  printfb.o(i.__0printf$bare)
    __1printf$bare                           0x08004af9   Thumb Code     0  printfb.o(i.__0printf$bare)
    __2printf                                0x08004af9   Thumb Code     0  printfb.o(i.__0printf$bare)
    __scatterload_copy                       0x08004b09   Thumb Code    14  handlers.o(i.__scatterload_copy)
    __scatterload_null                       0x08004b17   Thumb Code     2  handlers.o(i.__scatterload_null)
    __scatterload_zeroinit                   0x08004b19   Thumb Code    14  handlers.o(i.__scatterload_zeroinit)
    delay_ms                                 0x08004b49   Thumb Code    28  stm322xg_eval_lcd.o(i.delay_ms)
    fputc                                    0x08004b65   Thumb Code   236  lcd_log.o(i.fputc)
    main                                     0x08004c59   Thumb Code    76  app.o(i.main)
    STORAGE_Inquirydata                      0x08004cc4   Data          36  usbd_storage_msd.o(.constdata)
    COM_TX_PIN_SOURCE                        0x08004ce8   Data           1  stm32_eval.o(.constdata)
    COM_RX_PIN_SOURCE                        0x08004ce9   Data           1  stm32_eval.o(.constdata)
    COM_TX_AF                                0x08004cea   Data           1  stm32_eval.o(.constdata)
    COM_RX_AF                                0x08004ceb   Data           1  stm32_eval.o(.constdata)
    COM_TX_PIN                               0x08004cec   Data           2  stm32_eval.o(.constdata)
    COM_RX_PIN                               0x08004cee   Data           2  stm32_eval.o(.constdata)
    BUTTON_PORT_SOURCE                       0x08004cf0   Data           3  stm32_eval.o(.constdata)
    BUTTON_PIN_SOURCE                        0x08004cf3   Data           3  stm32_eval.o(.constdata)
    BUTTON_IRQn                              0x08004cf6   Data           3  stm32_eval.o(.constdata)
    COM_USART_CLK                            0x08004cfc   Data           4  stm32_eval.o(.constdata)
    COM_TX_PORT_CLK                          0x08004d00   Data           4  stm32_eval.o(.constdata)
    COM_RX_PORT_CLK                          0x08004d04   Data           4  stm32_eval.o(.constdata)
    BUTTON_PIN                               0x08004d08   Data           6  stm32_eval.o(.constdata)
    BUTTON_EXTI_LINE                         0x08004d0e   Data           6  stm32_eval.o(.constdata)
    GPIO_PIN                                 0x08004d14   Data           8  stm32_eval.o(.constdata)
    GPIO_CLK                                 0x08004d1c   Data          16  stm32_eval.o(.constdata)
    BUTTON_CLK                               0x08004d2c   Data          12  stm32_eval.o(.constdata)
    ASCII16x24_Table                         0x08004d38   Data        4560  stm322xg_eval_lcd.o(.constdata)
    ASCII12x12_Table                         0x08005f08   Data        2304  stm322xg_eval_lcd.o(.constdata)
    ASCII8x12_Table                          0x08006808   Data        2304  stm322xg_eval_lcd.o(.constdata)
    MSC_Page00_Inquiry_Data                  0x08007108   Data           7  usbd_msc_data.o(.constdata)
    MSC_Mode_Sense6_data                     0x0800710f   Data           8  usbd_msc_data.o(.constdata)
    MSC_Mode_Sense10_data                    0x08007117   Data           8  usbd_msc_data.o(.constdata)
    Region$$Table$$Base                      0x08007120   Number         0  anon$$obj.o(Region$$Table)
    Region$$Table$$Limit                     0x08007140   Number         0  anon$$obj.o(Region$$Table)
    USR_FS_cb                                0x20000000   Data          28  usbd_usr.o(.data)
    USR_HS_cb                                0x2000001c   Data          28  usbd_usr.o(.data)
    USBD_MICRO_SDIO_fops                     0x2000003c   Data          32  usbd_storage_msd.o(.data)
    USBD_STORAGE_fops                        0x2000005c   Data           4  usbd_storage_msd.o(.data)
    USR_HID_desc                             0x20000064   Data          28  usbd_hid_desc.o(.data)
    USR_MSC_desc                             0x20000080   Data          28  usbd_msc_desc.o(.data)
    USBD_LangIDDesc                          0x2000009c   Data           4  usbd_msc_desc.o(.data)
    USBD_DeviceDesc                          0x200000a0   Data          18  usbd_msc_desc.o(.data)
    USBD_DeviceQualifierDesc                 0x200000b4   Data          10  usbd_msc_desc.o(.data)
    SystemCoreClock                          0x200000c0   Data           4  system_stm32f2xx.o(.data)
    AHBPrescTable                            0x200000c4   Data          16  system_stm32f2xx.o(.data)
    COM_USART                                0x200000d4   Data           4  stm32_eval.o(.data)
    COM_TX_PORT                              0x200000d8   Data           4  stm32_eval.o(.data)
    COM_RX_PORT                              0x200000dc   Data           4  stm32_eval.o(.data)
    NVIC_InitStructure                       0x200000e0   Data           4  stm32_eval.o(.data)
    GPIO_PORT                                0x200000e4   Data          16  stm32_eval.o(.data)
    BUTTON_PORT                              0x200000f4   Data          12  stm32_eval.o(.data)
    LCD_CacheBuffer_yptr_invert              0x20000100   Data           1  lcd_log.o(.data)
    LCD_ScrollActive                         0x20000101   Data           1  lcd_log.o(.data)
    LCD_Lock                                 0x20000102   Data           1  lcd_log.o(.data)
    LCD_Scrolled                             0x20000103   Data           1  lcd_log.o(.data)
    LCD_LineColor                            0x20000104   Data           2  lcd_log.o(.data)
    LCD_CacheBuffer_xptr                     0x20000106   Data           2  lcd_log.o(.data)
    LCD_CacheBuffer_yptr_top                 0x20000108   Data           2  lcd_log.o(.data)
    LCD_CacheBuffer_yptr_bottom              0x2000010a   Data           2  lcd_log.o(.data)
    LCD_CacheBuffer_yptr_top_bak             0x2000010c   Data           2  lcd_log.o(.data)
    LCD_CacheBuffer_yptr_bottom_bak          0x2000010e   Data           2  lcd_log.o(.data)
    LCD_ScrollBackStep                       0x20000110   Data           2  lcd_log.o(.data)
    TextColor                                0x20000114   Data           2  stm322xg_eval_lcd.o(.data)
    BackColor                                0x20000116   Data           2  stm322xg_eval_lcd.o(.data)
    lcdid                                    0x20000118   Data           4  stm322xg_eval_lcd.o(.data)
    Font16x24                                0x20000120   Data           8  stm322xg_eval_lcd.o(.data)
    Font12x12                                0x20000128   Data           8  stm322xg_eval_lcd.o(.data)
    Font8x12                                 0x20000130   Data           8  stm322xg_eval_lcd.o(.data)
    TransferError                            0x20000138   Data           1  stm32_eval_sdio_sd.o(.data)
    StopCondition                            0x20000144   Data           4  stm32_eval_sdio_sd.o(.data)
    TransferEnd                              0x20000148   Data           4  stm32_eval_sdio_sd.o(.data)
    USBD_ep_status                           0x20000150   Data           4  usbd_req.o(.data)
    USBD_default_cfg                         0x20000154   Data           4  usbd_req.o(.data)
    USBD_cfg_status                          0x20000158   Data           4  usbd_req.o(.data)
    USBD_DCD_INT_cb                          0x2000015c   Data          44  usbd_core.o(.data)
    USBD_DCD_INT_fops                        0x20000188   Data           4  usbd_core.o(.data)
    USBD_HID_cb                              0x2000018c   Data          48  usbd_hid_core.o(.data)
    SCSI_Sense_Head                          0x20000238   Data           1  usbd_msc_scsi.o(.data)
    SCSI_Sense_Tail                          0x20000239   Data           1  usbd_msc_scsi.o(.data)
    SCSI_blk_size                            0x2000023c   Data           4  usbd_msc_scsi.o(.data)
    SCSI_blk_nbr                             0x20000240   Data           4  usbd_msc_scsi.o(.data)
    SCSI_blk_addr                            0x20000244   Data           4  usbd_msc_scsi.o(.data)
    SCSI_blk_len                             0x20000248   Data           4  usbd_msc_scsi.o(.data)
    cdev                                     0x2000024c   Data           4  usbd_msc_scsi.o(.data)
    MSC_BOT_State                            0x20000250   Data           1  usbd_msc_bot.o(.data)
    MSC_BOT_Status                           0x20000251   Data           1  usbd_msc_bot.o(.data)
    MSC_BOT_DataLen                          0x20000252   Data           2  usbd_msc_bot.o(.data)
    USBD_MSC_cb                              0x20000254   Data          48  usbd_msc_core.o(.data)
    USBD_MSC_CfgDesc                         0x2000028c   Data          32  usbd_msc_core.o(.data)
    USBD_MSC_OtherCfgDesc                    0x200002ac   Data          32  usbd_msc_core.o(.data)
    __stdout                                 0x200002cc   Data           4  stdout.o(.data)
    USB_OTG_FS_dev                           0x200002d0   Data        1520  app.o(.bss)
    USB_OTG_HS_dev                           0x200008c0   Data        1520  app.o(.bss)
    LCD_CacheBuffer                          0x20000eb0   Data         468  lcd_log.o(.bss)
    SDCardInfo                               0x200010b4   Data          80  stm32_eval_sdio_sd.o(.bss)
    SDIO_InitStructure                       0x20001104   Data          24  stm32_eval_sdio_sd.o(.bss)
    SDIO_CmdInitStructure                    0x2000111c   Data          20  stm32_eval_sdio_sd.o(.bss)
    SDIO_DataInitStructure                   0x20001130   Data          24  stm32_eval_sdio_sd.o(.bss)
    USBD_StrDesc                             0x20001148   Data          64  usbd_req.o(.bss)
    SCSI_Sense                               0x20001188   Data          32  usbd_msc_scsi.o(.bss)
    MSC_BOT_Data                             0x200011a8   Data        4096  usbd_msc_bot.o(.bss)
    MSC_BOT_cbw                              0x200021a8   Data          32  usbd_msc_bot.o(.bss)
    MSC_BOT_csw                              0x200021c8   Data          16  usbd_msc_bot.o(.bss)
    __initial_sp                             0x200025d8   Data           0  startup_stm32f2xx.o(STACK)



==============================================================================

Memory Map of the image

  Image Entry point : 0x08000185

  Load Region LR_IROM1 (Base: 0x08000000, Size: 0x00007410, Max: 0x00100000, ABSOLUTE, COMPRESSED[0x000072f0])

    Execution Region ER_IROM1 (Base: 0x08000000, Size: 0x00007140, Max: 0x00100000, ABSOLUTE)

    Base Addr    Size         Type   Attr      Idx    E Section Name        Object

    0x08000000   0x00000184   Data   RO          629    RESET               startup_stm32f2xx.o
    0x08000184   0x00000000   Code   RO         3764  * .ARM.Collect$$$$00000000  mc_w.l(entry.o)
    0x08000184   0x00000004   Code   RO         4035    .ARM.Collect$$$$00000001  mc_w.l(entry2.o)
    0x08000188   0x00000004   Code   RO         4038    .ARM.Collect$$$$00000004  mc_w.l(entry5.o)
    0x0800018c   0x00000000   Code   RO         4040    .ARM.Collect$$$$00000008  mc_w.l(entry7b.o)
    0x0800018c   0x00000008   Code   RO         4041    .ARM.Collect$$$$00000009  mc_w.l(entry8.o)
    0x08000194   0x00000004   Code   RO         4036    .ARM.Collect$$$$00002712  mc_w.l(entry2.o)
    0x08000198   0x00000024   Code   RO          630    .text               startup_stm32f2xx.o
    0x080001bc   0x00000024   Code   RO         4058    .text               mc_w.l(init.o)
    0x080001e0   0x0000005c   Code   RO         4074    .text               mc_w.l(__dczerorl2.o)
    0x0800023c   0x00000002   Code   RO          300    i.BusFault_Handler  stm32f2xx_it.o
    0x0800023e   0x00000002   PAD
    0x08000240   0x00000028   Code   RO         1050    i.CmdResp1Error     stm32_eval_sdio_sd.o
    0x08000268   0x00000034   Code   RO         1051    i.CmdResp2Error     stm32_eval_sdio_sd.o
    0x0800029c   0x00000070   Code   RO         1052    i.CmdResp6Error     stm32_eval_sdio_sd.o
    0x0800030c   0x0000002c   Code   RO         3682    i.DCD_EP_Close      usb_dcd.o
    0x08000338   0x00000038   Code   RO         3683    i.DCD_EP_ClrStall   usb_dcd.o
    0x08000370   0x00000018   Code   RO         3684    i.DCD_EP_Flush      usb_dcd.o
    0x08000388   0x0000003c   Code   RO         3685    i.DCD_EP_Open       usb_dcd.o
    0x080003c4   0x0000003a   Code   RO         3686    i.DCD_EP_PrepareRx  usb_dcd.o
    0x080003fe   0x00000010   Code   RO         3687    i.DCD_EP_SetAddress  usb_dcd.o
    0x0800040e   0x00000038   Code   RO         3688    i.DCD_EP_Stall      usb_dcd.o
    0x08000446   0x00000036   Code   RO         3689    i.DCD_EP_Tx         usb_dcd.o
    0x0800047c   0x000000e8   Code   RO         3414    i.DCD_HandleInEP_ISR  usb_dcd_int.o
    0x08000564   0x000000bc   Code   RO         3415    i.DCD_HandleOutEP_ISR  usb_dcd_int.o
    0x08000620   0x0000007c   Code   RO         3416    i.DCD_HandleRxStatusQueueLevel_ISR  usb_dcd_int.o
    0x0800069c   0x00000090   Code   RO         3417    i.DCD_HandleUsbReset_ISR  usb_dcd_int.o
    0x0800072c   0x0000008a   Code   RO         3691    i.DCD_Init          usb_dcd.o
    0x080007b6   0x0000007a   Code   RO         3418    i.DCD_WriteEmptyTxFifo  usb_dcd_int.o
    0x08000830   0x0000002c   Code   RO         1281    i.DMA_ClearFlag     stm32f2xx_dma.o
    0x0800085c   0x00000014   Code   RO         1283    i.DMA_Cmd           stm32f2xx_dma.o
    0x08000870   0x00000124   Code   RO         1284    i.DMA_DeInit        stm32f2xx_dma.o
    0x08000994   0x00000014   Code   RO         1287    i.DMA_FlowControllerConfig  stm32f2xx_dma.o
    0x080009a8   0x00000034   Code   RO         1292    i.DMA_GetFlagStatus  stm32f2xx_dma.o
    0x080009dc   0x00000054   Code   RO         1295    i.DMA_Init          stm32f2xx_dma.o
    0x08000a30   0x00000002   Code   RO          301    i.DebugMon_Handler  stm32f2xx_it.o
    0x08000a32   0x00000002   PAD
    0x08000a34   0x00000028   Code   RO          302    i.EXTI15_10_IRQHandler  stm32f2xx_it.o
    0x08000a5c   0x0000000c   Code   RO         1402    i.EXTI_ClearITPendingBit  stm32f2xx_exti.o
    0x08000a68   0x00000020   Code   RO         1406    i.EXTI_GetITStatus  stm32f2xx_exti.o
    0x08000a88   0x00000070   Code   RO         1407    i.EXTI_Init         stm32f2xx_exti.o
    0x08000af8   0x00000020   Code   RO         1652    i.FSMC_NORSRAMCmd   stm32f2xx_fsmc.o
    0x08000b18   0x000000c0   Code   RO         1654    i.FSMC_NORSRAMInit  stm32f2xx_fsmc.o
    0x08000bd8   0x00000134   Code   RO         1053    i.FindSCR           stm32_eval_sdio_sd.o
    0x08000d0c   0x0000007c   Code   RO         1762    i.GPIO_Init         stm32f2xx_gpio.o
    0x08000d88   0x00000020   Code   RO         1763    i.GPIO_PinAFConfig  stm32f2xx_gpio.o
    0x08000da8   0x0000000e   Code   RO         1766    i.GPIO_ReadInputDataBit  stm32f2xx_gpio.o
    0x08000db6   0x00000002   Code   RO          303    i.HardFault_Handler  stm32f2xx_it.o
    0x08000db8   0x00000048   Code   RO          792    i.IOE_Config        stm322xg_eval_ioe.o
    0x08000e00   0x00000038   Code   RO          793    i.IOE_JoyStickGetState  stm322xg_eval_ioe.o
    0x08000e38   0x0000002c   Code   RO          813    i.LCD_Clear         stm322xg_eval_lcd.o
    0x08000e64   0x00000030   Code   RO          814    i.LCD_ClearLine     stm322xg_eval_lcd.o
    0x08000e94   0x00000140   Code   RO          817    i.LCD_CtrlLinesConfig  stm322xg_eval_lcd.o
    0x08000fd4   0x00000020   Code   RO          819    i.LCD_DisplayChar   stm322xg_eval_lcd.o
    0x08000ff4   0x00000038   Code   RO          820    i.LCD_DisplayStringLine  stm322xg_eval_lcd.o
    0x0800102c   0x00000080   Code   RO          821    i.LCD_DrawChar      stm322xg_eval_lcd.o
    0x080010ac   0x0000004e   Code   RO          829    i.LCD_FSMCConfig    stm322xg_eval_lcd.o
    0x080010fa   0x00000002   PAD
    0x080010fc   0x0000000c   Code   RO          832    i.LCD_GetFont       stm322xg_eval_lcd.o
    0x08001108   0x00000028   Code   RO          739    i.LCD_LOG_DeInit    lcd_log.o
    0x08001130   0x00000010   Code   RO          740    i.LCD_LOG_Init      lcd_log.o
    0x08001140   0x00000064   Code   RO          741    i.LCD_LOG_SetFooter  lcd_log.o
    0x080011a4   0x00000090   Code   RO          742    i.LCD_LOG_SetHeader  lcd_log.o
    0x08001234   0x000000a0   Code   RO          743    i.LCD_LOG_UpdateDisplay  lcd_log.o
    0x080012d4   0x00000010   Code   RO          837    i.LCD_ReadReg       stm322xg_eval_lcd.o
    0x080012e4   0x0000000c   Code   RO          838    i.LCD_SetBackColor  stm322xg_eval_lcd.o
    0x080012f0   0x00000018   Code   RO          840    i.LCD_SetCursor     stm322xg_eval_lcd.o
    0x08001308   0x0000000c   Code   RO          841    i.LCD_SetFont       stm322xg_eval_lcd.o
    0x08001314   0x0000000c   Code   RO          842    i.LCD_SetTextColor  stm322xg_eval_lcd.o
    0x08001320   0x00000010   Code   RO          846    i.LCD_WriteReg      stm322xg_eval_lcd.o
    0x08001330   0x00000044   Code   RO         3275    i.MSC_BOT_Abort     usbd_msc_bot.o
    0x08001374   0x000000b8   Code   RO         3276    i.MSC_BOT_CBW_Decode  usbd_msc_bot.o
    0x0800142c   0x0000002c   Code   RO         3277    i.MSC_BOT_CplClrFeature  usbd_msc_bot.o
    0x08001458   0x00000040   Code   RO         3278    i.MSC_BOT_DataIn    usbd_msc_bot.o
    0x08001498   0x00000040   Code   RO         3279    i.MSC_BOT_DataOut   usbd_msc_bot.o
    0x080014d8   0x0000000c   Code   RO         3280    i.MSC_BOT_DeInit    usbd_msc_bot.o
    0x080014e4   0x00000044   Code   RO         3281    i.MSC_BOT_Init      usbd_msc_bot.o
    0x08001528   0x0000001c   Code   RO         3282    i.MSC_BOT_Reset     usbd_msc_bot.o
    0x08001544   0x0000003c   Code   RO         3283    i.MSC_BOT_SendCSW   usbd_msc_bot.o
    0x08001580   0x00000002   Code   RO          304    i.MemManage_Handler  stm32f2xx_it.o
    0x08001582   0x00000002   Code   RO          305    i.NMI_Handler       stm32f2xx_it.o
    0x08001584   0x00000064   Code   RO         2915    i.NVIC_Init         misc.o
    0x080015e8   0x00000014   Code   RO         2916    i.NVIC_PriorityGroupConfig  misc.o
    0x080015fc   0x0000000c   Code   RO          306    i.OTG_FS_IRQHandler  stm32f2xx_it.o
    0x08001608   0x00000008   Code   RO          307    i.OTG_FS_WKUP_IRQHandler  stm32f2xx_it.o
    0x08001610   0x0000000c   Code   RO          308    i.OTG_HS_EP1_IN_IRQHandler  stm32f2xx_it.o
    0x0800161c   0x0000000c   Code   RO          309    i.OTG_HS_EP1_OUT_IRQHandler  stm32f2xx_it.o
    0x08001628   0x0000000c   Code   RO          310    i.OTG_HS_IRQHandler  stm32f2xx_it.o
    0x08001634   0x00000002   Code   RO          311    i.PendSV_Handler    stm32f2xx_it.o
    0x08001636   0x00000002   PAD
    0x08001638   0x00000018   Code   RO         2127    i.RCC_AHB1PeriphClockCmd  stm32f2xx_rcc.o
    0x08001650   0x00000018   Code   RO         2130    i.RCC_AHB2PeriphClockCmd  stm32f2xx_rcc.o
    0x08001668   0x00000018   Code   RO         2133    i.RCC_AHB3PeriphClockCmd  stm32f2xx_rcc.o
    0x08001680   0x00000018   Code   RO         2138    i.RCC_APB1PeriphResetCmd  stm32f2xx_rcc.o
    0x08001698   0x00000018   Code   RO         2139    i.RCC_APB2PeriphClockCmd  stm32f2xx_rcc.o
    0x080016b0   0x00000018   Code   RO         2141    i.RCC_APB2PeriphResetCmd  stm32f2xx_rcc.o
    0x080016c8   0x00000024   Code   RO         3197    i.SCSI_CheckAddressRange  usbd_msc_scsi.o
    0x080016ec   0x00000150   Code   RO         3198    i.SCSI_ProcessCmd   usbd_msc_scsi.o
    0x0800183c   0x00000088   Code   RO         3199    i.SCSI_ProcessRead  usbd_msc_scsi.o
    0x080018c4   0x0000008c   Code   RO         3200    i.SCSI_ProcessWrite  usbd_msc_scsi.o
    0x08001950   0x000000a4   Code   RO         3201    i.SCSI_Read10       usbd_msc_scsi.o
    0x080019f4   0x00000068   Code   RO         3202    i.SCSI_ReadCapacity10  usbd_msc_scsi.o
    0x08001a5c   0x00000070   Code   RO         3203    i.SCSI_ReadFormatCapacity  usbd_msc_scsi.o
    0x08001acc   0x00000068   Code   RO         3204    i.SCSI_RequestSense  usbd_msc_scsi.o
    0x08001b34   0x0000002c   Code   RO         3205    i.SCSI_SenseCode    usbd_msc_scsi.o
    0x08001b60   0x000000c4   Code   RO         3206    i.SCSI_Write10      usbd_msc_scsi.o
    0x08001c24   0x000000c0   Code   RO         1055    i.SDEnWideBus       stm32_eval_sdio_sd.o
    0x08001ce4   0x0000000c   Code   RO         2550    i.SDIO_ClearFlag    stm32f2xx_sdio.o
    0x08001cf0   0x0000000c   Code   RO         2551    i.SDIO_ClearITPendingBit  stm32f2xx_sdio.o
    0x08001cfc   0x0000000c   Code   RO         2552    i.SDIO_ClockCmd     stm32f2xx_sdio.o
    0x08001d08   0x0000000c   Code   RO         2555    i.SDIO_DMACmd       stm32f2xx_sdio.o
    0x08001d14   0x00000030   Code   RO         2556    i.SDIO_DataConfig   stm32f2xx_sdio.o
    0x08001d44   0x00000018   Code   RO         2558    i.SDIO_DeInit       stm32f2xx_sdio.o
    0x08001d5c   0x0000000c   Code   RO         2559    i.SDIO_GetCommandResponse  stm32f2xx_sdio.o
    0x08001d68   0x00000014   Code   RO         2562    i.SDIO_GetFlagStatus  stm32f2xx_sdio.o
    0x08001d7c   0x00000010   Code   RO         2564    i.SDIO_GetPowerState  stm32f2xx_sdio.o
    0x08001d8c   0x0000000c   Code   RO         2565    i.SDIO_GetResponse  stm32f2xx_sdio.o
    0x08001d98   0x00000004   Code   RO          312    i.SDIO_IRQHandler   stm32f2xx_it.o
    0x08001d9c   0x00000018   Code   RO         2566    i.SDIO_ITConfig     stm32f2xx_sdio.o
    0x08001db4   0x0000002c   Code   RO         2567    i.SDIO_Init         stm32f2xx_sdio.o
    0x08001de0   0x0000000c   Code   RO         2568    i.SDIO_ReadData     stm32f2xx_sdio.o
    0x08001dec   0x00000028   Code   RO         2570    i.SDIO_SendCommand  stm32f2xx_sdio.o
    0x08001e14   0x00000018   Code   RO         2572    i.SDIO_SetPowerState  stm32f2xx_sdio.o
    0x08001e2c   0x00000010   Code   RO          634    i.SD_DMAEndOfTransferStatus  stm32_eval.o
    0x08001e3c   0x00000018   Code   RO         1057    i.SD_Detect         stm32_eval_sdio_sd.o
    0x08001e54   0x00000074   Code   RO         1058    i.SD_EnableWideBusOperation  stm32_eval_sdio_sd.o
    0x08001ec8   0x00000268   Code   RO         1060    i.SD_GetCardInfo    stm32_eval_sdio_sd.o
    0x08002130   0x00000022   Code   RO         1062    i.SD_GetState       stm32_eval_sdio_sd.o
    0x08002152   0x0000001a   Code   RO         1063    i.SD_GetStatus      stm32_eval_sdio_sd.o
    0x0800216c   0x00000060   Code   RO         1065    i.SD_Init           stm32_eval_sdio_sd.o
    0x080021cc   0x00000100   Code   RO         1066    i.SD_InitializeCards  stm32_eval_sdio_sd.o
    0x080022cc   0x0000007c   Code   RO          635    i.SD_LowLevel_DMA_RxConfig  stm32_eval.o
    0x08002348   0x00000080   Code   RO          636    i.SD_LowLevel_DMA_TxConfig  stm32_eval.o
    0x080023c8   0x000000c0   Code   RO          638    i.SD_LowLevel_Init  stm32_eval.o
    0x08002488   0x000001c4   Code   RO         1068    i.SD_PowerON        stm32_eval_sdio_sd.o
    0x0800264c   0x00000044   Code   RO         1069    i.SD_ProcessIRQSrc  stm32_eval_sdio_sd.o
    0x08002690   0x000000bc   Code   RO         1071    i.SD_ReadMultiBlocks  stm32_eval_sdio_sd.o
    0x0800274c   0x0000002c   Code   RO         1072    i.SD_SelectDeselect  stm32_eval_sdio_sd.o
    0x08002778   0x00000034   Code   RO         1074    i.SD_SendStatus     stm32_eval_sdio_sd.o
    0x080027ac   0x00000028   Code   RO         1076    i.SD_WaitReadOperation  stm32_eval_sdio_sd.o
    0x080027d4   0x00000030   Code   RO         1077    i.SD_WaitWriteOperation  stm32_eval_sdio_sd.o
    0x08002804   0x000000d8   Code   RO         1079    i.SD_WriteMultiBlocks  stm32_eval_sdio_sd.o
    0x080028dc   0x00000298   Code   RO          848    i.STM322xG_LCD_Init  stm322xg_eval_lcd.o
    0x08002b74   0x00000048   Code   RO          640    i.STM_EVAL_LEDInit  stm32_eval.o
    0x08002bbc   0x0000001c   Code   RO          643    i.STM_EVAL_LEDToggle  stm32_eval.o
    0x08002bd8   0x000000a0   Code   RO          645    i.STM_EVAL_PBInit   stm32_eval.o
    0x08002c78   0x00000028   Code   RO          410    i.STORAGE_GetCapacity  usbd_storage_msd.o
    0x08002ca0   0x00000004   Code   RO          411    i.STORAGE_GetMaxLun  usbd_storage_msd.o
    0x08002ca4   0x0000002c   Code   RO          412    i.STORAGE_Init      usbd_storage_msd.o
    0x08002cd0   0x0000002c   Code   RO          413    i.STORAGE_IsReady   usbd_storage_msd.o
    0x08002cfc   0x00000004   Code   RO          414    i.STORAGE_IsWriteProtected  usbd_storage_msd.o
    0x08002d00   0x00000026   Code   RO          415    i.STORAGE_Read      usbd_storage_msd.o
    0x08002d26   0x00000002   PAD
    0x08002d28   0x00000026   Code   RO          416    i.STORAGE_Write     usbd_storage_msd.o
    0x08002d4e   0x00000002   Code   RO          313    i.SVC_Handler       stm32f2xx_it.o
    0x08002d50   0x00000028   Code   RO         1242    i.SYSCFG_EXTILineConfig  stm32f2xx_syscfg.o
    0x08002d78   0x00000084   Code   RO          598    i.SetSysClock       system_stm32f2xx.o
    0x08002dfc   0x0000005c   Code   RO          314    i.SysTick_Handler   stm32f2xx_it.o
    0x08002e58   0x00000050   Code   RO          600    i.SystemInit        system_stm32f2xx.o
    0x08002ea8   0x0000000e   Code   RO         3019    i.USBD_ClrCfg       usbd_core.o
    0x08002eb6   0x00000012   Code   RO         3101    i.USBD_CtlContinueRx  usbd_ioreq.o
    0x08002ec8   0x00000012   Code   RO         3102    i.USBD_CtlContinueSendData  usbd_ioreq.o
    0x08002eda   0x00000024   Code   RO         2951    i.USBD_CtlError     usbd_req.o
    0x08002efe   0x00000022   Code   RO         3104    i.USBD_CtlReceiveStatus  usbd_ioreq.o
    0x08002f20   0x00000020   Code   RO         3105    i.USBD_CtlSendData  usbd_ioreq.o
    0x08002f40   0x00000022   Code   RO         3106    i.USBD_CtlSendStatus  usbd_ioreq.o
    0x08002f62   0x00000096   Code   RO         3020    i.USBD_DataInStage  usbd_core.o
    0x08002ff8   0x00000074   Code   RO         3021    i.USBD_DataOutStage  usbd_core.o
    0x0800306c   0x00000124   Code   RO         2952    i.USBD_GetDescriptor  usbd_req.o
    0x08003190   0x00000010   Code   RO         3107    i.USBD_GetRxCount   usbd_ioreq.o
    0x080031a0   0x0000004a   Code   RO         2953    i.USBD_GetString    usbd_req.o
    0x080031ea   0x00000002   PAD
    0x080031ec   0x00000020   Code   RO          469    i.USBD_HID_ConfigStrDescriptor  usbd_hid_desc.o
    0x0800320c   0x0000000c   Code   RO         3149    i.USBD_HID_DataIn   usbd_hid_core.o
    0x08003218   0x00000016   Code   RO         3150    i.USBD_HID_DeInit   usbd_hid_core.o
    0x0800322e   0x00000002   PAD
    0x08003230   0x0000000c   Code   RO          470    i.USBD_HID_DeviceDescriptor  usbd_hid_desc.o
    0x0800323c   0x0000000c   Code   RO         3151    i.USBD_HID_GetCfgDesc  usbd_hid_core.o
    0x08003248   0x0000001e   Code   RO         3152    i.USBD_HID_Init     usbd_hid_core.o
    0x08003266   0x00000002   PAD
    0x08003268   0x00000024   Code   RO          471    i.USBD_HID_InterfaceStrDescriptor  usbd_hid_desc.o
    0x0800328c   0x0000000c   Code   RO          472    i.USBD_HID_LangIDStrDescriptor  usbd_hid_desc.o
    0x08003298   0x00000028   Code   RO          473    i.USBD_HID_ManufacturerStrDescriptor  usbd_hid_desc.o
    0x080032c0   0x00000044   Code   RO          474    i.USBD_HID_ProductStrDescriptor  usbd_hid_desc.o
    0x08003304   0x00000018   Code   RO         3153    i.USBD_HID_SendReport  usbd_hid_core.o
    0x0800331c   0x0000003c   Code   RO          475    i.USBD_HID_SerialStrDescriptor  usbd_hid_desc.o
    0x08003358   0x000000a8   Code   RO         3154    i.USBD_HID_Setup    usbd_hid_core.o
    0x08003400   0x00000036   Code   RO         3023    i.USBD_Init         usbd_core.o
    0x08003436   0x0000000e   Code   RO         3024    i.USBD_IsoINIncomplete  usbd_core.o
    0x08003444   0x0000000e   Code   RO         3025    i.USBD_IsoOUTIncomplete  usbd_core.o
    0x08003452   0x00000002   PAD
    0x08003454   0x00000020   Code   RO          530    i.USBD_MSC_ConfigStrDescriptor  usbd_msc_desc.o
    0x08003474   0x0000000a   Code   RO         3345    i.USBD_MSC_DataIn   usbd_msc_core.o
    0x0800347e   0x0000000a   Code   RO         3346    i.USBD_MSC_DataOut  usbd_msc_core.o
    0x08003488   0x0000001c   Code   RO         3347    i.USBD_MSC_DeInit   usbd_msc_core.o
    0x080034a4   0x0000000c   Code   RO          531    i.USBD_MSC_DeviceDescriptor  usbd_msc_desc.o
    0x080034b0   0x0000000c   Code   RO         3348    i.USBD_MSC_GetCfgDesc  usbd_msc_core.o
    0x080034bc   0x0000000c   Code   RO         3349    i.USBD_MSC_GetOtherCfgDesc  usbd_msc_core.o
    0x080034c8   0x00000036   Code   RO         3350    i.USBD_MSC_Init     usbd_msc_core.o
    0x080034fe   0x00000002   PAD
    0x08003500   0x00000024   Code   RO          532    i.USBD_MSC_InterfaceStrDescriptor  usbd_msc_desc.o
    0x08003524   0x0000000c   Code   RO          533    i.USBD_MSC_LangIDStrDescriptor  usbd_msc_desc.o
    0x08003530   0x00000028   Code   RO          534    i.USBD_MSC_ManufacturerStrDescriptor  usbd_msc_desc.o
    0x08003558   0x0000004c   Code   RO          535    i.USBD_MSC_ProductStrDescriptor  usbd_msc_desc.o
    0x080035a4   0x0000003c   Code   RO          536    i.USBD_MSC_SerialStrDescriptor  usbd_msc_desc.o
    0x080035e0   0x000000d0   Code   RO         3351    i.USBD_MSC_Setup    usbd_msc_core.o
    0x080036b0   0x0000008c   Code   RO         3419    i.USBD_OTG_EP1IN_ISR_Handler  usb_dcd_int.o
    0x0800373c   0x00000058   Code   RO         3420    i.USBD_OTG_EP1OUT_ISR_Handler  usb_dcd_int.o
    0x08003794   0x00000180   Code   RO         3421    i.USBD_OTG_ISR_Handler  usb_dcd_int.o
    0x08003914   0x00000044   Code   RO         2954    i.USBD_ParseSetupRequest  usbd_req.o
    0x08003958   0x0000002e   Code   RO         3026    i.USBD_Reset        usbd_core.o
    0x08003986   0x00000016   Code   RO         3027    i.USBD_Resume       usbd_core.o
    0x0800399c   0x00000010   Code   RO         3028    i.USBD_SOF          usbd_core.o
    0x080039ac   0x0000001a   Code   RO         3029    i.USBD_SetCfg       usbd_core.o
    0x080039c6   0x00000002   PAD
    0x080039c8   0x00000078   Code   RO         2955    i.USBD_SetConfig    usbd_req.o
    0x08003a40   0x00000070   Code   RO         2956    i.USBD_SetFeature   usbd_req.o
    0x08003ab0   0x00000048   Code   RO         3030    i.USBD_SetupStage   usbd_core.o
    0x08003af8   0x000000f4   Code   RO         2957    i.USBD_StdDevReq    usbd_req.o
    0x08003bec   0x000000d8   Code   RO         2958    i.USBD_StdEPReq     usbd_req.o
    0x08003cc4   0x00000038   Code   RO         2959    i.USBD_StdItfReq    usbd_req.o
    0x08003cfc   0x00000014   Code   RO         3031    i.USBD_Suspend      usbd_core.o
    0x08003d10   0x00000030   Code   RO          204    i.USBD_USR_FS_DeviceConfigured  usbd_usr.o
    0x08003d40   0x00000002   Code   RO          205    i.USBD_USR_FS_DeviceReset  usbd_usr.o
    0x08003d42   0x00000002   Code   RO          206    i.USBD_USR_FS_DeviceResumed  usbd_usr.o
    0x08003d44   0x00000034   Code   RO          207    i.USBD_USR_FS_DeviceSuspended  usbd_usr.o
    0x08003d78   0x00000128   Code   RO          208    i.USBD_USR_FS_Init  usbd_usr.o
    0x08003ea0   0x00000030   Code   RO          209    i.USBD_USR_HS_DeviceConfigured  usbd_usr.o
    0x08003ed0   0x0000008c   Code   RO          210    i.USBD_USR_HS_DeviceReset  usbd_usr.o
    0x08003f5c   0x00000002   Code   RO          211    i.USBD_USR_HS_DeviceResumed  usbd_usr.o
    0x08003f5e   0x00000002   PAD
    0x08003f60   0x00000034   Code   RO          212    i.USBD_USR_HS_DeviceSuspended  usbd_usr.o
    0x08003f94   0x00000002   Code   RO          213    i.USBD_USR_HS_Init  usbd_usr.o
    0x08003f96   0x00000042   Code   RO         3467    i.USB_OTG_ActiveRemoteWakeup  usb_core.o
    0x08003fd8   0x00000082   Code   RO          165    i.USB_OTG_BSP_EnableInterrupt  usb_bsp.o
    0x0800405a   0x00000002   PAD
    0x0800405c   0x000001d4   Code   RO          166    i.USB_OTG_BSP_Init  usb_bsp.o
    0x08004230   0x0000000a   Code   RO          167    i.USB_OTG_BSP_mDelay  usb_bsp.o
    0x0800423a   0x00000016   Code   RO          168    i.USB_OTG_BSP_uDelay  usb_bsp.o
    0x08004250   0x000000da   Code   RO         3468    i.USB_OTG_CoreInit  usb_core.o
    0x0800432a   0x0000019e   Code   RO         3469    i.USB_OTG_CoreInitDev  usb_core.o
    0x080044c8   0x00000058   Code   RO         3470    i.USB_OTG_CoreReset  usb_core.o
    0x08004520   0x00000010   Code   RO         3471    i.USB_OTG_DisableGlobalInt  usb_core.o
    0x08004530   0x0000003a   Code   RO         3472    i.USB_OTG_EP0Activate  usb_core.o
    0x0800456a   0x000000b0   Code   RO         3473    i.USB_OTG_EP0StartXfer  usb_core.o
    0x0800461a   0x00000002   PAD
    0x0800461c   0x00000024   Code   RO         3474    i.USB_OTG_EP0_OutStart  usb_core.o
    0x08004640   0x00000068   Code   RO         3475    i.USB_OTG_EPActivate  usb_core.o
    0x080046a8   0x00000032   Code   RO         3476    i.USB_OTG_EPClearStall  usb_core.o
    0x080046da   0x0000004c   Code   RO         3477    i.USB_OTG_EPDeactivate  usb_core.o
    0x08004726   0x00000030   Code   RO         3478    i.USB_OTG_EPSetStall  usb_core.o
    0x08004756   0x00000126   Code   RO         3479    i.USB_OTG_EPStartXfer  usb_core.o
    0x0800487c   0x00000044   Code   RO         3480    i.USB_OTG_EnableDevInt  usb_core.o
    0x080048c0   0x00000010   Code   RO         3481    i.USB_OTG_EnableGlobalInt  usb_core.o
    0x080048d0   0x00000038   Code   RO         3482    i.USB_OTG_FlushRxFifo  usb_core.o
    0x08004908   0x00000040   Code   RO         3483    i.USB_OTG_FlushTxFifo  usb_core.o
    0x08004948   0x00000026   Code   RO         3484    i.USB_OTG_GetDeviceSpeed  usb_core.o
    0x0800496e   0x0000000c   Code   RO         3487    i.USB_OTG_InitDevSpeed  usb_core.o
    0x0800497a   0x00000014   Code   RO         3488    i.USB_OTG_IsDeviceMode  usb_core.o
    0x0800498e   0x0000000a   Code   RO         3490    i.USB_OTG_ReadCoreItr  usb_core.o
    0x08004998   0x0000000c   Code   RO         3491    i.USB_OTG_ReadDevAllInEPItr  usb_core.o
    0x080049a4   0x0000000c   Code   RO         3492    i.USB_OTG_ReadDevAllOutEp_itr  usb_core.o
    0x080049b0   0x00000010   Code   RO         3493    i.USB_OTG_ReadDevOutEP_itr  usb_core.o
    0x080049c0   0x00000020   Code   RO         3495    i.USB_OTG_ReadPacket  usb_core.o
    0x080049e0   0x000000c4   Code   RO         3496    i.USB_OTG_SelectCore  usb_core.o
    0x08004aa4   0x0000002a   Code   RO         3497    i.USB_OTG_SetCurrentMode  usb_core.o
    0x08004ace   0x00000028   Code   RO         3501    i.USB_OTG_WritePacket  usb_core.o
    0x08004af6   0x00000002   Code   RO          315    i.UsageFault_Handler  stm32f2xx_it.o
    0x08004af8   0x00000010   Code   RO         3768    i.__0printf$bare    mc_w.l(printfb.o)
    0x08004b08   0x0000000e   Code   RO         4068    i.__scatterload_copy  mc_w.l(handlers.o)
    0x08004b16   0x00000002   Code   RO         4069    i.__scatterload_null  mc_w.l(handlers.o)
    0x08004b18   0x0000000e   Code   RO         4070    i.__scatterload_zeroinit  mc_w.l(handlers.o)
    0x08004b26   0x00000022   Code   RO         3775    i._printf_core      mc_w.l(printfb.o)
    0x08004b48   0x0000001c   Code   RO          849    i.delay_ms          stm322xg_eval_lcd.o
    0x08004b64   0x000000f4   Code   RO          744    i.fputc             lcd_log.o
    0x08004c58   0x0000006c   Code   RO            1    i.main              app.o
    0x08004cc4   0x00000024   Data   RO          417    .constdata          usbd_storage_msd.o
    0x08004ce8   0x00000050   Data   RO          650    .constdata          stm32_eval.o
    0x08004d38   0x000011d0   Data   RO          850    .constdata          stm322xg_eval_lcd.o
    0x08005f08   0x00000900   Data   RO          851    .constdata          stm322xg_eval_lcd.o
    0x08006808   0x00000900   Data   RO          852    .constdata          stm322xg_eval_lcd.o
    0x08007108   0x00000007   Data   RO         3400    .constdata          usbd_msc_data.o
    0x0800710f   0x00000008   Data   RO         3401    .constdata          usbd_msc_data.o
    0x08007117   0x00000008   Data   RO         3402    .constdata          usbd_msc_data.o
    0x0800711f   0x00000001   PAD
    0x08007120   0x00000020   Data   RO         4066    Region$$Table       anon$$obj.o


    Execution Region RW_IRAM1 (Base: 0x20000000, Size: 0x000025d8, Max: 0x00020000, ABSOLUTE, COMPRESSED[0x000001b0])

    Base Addr    Size         Type   Attr      Idx    E Section Name        Object

    0x20000000   0x0000001c   Data   RW          214    .data               usbd_usr.o
    0x2000001c   0x0000001c   Data   RW          215    .data               usbd_usr.o
    0x20000038   0x00000004   Data   RW          316    .data               stm32f2xx_it.o
    0x2000003c   0x00000020   Data   RW          418    .data               usbd_storage_msd.o
    0x2000005c   0x00000004   Data   RW          419    .data               usbd_storage_msd.o
    0x20000060   0x00000001   Data   RW          421    .data               usbd_storage_msd.o
    0x20000061   0x00000003   PAD
    0x20000064   0x0000001c   Data   RW          476    .data               usbd_hid_desc.o
    0x20000080   0x0000001c   Data   RW          537    .data               usbd_msc_desc.o
    0x2000009c   0x00000016   Data   RW          538    .data               usbd_msc_desc.o
    0x200000b2   0x00000002   PAD
    0x200000b4   0x0000000a   Data   RW          539    .data               usbd_msc_desc.o
    0x200000be   0x00000002   PAD
    0x200000c0   0x00000014   Data   RW          601    .data               system_stm32f2xx.o
    0x200000d4   0x0000002c   Data   RW          651    .data               stm32_eval.o
    0x20000100   0x00000012   Data   RW          746    .data               lcd_log.o
    0x20000112   0x00000002   PAD
    0x20000114   0x00000014   Data   RW          854    .data               stm322xg_eval_lcd.o
    0x20000128   0x00000008   Data   RW          855    .data               stm322xg_eval_lcd.o
    0x20000130   0x00000008   Data   RW          856    .data               stm322xg_eval_lcd.o
    0x20000138   0x00000014   Data   RW         1082    .data               stm32_eval_sdio_sd.o
    0x2000014c   0x00000010   Data   RW         2961    .data               usbd_req.o
    0x2000015c   0x0000002c   Data   RW         3032    .data               usbd_core.o
    0x20000188   0x00000004   Data   RW         3033    .data               usbd_core.o
    0x2000018c   0x00000030   Data   RW         3155    .data               usbd_hid_core.o
    0x200001bc   0x0000007a   Data   RW         3156    .data               usbd_hid_core.o
    0x20000236   0x00000002   PAD
    0x20000238   0x00000018   Data   RW         3208    .data               usbd_msc_scsi.o
    0x20000250   0x00000004   Data   RW         3285    .data               usbd_msc_bot.o
    0x20000254   0x00000030   Data   RW         3352    .data               usbd_msc_core.o
    0x20000284   0x00000048   Data   RW         3353    .data               usbd_msc_core.o
    0x200002cc   0x00000004   Data   RW         4042    .data               mc_w.l(stdout.o)
    0x200002d0   0x00000be0   Zero   RW            2    .bss                app.o
    0x20000eb0   0x000001d4   Zero   RW          745    .bss                lcd_log.o
    0x20001084   0x000000c4   Zero   RW         1081    .bss                stm32_eval_sdio_sd.o
    0x20001148   0x00000040   Zero   RW         2960    .bss                usbd_req.o
    0x20001188   0x00000020   Zero   RW         3207    .bss                usbd_msc_scsi.o
    0x200011a8   0x00001030   Zero   RW         3284    .bss                usbd_msc_bot.o
    0x200021d8   0x00000400   Zero   RW          627    STACK               startup_stm32f2xx.o


==============================================================================

Image component sizes


      Code (inc. data)   RO Data    RW Data    ZI Data      Debug   Object Name

       108         32          0          0       3040     280527   app.o
         0          0          0          0          0         32   core_cm3.o
       704         34          0         18        468       6573   lcd_log.o
       120         18          0          0          0       1779   misc.o
        36          8        388          0       1024        932   startup_stm32f2xx.o
       128         18          0          0          0       6332   stm322xg_eval_ioe.o
      1502         80       9168         36          0      14030   stm322xg_eval_lcd.o
       720         64         80         44          0       6907   stm32_eval.o
      2980        150          0         20        196      19978   stm32_eval_sdio_sd.o
       512         50          0          0          0       5825   stm32f2xx_dma.o
       156         14          0          0          0       2528   stm32f2xx_exti.o
       224          4          0          0          0       2165   stm32f2xx_fsmc.o
       170          0          0          0          0       2755   stm32f2xx_gpio.o
       208         38          0          4          0      14403   stm32f2xx_it.o
       144         36          0          0          0       4014   stm32f2xx_rcc.o
       324         76          0          0          0      11131   stm32f2xx_sdio.o
        40          6          0          0          0        736   stm32f2xx_syscfg.o
       212         32          0         20          0       1905   system_stm32f2xx.o
       630         14          0          0          0       2955   usb_bsp.o
      2278         26          0          0          0      22521   usb_core.o
       506          0          0          0          0       7035   usb_dcd.o
      1422         42          0          0          0       8582   usb_dcd_int.o
       564          0          0         48          0      10056   usbd_core.o
       268         10          0        170          0       5364   usbd_hid_core.o
       260        148          0         28          0       5712   usbd_hid_desc.o
       152          0          0          0          0       4654   usbd_ioreq.o
       592         84          0          4       4144       8725   usbd_msc_bot.o
       334         18          0        120          0       6130   usbd_msc_core.o
         0          0         23          0          0        961   usbd_msc_data.o
       268        156          0         60          0       5648   usbd_msc_desc.o
      1372        176          0         24         32      13073   usbd_msc_scsi.o
      1218         52          0         16         64       9075   usbd_req.o
       212         10         36         37          0       6085   usbd_storage_msd.o
       644        418          0         56          0      23900   usbd_usr.o

    ----------------------------------------------------------------------
     19036       1814       9728        716       8968     523028   Object Totals
         0          0         32          0          0          0   (incl. Generated)
        28          0          1         11          0          0   (incl. Padding)

    ----------------------------------------------------------------------

      Code (inc. data)   RO Data    RW Data    ZI Data      Debug   Library Member Name

        92          0          0          0          0          0   __dczerorl2.o
         0          0          0          0          0          0   entry.o
         8          4          0          0          0          0   entry2.o
         4          0          0          0          0          0   entry5.o
         0          0          0          0          0          0   entry7b.o
         8          4          0          0          0          0   entry8.o
        30          0          0          0          0          0   handlers.o
        36          8          0          0          0         68   init.o
        50          8          0          0          0        152   printfb.o
         0          0          0          4          0          0   stdout.o

    ----------------------------------------------------------------------
       228         24          0          4          0        220   Library Totals
         0          0          0          0          0          0   (incl. Padding)

    ----------------------------------------------------------------------

      Code (inc. data)   RO Data    RW Data    ZI Data      Debug   Library Name

       228         24          0          4          0        220   mc_w.l

    ----------------------------------------------------------------------
       228         24          0          4          0        220   Library Totals

    ----------------------------------------------------------------------

==============================================================================


      Code (inc. data)   RO Data    RW Data    ZI Data      Debug   

     19264       1838       9728        720       8968     510612   Grand Totals
     19264       1838       9728        432       8968     510612   ELF Image Totals (compressed)
     19264       1838       9728        432          0          0   ROM Totals

==============================================================================

    Total RO  Size (Code + RO Data)                28992 (  28.31kB)
    Total RW  Size (RW Data + ZI Data)              9688 (   9.46kB)
    Total ROM Size (Code + RO Data + RW Data)      29424 (  28.73kB)

==============================================================================

