ARM Linker, 4.1 [Build 894] [Standard]

==============================================================================

Section Cross References

    main.o(.text) refers to _printf_percent.o(.ARM.Collect$$_printf_percent$$00000000) for _printf_percent
    main.o(.text) refers to _printf_d.o(.ARM.Collect$$_printf_percent$$00000009) for _printf_d
    main.o(.text) refers to _printf_dec.o(.text) for _printf_int_dec
    main.o(.text) refers to _printf_pad.o(.text) for _printf_pre_padding
    main.o(.text) refers to _printf_f.o(.ARM.Collect$$_printf_percent$$00000003) for _printf_f
    main.o(.text) refers to printf1.o(x$fpl$printf1) for _printf_fp_dec
    main.o(.text) refers to noretval__2printf.o(.text) for __2printf
    main.o(.text) refers to dflt_clz.o(x$fpl$dfltu) for __aeabi_ui2d
    main.o(.text) refers to ddiv.o(x$fpl$ddiv) for __aeabi_ddiv
    main.o(.text) refers to daddsub_clz.o(x$fpl$dsub) for __aeabi_dsub
    main.o(.text) refers to d2f.o(x$fpl$d2f) for __aeabi_d2f
    main.o(.text) refers to fdiv.o(x$fpl$fdiv) for __aeabi_fdiv
    main.o(.text) refers to f2d.o(x$fpl$f2d) for __aeabi_f2d
    main.o(.text) refers to log.o(i.log) for log
    main.o(.text) refers to daddsub_clz.o(x$fpl$dadd) for __aeabi_dadd
    main.o(.text) refers to faddsub_clz.o(x$fpl$fadd) for __aeabi_fadd
    main.o(.text) refers to ffixu.o(x$fpl$ffixu) for __aeabi_f2uiz
    main.o(.text) refers to lcd.o(.text) for GUI_Text
    main.o(.text) refers to dfixu.o(x$fpl$dfixu) for __aeabi_d2uiz
    main.o(.text) refers to stm32f2xx_rcc.o(.text) for RCC_AHB1PeriphClockCmd
    main.o(.text) refers to stm32f2xx_dma.o(.text) for DMA_Init
    main.o(.text) refers to stm32f2xx_gpio.o(.text) for GPIO_Init
    main.o(.text) refers to stm32f2xx_adc.o(.text) for ADC_CommonInit
    main.o(.text) refers to system_stm32f2xx.o(.text) for SystemInit
    main.o(.text) refers to usart.o(.text) for USART_Configuration
    main.o(.text) refers to touchpanel.o(.text) for TP_Init
    main.o(.text) refers to main.o(.data) for .data
    main.o(.text) refers to touchpanel.o(.data) for display
    main.o(.text) refers to touchpanel.o(.bss) for matrix
    stm32f2xx_it.o(.text) refers to _printf_percent.o(.ARM.Collect$$_printf_percent$$00000000) for _printf_percent
    stm32f2xx_it.o(.text) refers to _printf_c.o(.ARM.Collect$$_printf_percent$$00000013) for _printf_c
    stm32f2xx_it.o(.text) refers to _printf_str.o(.text) for _printf_str
    stm32f2xx_it.o(.text) refers to stm32f2xx_usart.o(.text) for USART_GetITStatus
    stm32f2xx_it.o(.text) refers to noretval__2printf.o(.text) for __2printf
    joystate.o(.text) refers to stm32f2xx_rcc.o(.text) for RCC_AHB1PeriphClockCmd
    joystate.o(.text) refers to stm32f2xx_gpio.o(.text) for GPIO_Init
    usart.o(.text) refers (Special) to use_no_semi_2.o(.text) for __use_no_semihosting
    usart.o(.text) refers to stm32f2xx_rcc.o(.text) for RCC_AHB1PeriphClockCmd
    usart.o(.text) refers to stm32f2xx_gpio.o(.text) for GPIO_PinAFConfig
    usart.o(.text) refers to stm32f2xx_usart.o(.text) for USART_Init
    usart.o(.text) refers to misc.o(.text) for NVIC_Init
    usart.o(.data) refers (Special) to use_no_semi_2.o(.text) for __use_no_semihosting
    asciilib.o(.text) refers to rt_memcpy_v6.o(.text) for __aeabi_memcpy
    asciilib.o(.text) refers to asciilib.o(.constdata) for .constdata
    lcd.o(.text) refers to stm32f2xx_rcc.o(.text) for RCC_AHB1PeriphClockCmd
    lcd.o(.text) refers to stm32f2xx_gpio.o(.text) for GPIO_PinAFConfig
    lcd.o(.text) refers to lcd.o(i.LCD_WriteReg) for LCD_WriteReg
    lcd.o(.text) refers to lcd.o(.data) for .data
    lcd.o(.text) refers to asciilib.o(.text) for GetASCIICode
    lcd.o(.text) refers to stm32f2xx_fsmc.o(.text) for FSMC_NORSRAMInit
    touchpanel.o(.text) refers to stm32f2xx_rcc.o(.text) for RCC_AHB1PeriphClockCmd
    touchpanel.o(.text) refers to stm32f2xx_gpio.o(.text) for GPIO_PinAFConfig
    touchpanel.o(.text) refers to stm32f2xx_spi.o(.text) for SPI_I2S_DeInit
    touchpanel.o(.text) refers to lcd.o(.text) for LCD_SetPoint
    touchpanel.o(.text) refers to rt_memclr_w.o(.text) for __aeabi_memclr4
    touchpanel.o(.text) refers to dflt_clz.o(x$fpl$dflt) for __aeabi_i2d
    touchpanel.o(.text) refers to deqf.o(x$fpl$deqf) for __aeabi_cdcmpeq
    touchpanel.o(.text) refers to touchpanel.o(.data) for .data
    touchpanel.o(.text) refers to dflt_clz.o(x$fpl$dfltu) for __aeabi_ui2d
    touchpanel.o(.text) refers to dmul.o(x$fpl$dmul) for __aeabi_dmul
    touchpanel.o(.text) refers to daddsub_clz.o(x$fpl$dadd) for __aeabi_dadd
    touchpanel.o(.text) refers to ddiv.o(x$fpl$ddiv) for __aeabi_ddiv
    touchpanel.o(.text) refers to dfixu.o(x$fpl$dfixu) for __aeabi_d2uiz
    touchpanel.o(.text) refers to touchpanel.o(.bss) for .bss
    startup_stm32f2xx.o(STACK) refers (Special) to heapauxi.o(.text) for __use_two_region_memory
    startup_stm32f2xx.o(HEAP) refers (Special) to heapauxi.o(.text) for __use_two_region_memory
[...]
    .ARM.Collect$$libinit$$0000001B          0x08000224   Section        0  libinit2.o(.ARM.Collect$$libinit$$0000001B)
    .ARM.Collect$$libinit$$0000001D          0x08000224   Section        0  libinit2.o(.ARM.Collect$$libinit$$0000001D)
    .ARM.Collect$$libinit$$0000001F          0x08000224   Section        0  libinit2.o(.ARM.Collect$$libinit$$0000001F)
    .ARM.Collect$$libinit$$00000021          0x08000224   Section        0  libinit2.o(.ARM.Collect$$libinit$$00000021)
    .ARM.Collect$$libinit$$00000028          0x08000224   Section        0  libinit2.o(.ARM.Collect$$libinit$$00000028)
    .ARM.Collect$$libinit$$0000002A          0x08000224   Section        0  libinit2.o(.ARM.Collect$$libinit$$0000002A)
    .ARM.Collect$$libinit$$0000002C          0x08000224   Section        0  libinit2.o(.ARM.Collect$$libinit$$0000002C)
    .ARM.Collect$$libinit$$0000002E          0x08000224   Section        0  libinit2.o(.ARM.Collect$$libinit$$0000002E)
    .ARM.Collect$$libinit$$0000002F          0x08000224   Section        2  libinit2.o(.ARM.Collect$$libinit$$0000002F)
    .ARM.Collect$$libshutdown$$00000000      0x08000226   Section        2  libshutdown.o(.ARM.Collect$$libshutdown$$00000000)
    .ARM.Collect$$libshutdown$$00000003      0x08000228   Section        0  libshutdown2.o(.ARM.Collect$$libshutdown$$00000003)
    .ARM.Collect$$libshutdown$$00000006      0x08000228   Section        0  libshutdown2.o(.ARM.Collect$$libshutdown$$00000006)
    .ARM.Collect$$libshutdown$$00000009      0x08000228   Section        0  libshutdown2.o(.ARM.Collect$$libshutdown$$00000009)
    .ARM.Collect$$libshutdown$$0000000B      0x08000228   Section        0  libshutdown2.o(.ARM.Collect$$libshutdown$$0000000B)
    .ARM.Collect$$libshutdown$$0000000E      0x08000228   Section        0  libshutdown2.o(.ARM.Collect$$libshutdown$$0000000E)
    .ARM.Collect$$libshutdown$$0000000F      0x08000228   Section        2  libshutdown2.o(.ARM.Collect$$libshutdown$$0000000F)
    .ARM.Collect$$rtentry$$00000000          0x0800022a   Section        0  rtentry.o(.ARM.Collect$$rtentry$$00000000)
    .ARM.Collect$$rtentry$$00000002          0x0800022a   Section        0  rtentry2.o(.ARM.Collect$$rtentry$$00000002)
    .ARM.Collect$$rtentry$$00000004          0x0800022a   Section        6  rtentry4.o(.ARM.Collect$$rtentry$$00000004)
    .ARM.Collect$$rtentry$$00000009          0x08000230   Section        0  rtentry2.o(.ARM.Collect$$rtentry$$00000009)
    .ARM.Collect$$rtentry$$0000000A          0x08000230   Section        4  rtentry2.o(.ARM.Collect$$rtentry$$0000000A)
    .ARM.Collect$$rtentry$$0000000C          0x08000234   Section        0  rtentry2.o(.ARM.Collect$$rtentry$$0000000C)
    .ARM.Collect$$rtentry$$0000000D          0x08000234   Section        8  rtentry2.o(.ARM.Collect$$rtentry$$0000000D)
    .ARM.Collect$$rtexit$$00000000           0x0800023c   Section        2  rtexit.o(.ARM.Collect$$rtexit$$00000000)
    .ARM.Collect$$rtexit$$00000002           0x0800023e   Section        0  rtexit2.o(.ARM.Collect$$rtexit$$00000002)
    .ARM.Collect$$rtexit$$00000003           0x0800023e   Section        4  rtexit2.o(.ARM.Collect$$rtexit$$00000003)
    .ARM.Collect$$rtexit$$00000004           0x08000242   Section        6  rtexit2.o(.ARM.Collect$$rtexit$$00000004)
    .text                                    0x08000248   Section        0  main.o(.text)
    .text                                    0x080006a8   Section        0  stm32f2xx_it.o(.text)
    .text                                    0x08000718   Section        0  usart.o(.text)
    .text                                    0x08000808   Section        0  asciilib.o(.text)
    .text                                    0x0800081c   Section        0  lcd.o(.text)
    LCD_CtrlLinesConfig                      0x0800081d   Thumb Code   308  lcd.o(.text)
    LCD_SetCursor                            0x08001fbb   Thumb Code   100  lcd.o(.text)
    LCD_FSMCConfig                           0x08002285   Thumb Code    78  lcd.o(.text)
    .text                                    0x080022dc   Section        0  touchpanel.o(.text)
    RD_AD                                    0x080023f1   Thumb Code    98  touchpanel.o(.text)
    DelayUS                                  0x080029a3   Thumb Code    26  touchpanel.o(.text)
    WR_CMD                                   0x080029bd   Thumb Code    48  touchpanel.o(.text)
    .text                                    0x08002a18   Section       64  startup_stm32f2xx.o(.text)
    .text                                    0x08002a58   Section        0  misc.o(.text)
    .text                                    0x08002b08   Section        0  stm32f2xx_gpio.o(.text)
    .text                                    0x08002cf0   Section        0  stm32f2xx_usart.o(.text)
    .text                                    0x08003034   Section        0  stm32f2xx_rcc.o(.text)
    .text                                    0x08003408   Section        0  stm32f2xx_adc.o(.text)
    .text                                    0x0800375c   Section        0  stm32f2xx_dma.o(.text)
    .text                                    0x08003a7c   Section        0  stm32f2xx_fsmc.o(.text)
    .text                                    0x08003f04   Section        0  stm32f2xx_spi.o(.text)
    .text                                    0x080041b0   Section        0  system_stm32f2xx.o(.text)
    SetSysClock                              0x0800425b   Thumb Code   118  system_stm32f2xx.o(.text)
    .text                                    0x080042f4   Section        2  use_no_semi_2.o(.text)
    .text                                    0x080042f8   Section        0  noretval__2printf.o(.text)
    .text                                    0x08004310   Section        0  _printf_pad.o(.text)
    .text                                    0x08004362   Section        0  _printf_str.o(.text)
    .text                                    0x080043b4   Section        0  _printf_dec.o(.text)
    .text                                    0x0800442c   Section        0  __printf_wp.o(.text)
    .text                                    0x0800453a   Section      138  rt_memcpy_v6.o(.text)
    .text                                    0x080045c4   Section       78  rt_memclr_w.o(.text)
    .text                                    0x08004612   Section        0  heapauxi.o(.text)
    .text                                    0x08004618   Section        2  use_no_semi.o(.text)
    .text                                    0x0800461a   Section        0  _rserrno.o(.text)
    .text                                    0x08004630   Section        0  _printf_intcommon.o(.text)
    .text                                    0x080046e8   Section        0  _printf_fp_dec.o(.text)
    _fp_digits                               0x080046eb   Thumb Code   428  _printf_fp_dec.o(.text)
    .text                                    0x08004b08   Section        0  _printf_char.o(.text)
    .text                                    0x08004b34   Section        0  _printf_char_file.o(.text)
    .text                                    0x08004b58   Section      100  rt_memcpy_w.o(.text)
    .text                                    0x08004bbc   Section        8  rt_locale_intlibspace.o(.text)
    .text                                    0x08004bc4   Section        8  rt_errno_addr_intlibspace.o(.text)
    .text                                    0x08004bcc   Section      138  lludiv10.o(.text)
    .text                                    0x08004c58   Section        0  _printf_char_common.o(.text)
    _printf_input_char                       0x08004c59   Thumb Code    10  _printf_char_common.o(.text)
    .text                                    0x08004c88   Section        0  _printf_fp_infnan.o(.text)
    .text                                    0x08004d08   Section        0  bigflt0.o(.text)
    .text                                    0x08004dec   Section        0  ferror.o(.text)
    .text                                    0x08004df4   Section        8  libspace.o(.text)
    .text                                    0x08004dfc   Section       74  sys_stackheap_outer.o(.text)
    .text                                    0x08004e46   Section        0  exit.o(.text)
    .text                                    0x08004e54   Section      128  strcmpv7m.o(.text)
    .text                                    0x08004ed4   Section        8  rt_fp_status_addr_intlibspace.o(.text)
    CL$$btod_d2e                             0x08004edc   Section       62  btod.o(CL$$btod_d2e)
    CL$$btod_d2e_denorm_low                  0x08004f1a   Section       70  btod.o(CL$$btod_d2e_denorm_low)
    CL$$btod_d2e_norm_op1                    0x08004f60   Section       96  btod.o(CL$$btod_d2e_norm_op1)
    CL$$btod_div_common                      0x08004fc0   Section      824  btod.o(CL$$btod_div_common)
    CL$$btod_e2e                             0x080052f8   Section      198  btod.o(CL$$btod_e2e)
    CL$$btod_ediv                            0x080053be   Section       40  btod.o(CL$$btod_ediv)
    CL$$btod_emul                            0x080053e6   Section       40  btod.o(CL$$btod_emul)
    CL$$btod_mult_common                     0x0800540e   Section      580  btod.o(CL$$btod_mult_common)
    i.LCD_WriteReg                           0x08005654   Section        0  lcd.o(i.LCD_WriteReg)
    i.__ARM_fpclassify                       0x08005664   Section        0  fpclassify.o(i.__ARM_fpclassify)
    i.__kernel_poly                          0x0800568c   Section        0  poly.o(i.__kernel_poly)
    i._is_digit                              0x08005736   Section        0  __printf_wp.o(i._is_digit)
    i.log                                    0x08005744   Section        0  log.o(i.log)
    locale$$code                             0x08005ab0   Section       44  lc_numeric_c.o(locale$$code)
    x$fpl$d2f                                0x08005adc   Section       98  d2f.o(x$fpl$d2f)
    x$fpl$dadd                               0x08005b40   Section      336  daddsub_clz.o(x$fpl$dadd)
    _dadd1                                   0x08005b51   Thumb Code     0  daddsub_clz.o(x$fpl$dadd)
    x$fpl$dcheck1                            0x08005c90   Section       16  dcheck1.o(x$fpl$dcheck1)
    x$fpl$dcmpinf                            0x08005ca0   Section       24  dcmpi.o(x$fpl$dcmpinf)
    x$fpl$ddiv                               0x08005cb8   Section      688  ddiv.o(x$fpl$ddiv)
    ddiv_entry                               0x08005cbf   Thumb Code     0  ddiv.o(x$fpl$ddiv)
    x$fpl$deqf                               0x08005f68   Section      120  deqf.o(x$fpl$deqf)
    x$fpl$dfixu                              0x08005fe0   Section       90  dfixu.o(x$fpl$dfixu)
    x$fpl$dflt                               0x0800603a   Section       46  dflt_clz.o(x$fpl$dflt)
    x$fpl$dfltu                              0x08006068   Section       38  dflt_clz.o(x$fpl$dfltu)
    x$fpl$dmul                               0x08006090   Section      340  dmul.o(x$fpl$dmul)
    x$fpl$dnaninf                            0x080061e4   Section      156  dnaninf.o(x$fpl$dnaninf)
    x$fpl$dretinf                            0x08006280   Section       12  dretinf.o(x$fpl$dretinf)
    x$fpl$drsb                               0x0800628c   Section       22  daddsub_clz.o(x$fpl$drsb)
    x$fpl$dsub                               0x080062a4   Section      468  daddsub_clz.o(x$fpl$dsub)
    _dsub1                                   0x080062b5   Thumb Code     0  daddsub_clz.o(x$fpl$dsub)
    x$fpl$f2d                                0x08006478   Section       86  f2d.o(x$fpl$f2d)
    x$fpl$fadd                               0x080064d0   Section      196  faddsub_clz.o(x$fpl$fadd)
    _fadd1                                   0x080064df   Thumb Code     0  faddsub_clz.o(x$fpl$fadd)
    x$fpl$fdiv                               0x08006594   Section      388  fdiv.o(x$fpl$fdiv)
    _fdiv1                                   0x08006595   Thumb Code     0  fdiv.o(x$fpl$fdiv)
    x$fpl$ffixu                              0x08006718   Section       62  ffixu.o(x$fpl$ffixu)
    x$fpl$fnaninf                            0x08006756   Section      140  fnaninf.o(x$fpl$fnaninf)
    x$fpl$fpinit                             0x080067e2   Section       14  fpinit.o(x$fpl$fpinit)
    x$fpl$fretinf                            0x080067f0   Section       10  fretinf.o(x$fpl$fretinf)
    x$fpl$fsub                               0x080067fc   Section      234  faddsub_clz.o(x$fpl$fsub)
    _fsub1                                   0x0800680b   Thumb Code     0  faddsub_clz.o(x$fpl$fsub)
    x$fpl$printf1                            0x080068e6   Section        4  printf1.o(x$fpl$printf1)
    x$fpl$retnan                             0x080068ea   Section      100  retnan.o(x$fpl$retnan)
    x$fpl$scalbn                             0x0800694e   Section       92  scalbn.o(x$fpl$scalbn)
    x$fpl$trapveneer                         0x080069aa   Section       48  trapv.o(x$fpl$trapveneer)
    .constdata                               0x080069da   Section     1520  asciilib.o(.constdata)
    x$fpl$usenofp                            0x080069da   Section        0  usenofp.o(x$fpl$usenofp)
    AsciiLib                                 0x080069da   Data        1520  asciilib.o(.constdata)
    .constdata                               0x08006fd0   Section       56  log.o(.constdata)
    Lg2                                      0x08006fd0   Data          24  log.o(.constdata)
    Lg                                       0x08006fe8   Data          32  log.o(.constdata)
    .constdata                               0x08007008   Section        8  qnan.o(.constdata)
    .constdata                               0x08007010   Section      148  bigflt0.o(.constdata)
    tenpwrs_x                                0x08007010   Data          60  bigflt0.o(.constdata)
    tenpwrs_i                                0x0800704c   Data          64  bigflt0.o(.constdata)
    locale$$data                             0x080070c4   Section       28  lc_numeric_c.o(locale$$data)
    __lcnum_c_name                           0x080070c8   Data           2  lc_numeric_c.o(locale$$data)
    __lcnum_c_start                          0x080070d0   Data           0  lc_numeric_c.o(locale$$data)
    __lcnum_c_point                          0x080070dc   Data           0  lc_numeric_c.o(locale$$data)
    __lcnum_c_thousands                      0x080070de   Data           0  lc_numeric_c.o(locale$$data)
    __lcnum_c_grouping                       0x080070df   Data           0  lc_numeric_c.o(locale$$data)
    __lcnum_c_end                            0x080070e0   Data           0  lc_numeric_c.o(locale$$data)
    .data                                    0x20000000   Section       16  main.o(.data)
    Rev_Temp_Point                           0x20000008   Data           4  main.o(.data)
    Time                                     0x2000000c   Data           4  main.o(.data)
    .data                                    0x20000010   Section        4  usart.o(.data)
    .data                                    0x20000014   Section        4  lcd.o(.data)
    LCD_Code                                 0x20000014   Data           1  lcd.o(.data)
    .data                                    0x20000018   Section       16  touchpanel.o(.data)
    screen                                   0x20000018   Data           4  touchpanel.o(.data)
    .data                                    0x20000028   Section        4  touchpanel.o(.data)
    .data                                    0x2000002c   Section       16  stm32f2xx_rcc.o(.data)
    APBAHBPrescTable                         0x2000002c   Data          16  stm32f2xx_rcc.o(.data)
    .data                                    0x2000003c   Section       20  system_stm32f2xx.o(.data)
    .bss                                     0x20000050   Section       68  touchpanel.o(.bss)
    .bss                                     0x20000094   Section       96  libspace.o(.bss)
    HEAP                                     0x200000f8   Section      512  startup_stm32f2xx.o(HEAP)
    Heap_Mem                                 0x200000f8   Data         512  startup_stm32f2xx.o(HEAP)
    STACK                                    0x200002f8   Section     1024  startup_stm32f2xx.o(STACK)
    Stack_Mem                                0x200002f8   Data        1024  startup_stm32f2xx.o(STACK)
    __initial_sp                             0x200006f8   Data           0  startup_stm32f2xx.o(STACK)

    Global Symbols

    Symbol Name                              Value     Ov Type        Size  Object(Section)

    BuildAttributes$$THM_ISAv4$P$D$K$B$S$PE$A:L22UL41UL21$X:L11$S22US41US21$IEEE1$IW$USESV6$~STKCKD$USESV7$~SHL$OTIME$ROPI$IEEEJ$EBA8$UX$STANDARDLIB$REQ8$PRES8$EABIv2 0x00000000   Number         0  anon$$obj.o ABSOLUTE
    __ARM_use_no_argv                        0x00000000   Number         0  main.o ABSOLUTE
    _printf_flags                            0x00000000   Number         0  printf_stubs.o ABSOLUTE
    _printf_return_value                     0x00000000   Number         0  printf_stubs.o ABSOLUTE
    _printf_sizespec                         0x00000000   Number         0  printf_stubs.o ABSOLUTE
    _printf_widthprec                        0x00000000   Number         0  printf_stubs.o ABSOLUTE
    __ARM_exceptions_init                     - Undefined Weak Reference
    __alloca_initialize                       - Undefined Weak Reference
    __cpp_initialize__aeabi_                  - Undefined Weak Reference
    __cxa_finalize                            - Undefined Weak Reference
    __sigvec_lookup                           - Undefined Weak Reference
    _atexit_init                              - Undefined Weak Reference
    _call_atexit_fns                          - Undefined Weak Reference
    _clock_init                               - Undefined Weak Reference
    _fp_trap_init                             - Undefined Weak Reference
    _fp_trap_shutdown                         - Undefined Weak Reference
    _get_lc_collate                           - Undefined Weak Reference
    _get_lc_ctype                             - Undefined Weak Reference
    _get_lc_monetary                          - Undefined Weak Reference
    _get_lc_time                              - Undefined Weak Reference
    _getenv_init                              - Undefined Weak Reference
    _handle_redirection                       - Undefined Weak Reference
    _init_alloc                               - Undefined Weak Reference
    _init_user_alloc                          - Undefined Weak Reference
    _initio                                   - Undefined Weak Reference
    _mutex_acquire                            - Undefined Weak Reference
    _mutex_release                            - Undefined Weak Reference
    _printf_mbtowc                            - Undefined Weak Reference
    _printf_truncate_signed                   - Undefined Weak Reference
    _printf_truncate_unsigned                 - Undefined Weak Reference
    _rand_init                                - Undefined Weak Reference
    _signal_finish                            - Undefined Weak Reference
    _signal_init                              - Undefined Weak Reference
    _terminate_alloc                          - Undefined Weak Reference
    _terminate_user_alloc                     - Undefined Weak Reference
    _terminateio                              - Undefined Weak Reference
    __Vectors_Size                           0x00000184   Number         0  startup_stm32f2xx.o ABSOLUTE
    __Vectors                                0x08000000   Data           4  startup_stm32f2xx.o(RESET)
    __Vectors_End                            0x08000184   Data           0  startup_stm32f2xx.o(RESET)
    __main                                   0x08000185   Thumb Code     8  __main.o(!!!main)
    __scatterload                            0x0800018d   Thumb Code     0  __scatter.o(!!!scatter)
    __scatterload_rt2                        0x0800018d   Thumb Code    44  __scatter.o(!!!scatter)
    __scatterload_rt2_thumb_only             0x0800018d   Thumb Code     0  __scatter.o(!!!scatter)
    __scatterload_null                       0x0800019b   Thumb Code     0  __scatter.o(!!!scatter)
    __scatterload_copy                       0x080001c1   Thumb Code    26  __scatter_copy.o(!!handler_copy)
    __scatterload_zeroinit                   0x080001dd   Thumb Code    28  __scatter_zi.o(!!handler_zi)
    _printf_f                                0x080001f9   Thumb Code     0  _printf_f.o(.ARM.Collect$$_printf_percent$$00000003)
    _printf_percent                          0x080001f9   Thumb Code     0  _printf_percent.o(.ARM.Collect$$_printf_percent$$00000000)
    _printf_d                                0x080001ff   Thumb Code     0  _printf_d.o(.ARM.Collect$$_printf_percent$$00000009)
    _printf_c                                0x08000205   Thumb Code     0  _printf_c.o(.ARM.Collect$$_printf_percent$$00000013)
    _printf_percent_end                      0x0800020b   Thumb Code     0  _printf_percent_end.o(.ARM.Collect$$_printf_percent$$00000017)
    __rt_lib_init                            0x0800020f   Thumb Code     0  libinit.o(.ARM.Collect$$libinit$$00000000)
    __rt_lib_init_heap_1                     0x08000215   Thumb Code     0  libinit2.o(.ARM.Collect$$libinit$$00000006)
    __rt_lib_init_lc_common                  0x08000215   Thumb Code     0  libinit2.o(.ARM.Collect$$libinit$$0000000B)
    __rt_lib_init_rand_1                     0x08000215   Thumb Code     0  libinit2.o(.ARM.Collect$$libinit$$0000000A)
    __rt_lib_init_user_alloc_1               0x08000215   Thumb Code     0  libinit2.o(.ARM.Collect$$libinit$$00000008)
    __rt_lib_init_lc_collate_1               0x0800021b   Thumb Code     0  libinit2.o(.ARM.Collect$$libinit$$0000000D)
    __rt_lib_init_lc_ctype_1                 0x0800021b   Thumb Code     0  libinit2.o(.ARM.Collect$$libinit$$0000000F)
    __rt_lib_init_lc_monetary_1              0x0800021b   Thumb Code     0  libinit2.o(.ARM.Collect$$libinit$$00000011)
    __rt_lib_init_lc_numeric_2               0x0800021b   Thumb Code     0  libinit2.o(.ARM.Collect$$libinit$$00000012)
    __rt_lib_init_alloca_1                   0x08000225   Thumb Code     0  libinit2.o(.ARM.Collect$$libinit$$0000002A)
    __rt_lib_init_argv_1                     0x08000225   Thumb Code     0  libinit2.o(.ARM.Collect$$libinit$$00000028)
    __rt_lib_init_atexit_1                   0x08000225   Thumb Code     0  libinit2.o(.ARM.Collect$$libinit$$00000017)
    __rt_lib_init_clock_1                    0x08000225   Thumb Code     0  libinit2.o(.ARM.Collect$$libinit$$0000001D)
    __rt_lib_init_cpp_1                      0x08000225   Thumb Code     0  libinit2.o(.ARM.Collect$$libinit$$0000002E)
    __rt_lib_init_exceptions_1               0x08000225   Thumb Code     0  libinit2.o(.ARM.Collect$$libinit$$0000002C)
    __rt_lib_init_fp_trap_1                  0x08000225   Thumb Code     0  libinit2.o(.ARM.Collect$$libinit$$0000001B)
    __rt_lib_init_getenv_1                   0x08000225   Thumb Code     0  libinit2.o(.ARM.Collect$$libinit$$0000001F)
    __rt_lib_init_lc_numeric_1               0x08000225   Thumb Code     0  libinit2.o(.ARM.Collect$$libinit$$00000013)
    __rt_lib_init_lc_time_1                  0x08000225   Thumb Code     0  libinit2.o(.ARM.Collect$$libinit$$00000015)
    __rt_lib_init_return                     0x08000225   Thumb Code     0  libinit2.o(.ARM.Collect$$libinit$$0000002F)
    __rt_lib_init_signal_1                   0x08000225   Thumb Code     0  libinit2.o(.ARM.Collect$$libinit$$00000019)
    __rt_lib_init_stdio_1                    0x08000225   Thumb Code     0  libinit2.o(.ARM.Collect$$libinit$$00000021)
    __rt_lib_shutdown                        0x08000227   Thumb Code     0  libshutdown.o(.ARM.Collect$$libshutdown$$00000000)
    __rt_lib_shutdown_fp_trap_1              0x08000229   Thumb Code     0  libshutdown2.o(.ARM.Collect$$libshutdown$$00000006)
    __rt_lib_shutdown_heap_1                 0x08000229   Thumb Code     0  libshutdown2.o(.ARM.Collect$$libshutdown$$0000000E)
    __rt_lib_shutdown_return                 0x08000229   Thumb Code     0  libshutdown2.o(.ARM.Collect$$libshutdown$$0000000F)
    __rt_lib_shutdown_signal_1               0x08000229   Thumb Code     0  libshutdown2.o(.ARM.Collect$$libshutdown$$00000009)
    __rt_lib_shutdown_stdio_1                0x08000229   Thumb Code     0  libshutdown2.o(.ARM.Collect$$libshutdown$$00000003)
    __rt_lib_shutdown_user_alloc_1           0x08000229   Thumb Code     0  libshutdown2.o(.ARM.Collect$$libshutdown$$0000000B)
    __rt_entry                               0x0800022b   Thumb Code     0  rtentry.o(.ARM.Collect$$rtentry$$00000000)
    __rt_entry_presh_1                       0x0800022b   Thumb Code     0  rtentry2.o(.ARM.Collect$$rtentry$$00000002)
    __rt_entry_sh                            0x0800022b   Thumb Code     0  rtentry4.o(.ARM.Collect$$rtentry$$00000004)
    __rt_entry_li                            0x08000231   Thumb Code     0  rtentry2.o(.ARM.Collect$$rtentry$$0000000A)
    __rt_entry_postsh_1                      0x08000231   Thumb Code     0  rtentry2.o(.ARM.Collect$$rtentry$$00000009)
    __rt_entry_main                          0x08000235   Thumb Code     0  rtentry2.o(.ARM.Collect$$rtentry$$0000000D)
    __rt_entry_postli_1                      0x08000235   Thumb Code     0  rtentry2.o(.ARM.Collect$$rtentry$$0000000C)
    __rt_exit                                0x0800023d   Thumb Code     0  rtexit.o(.ARM.Collect$$rtexit$$00000000)
    __rt_exit_ls                             0x0800023f   Thumb Code     0  rtexit2.o(.ARM.Collect$$rtexit$$00000003)
    __rt_exit_prels_1                        0x0800023f   Thumb Code     0  rtexit2.o(.ARM.Collect$$rtexit$$00000002)
    __rt_exit_exit                           0x08000243   Thumb Code     0  rtexit2.o(.ARM.Collect$$rtexit$$00000004)
    Delay                                    0x08000249   Thumb Code    10  main.o(.text)
    Display                                  0x08000253   Thumb Code   384  main.o(.text)
    Display_Graph                            0x080003d3   Thumb Code   118  main.o(.text)
    ADC3_CH7_DMA_Config                      0x08000449   Thumb Code   192  main.o(.text)
    main                                     0x08000509   Thumb Code   170  main.o(.text)
    NMI_Handler                              0x080006a9   Thumb Code     2  stm32f2xx_it.o(.text)
    HardFault_Handler                        0x080006ab   Thumb Code     2  stm32f2xx_it.o(.text)
    MemManage_Handler                        0x080006ad   Thumb Code     2  stm32f2xx_it.o(.text)
    BusFault_Handler                         0x080006af   Thumb Code     2  stm32f2xx_it.o(.text)
    UsageFault_Handler                       0x080006b1   Thumb Code     2  stm32f2xx_it.o(.text)
    SVC_Handler                              0x080006b3   Thumb Code     2  stm32f2xx_it.o(.text)
    DebugMon_Handler                         0x080006b5   Thumb Code     2  stm32f2xx_it.o(.text)
    PendSV_Handler                           0x080006b7   Thumb Code     2  stm32f2xx_it.o(.text)
    SysTick_Handler                          0x080006b9   Thumb Code     2  stm32f2xx_it.o(.text)
    USART1_IRQHandler                        0x080006bb   Thumb Code    38  stm32f2xx_it.o(.text)
    USART_Configuration                      0x08000719   Thumb Code   166  usart.o(.text)
    USART_NVIC_Config                        0x080007bf   Thumb Code    32  usart.o(.text)
    _sys_exit                                0x080007df   Thumb Code     2  usart.o(.text)
    fputc                                    0x080007e1   Thumb Code    30  usart.o(.text)
    GetASCIICode                             0x08000809   Thumb Code    16  asciilib.o(.text)
    delay_ms                                 0x08000951   Thumb Code    28  lcd.o(.text)
    LCD_Initializtion                        0x0800096d   Thumb Code  5710  lcd.o(.text)
    LCD_Clear                                0x0800201f   Thumb Code   116  lcd.o(.text)
    LCD_GetPoint                             0x08002093   Thumb Code    94  lcd.o(.text)
    LCD_SetPoint                             0x080020f1   Thumb Code    32  lcd.o(.text)
    LCD_DrawLine                             0x08002111   Thumb Code   220  lcd.o(.text)
    PutChar                                  0x080021ed   Thumb Code    82  lcd.o(.text)
    GUI_Text                                 0x0800223f   Thumb Code    70  lcd.o(.text)
    TP_Init                                  0x080022dd   Thumb Code   276  touchpanel.o(.text)
    Read_X                                   0x08002453   Thumb Code    48  touchpanel.o(.text)
    Read_Y                                   0x08002483   Thumb Code    48  touchpanel.o(.text)
    TP_GetAdXY                               0x080024b3   Thumb Code    28  touchpanel.o(.text)
    TP_DrawPoint                             0x080024cf   Thumb Code    54  touchpanel.o(.text)
    DrawCross                                0x08002505   Thumb Code   256  touchpanel.o(.text)
    Read_Ads7846                             0x08002605   Thumb Code   294  touchpanel.o(.text)
    setCalibrationMatrix                     0x0800272b   Thumb Code   342  touchpanel.o(.text)
    getDisplayPoint                          0x08002881   Thumb Code   166  touchpanel.o(.text)
    TouchPanel_Calibrate                     0x08002927   Thumb Code   124  touchpanel.o(.text)
    Reset_Handler                            0x08002a19   Thumb Code     8  startup_stm32f2xx.o(.text)
    ADC_IRQHandler                           0x08002a33   Thumb Code     0  startup_stm32f2xx.o(.text)
    CAN1_RX0_IRQHandler                      0x08002a33   Thumb Code     0  startup_stm32f2xx.o(.text)
    CAN1_RX1_IRQHandler                      0x08002a33   Thumb Code     0  startup_stm32f2xx.o(.text)
    CAN1_SCE_IRQHandler                      0x08002a33   Thumb Code     0  startup_stm32f2xx.o(.text)
    CAN1_TX_IRQHandler                       0x08002a33   Thumb Code     0  startup_stm32f2xx.o(.text)
    CAN2_RX0_IRQHandler                      0x08002a33   Thumb Code     0  startup_stm32f2xx.o(.text)
    CAN2_RX1_IRQHandler                      0x08002a33   Thumb Code     0  startup_stm32f2xx.o(.text)
    CAN2_SCE_IRQHandler                      0x08002a33   Thumb Code     0  startup_stm32f2xx.o(.text)
    CAN2_TX_IRQHandler                       0x08002a33   Thumb Code     0  startup_stm32f2xx.o(.text)
    CRYP_IRQHandler                          0x08002a33   Thumb Code     0  startup_stm32f2xx.o(.text)
    DCMI_IRQHandler                          0x08002a33   Thumb Code     0  startup_stm32f2xx.o(.text)
    DMA1_Stream0_IRQHandler                  0x08002a33   Thumb Code     0  startup_stm32f2xx.o(.text)
    DMA1_Stream1_IRQHandler                  0x08002a33   Thumb Code     0  startup_stm32f2xx.o(.text)
    DMA1_Stream2_IRQHandler                  0x08002a33   Thumb Code     0  startup_stm32f2xx.o(.text)
    DMA1_Stream3_IRQHandler                  0x08002a33   Thumb Code     0  startup_stm32f2xx.o(.text)
    DMA1_Stream4_IRQHandler                  0x08002a33   Thumb Code     0  startup_stm32f2xx.o(.text)
    DMA1_Stream5_IRQHandler                  0x08002a33   Thumb Code     0  startup_stm32f2xx.o(.text)
    DMA1_Stream6_IRQHandler                  0x08002a33   Thumb Code     0  startup_stm32f2xx.o(.text)
    DMA1_Stream7_IRQHandler                  0x08002a33   Thumb Code     0  startup_stm32f2xx.o(.text)
    DMA2_Stream0_IRQHandler                  0x08002a33   Thumb Code     0  startup_stm32f2xx.o(.text)
    DMA2_Stream1_IRQHandler                  0x08002a33   Thumb Code     0  startup_stm32f2xx.o(.text)
    DMA2_Stream2_IRQHandler                  0x08002a33   Thumb Code     0  startup_stm32f2xx.o(.text)
    DMA2_Stream3_IRQHandler                  0x08002a33   Thumb Code     0  startup_stm32f2xx.o(.text)
    DMA2_Stream4_IRQHandler                  0x08002a33   Thumb Code     0  startup_stm32f2xx.o(.text)
    DMA2_Stream5_IRQHandler                  0x08002a33   Thumb Code     0  startup_stm32f2xx.o(.text)
    DMA2_Stream6_IRQHandler                  0x08002a33   Thumb Code     0  startup_stm32f2xx.o(.text)
    DMA2_Stream7_IRQHandler                  0x08002a33   Thumb Code     0  startup_stm32f2xx.o(.text)
    ETH_IRQHandler                           0x08002a33   Thumb Code     0  startup_stm32f2xx.o(.text)
    ETH_WKUP_IRQHandler                      0x08002a33   Thumb Code     0  startup_stm32f2xx.o(.text)
    EXTI0_IRQHandler                         0x08002a33   Thumb Code     0  startup_stm32f2xx.o(.text)
    EXTI15_10_IRQHandler                     0x08002a33   Thumb Code     0  startup_stm32f2xx.o(.text)
    EXTI1_IRQHandler                         0x08002a33   Thumb Code     0  startup_stm32f2xx.o(.text)
    EXTI2_IRQHandler                         0x08002a33   Thumb Code     0  startup_stm32f2xx.o(.text)
    EXTI3_IRQHandler                         0x08002a33   Thumb Code     0  startup_stm32f2xx.o(.text)
    EXTI4_IRQHandler                         0x08002a33   Thumb Code     0  startup_stm32f2xx.o(.text)
    EXTI9_5_IRQHandler                       0x08002a33   Thumb Code     0  startup_stm32f2xx.o(.text)
    FLASH_IRQHandler                         0x08002a33   Thumb Code     0  startup_stm32f2xx.o(.text)
    FSMC_IRQHandler                          0x08002a33   Thumb Code     0  startup_stm32f2xx.o(.text)
    HASH_RNG_IRQHandler                      0x08002a33   Thumb Code     0  startup_stm32f2xx.o(.text)
    I2C1_ER_IRQHandler                       0x08002a33   Thumb Code     0  startup_stm32f2xx.o(.text)
    I2C1_EV_IRQHandler                       0x08002a33   Thumb Code     0  startup_stm32f2xx.o(.text)
    I2C2_ER_IRQHandler                       0x08002a33   Thumb Code     0  startup_stm32f2xx.o(.text)
    I2C2_EV_IRQHandler                       0x08002a33   Thumb Code     0  startup_stm32f2xx.o(.text)
    I2C3_ER_IRQHandler                       0x08002a33   Thumb Code     0  startup_stm32f2xx.o(.text)
    I2C3_EV_IRQHandler                       0x08002a33   Thumb Code     0  startup_stm32f2xx.o(.text)
    OTG_FS_IRQHandler                        0x08002a33   Thumb Code     0  startup_stm32f2xx.o(.text)
    OTG_FS_WKUP_IRQHandler                   0x08002a33   Thumb Code     0  startup_stm32f2xx.o(.text)
    OTG_HS_EP1_IN_IRQHandler                 0x08002a33   Thumb Code     0  startup_stm32f2xx.o(.text)
    OTG_HS_EP1_OUT_IRQHandler                0x08002a33   Thumb Code     0  startup_stm32f2xx.o(.text)
    OTG_HS_IRQHandler                        0x08002a33   Thumb Code     0  startup_stm32f2xx.o(.text)
    OTG_HS_WKUP_IRQHandler                   0x08002a33   Thumb Code     0  startup_stm32f2xx.o(.text)
    PVD_IRQHandler                           0x08002a33   Thumb Code     0  startup_stm32f2xx.o(.text)
    RCC_IRQHandler                           0x08002a33   Thumb Code     0  startup_stm32f2xx.o(.text)
    RTC_Alarm_IRQHandler                     0x08002a33   Thumb Code     0  startup_stm32f2xx.o(.text)
    RTC_WKUP_IRQHandler                      0x08002a33   Thumb Code     0  startup_stm32f2xx.o(.text)
    SDIO_IRQHandler                          0x08002a33   Thumb Code     0  startup_stm32f2xx.o(.text)
    SPI1_IRQHandler                          0x08002a33   Thumb Code     0  startup_stm32f2xx.o(.text)
    SPI2_IRQHandler                          0x08002a33   Thumb Code     0  startup_stm32f2xx.o(.text)
    SPI3_IRQHandler                          0x08002a33   Thumb Code     0  startup_stm32f2xx.o(.text)
    TAMP_STAMP_IRQHandler                    0x08002a33   Thumb Code     0  startup_stm32f2xx.o(.text)
    TIM1_BRK_TIM9_IRQHandler                 0x08002a33   Thumb Code     0  startup_stm32f2xx.o(.text)
    TIM1_CC_IRQHandler                       0x08002a33   Thumb Code     0  startup_stm32f2xx.o(.text)
    TIM1_TRG_COM_TIM11_IRQHandler            0x08002a33   Thumb Code     0  startup_stm32f2xx.o(.text)
    TIM1_UP_TIM10_IRQHandler                 0x08002a33   Thumb Code     0  startup_stm32f2xx.o(.text)
    TIM2_IRQHandler                          0x08002a33   Thumb Code     0  startup_stm32f2xx.o(.text)
    TIM3_IRQHandler                          0x08002a33   Thumb Code     0  startup_stm32f2xx.o(.text)
    TIM4_IRQHandler                          0x08002a33   Thumb Code     0  startup_stm32f2xx.o(.text)
    TIM5_IRQHandler                          0x08002a33   Thumb Code     0  startup_stm32f2xx.o(.text)
    TIM6_DAC_IRQHandler                      0x08002a33   Thumb Code     0  startup_stm32f2xx.o(.text)
    TIM7_IRQHandler                          0x08002a33   Thumb Code     0  startup_stm32f2xx.o(.text)
    TIM8_BRK_TIM12_IRQHandler                0x08002a33   Thumb Code     0  startup_stm32f2xx.o(.text)
    TIM8_CC_IRQHandler                       0x08002a33   Thumb Code     0  startup_stm32f2xx.o(.text)
    TIM8_TRG_COM_TIM14_IRQHandler            0x08002a33   Thumb Code     0  startup_stm32f2xx.o(.text)
    TIM8_UP_TIM13_IRQHandler                 0x08002a33   Thumb Code     0  startup_stm32f2xx.o(.text)
    UART4_IRQHandler                         0x08002a33   Thumb Code     0  startup_stm32f2xx.o(.text)
    UART5_IRQHandler                         0x08002a33   Thumb Code     0  startup_stm32f2xx.o(.text)
    USART2_IRQHandler                        0x08002a33   Thumb Code     0  startup_stm32f2xx.o(.text)
    USART3_IRQHandler                        0x08002a33   Thumb Code     0  startup_stm32f2xx.o(.text)
    USART6_IRQHandler                        0x08002a33   Thumb Code     0  startup_stm32f2xx.o(.text)
    WWDG_IRQHandler                          0x08002a33   Thumb Code     0  startup_stm32f2xx.o(.text)
    __user_initial_stackheap                 0x08002a35   Thumb Code     0  startup_stm32f2xx.o(.text)
    NVIC_PriorityGroupConfig                 0x08002a59   Thumb Code    10  misc.o(.text)
    NVIC_Init                                0x08002a63   Thumb Code    92  misc.o(.text)
    NVIC_SetVectorTable                      0x08002abf   Thumb Code    14  misc.o(.text)
    NVIC_SystemLPConfig                      0x08002acd   Thumb Code    20  misc.o(.text)
    SysTick_CLKSourceConfig                  0x08002ae1   Thumb Code    24  misc.o(.text)
    GPIO_DeInit                              0x08002b09   Thumb Code   192  stm32f2xx_gpio.o(.text)
    GPIO_Init                                0x08002bc9   Thumb Code   122  stm32f2xx_gpio.o(.text)
    GPIO_StructInit                          0x08002c43   Thumb Code    18  stm32f2xx_gpio.o(.text)
    GPIO_PinLockConfig                       0x08002c55   Thumb Code    16  stm32f2xx_gpio.o(.text)
    GPIO_ReadInputDataBit                    0x08002c65   Thumb Code    14  stm32f2xx_gpio.o(.text)
    GPIO_ReadInputData                       0x08002c73   Thumb Code     6  stm32f2xx_gpio.o(.text)
    GPIO_ReadOutputDataBit                   0x08002c79   Thumb Code    14  stm32f2xx_gpio.o(.text)
    GPIO_ReadOutputData                      0x08002c87   Thumb Code     6  stm32f2xx_gpio.o(.text)
    GPIO_SetBits                             0x08002c8d   Thumb Code     4  stm32f2xx_gpio.o(.text)
    GPIO_ResetBits                           0x08002c91   Thumb Code     4  stm32f2xx_gpio.o(.text)
    GPIO_WriteBit                            0x08002c95   Thumb Code    10  stm32f2xx_gpio.o(.text)
    GPIO_Write                               0x08002c9f   Thumb Code     4  stm32f2xx_gpio.o(.text)
    GPIO_ToggleBits                          0x08002ca3   Thumb Code     8  stm32f2xx_gpio.o(.text)
    GPIO_PinAFConfig                         0x08002cab   Thumb Code    32  stm32f2xx_gpio.o(.text)
    USART_DeInit                             0x08002cf1   Thumb Code   114  stm32f2xx_usart.o(.text)
    USART_Init                               0x08002d63   Thumb Code   174  stm32f2xx_usart.o(.text)
    USART_StructInit                         0x08002e11   Thumb Code    22  stm32f2xx_usart.o(.text)
    USART_ClockInit                          0x08002e27   Thumb Code    28  stm32f2xx_usart.o(.text)
    USART_ClockStructInit                    0x08002e43   Thumb Code    12  stm32f2xx_usart.o(.text)
    USART_Cmd                                0x08002e4f   Thumb Code    20  stm32f2xx_usart.o(.text)
    USART_SetPrescaler                       0x08002e63   Thumb Code    16  stm32f2xx_usart.o(.text)
    USART_OverSampling8Cmd                   0x08002e73   Thumb Code    20  stm32f2xx_usart.o(.text)
    USART_OneBitMethodCmd                    0x08002e87   Thumb Code    20  stm32f2xx_usart.o(.text)
    USART_SendData                           0x08002e9b   Thumb Code     8  stm32f2xx_usart.o(.text)
    USART_ReceiveData                        0x08002ea3   Thumb Code     8  stm32f2xx_usart.o(.text)
    USART_SetAddress                         0x08002eab   Thumb Code    16  stm32f2xx_usart.o(.text)
    USART_ReceiverWakeUpCmd                  0x08002ebb   Thumb Code    20  stm32f2xx_usart.o(.text)
    USART_WakeUpConfig                       0x08002ecf   Thumb Code    16  stm32f2xx_usart.o(.text)
    USART_LINBreakDetectLengthConfig         0x08002edf   Thumb Code    16  stm32f2xx_usart.o(.text)
    USART_LINCmd                             0x08002eef   Thumb Code    20  stm32f2xx_usart.o(.text)
    USART_SendBreak                          0x08002f03   Thumb Code    10  stm32f2xx_usart.o(.text)
    USART_HalfDuplexCmd                      0x08002f0d   Thumb Code    20  stm32f2xx_usart.o(.text)
    USART_SetGuardTime                       0x08002f21   Thumb Code    16  stm32f2xx_usart.o(.text)
    USART_SmartCardCmd                       0x08002f31   Thumb Code    20  stm32f2xx_usart.o(.text)
    USART_SmartCardNACKCmd                   0x08002f45   Thumb Code    20  stm32f2xx_usart.o(.text)
    USART_IrDAConfig                         0x08002f59   Thumb Code    16  stm32f2xx_usart.o(.text)
    USART_IrDACmd                            0x08002f69   Thumb Code    20  stm32f2xx_usart.o(.text)
    USART_DMACmd                             0x08002f7d   Thumb Code    16  stm32f2xx_usart.o(.text)
    USART_ITConfig                           0x08002f8d   Thumb Code    48  stm32f2xx_usart.o(.text)
    USART_GetFlagStatus                      0x08002fbd   Thumb Code    14  stm32f2xx_usart.o(.text)
    USART_ClearFlag                          0x08002fcb   Thumb Code     6  stm32f2xx_usart.o(.text)
    USART_GetITStatus                        0x08002fd1   Thumb Code    62  stm32f2xx_usart.o(.text)
    USART_ClearITPendingBit                  0x0800300f   Thumb Code    12  stm32f2xx_usart.o(.text)
    RCC_DeInit                               0x08003035   Thumb Code    48  stm32f2xx_rcc.o(.text)
    RCC_HSEConfig                            0x08003065   Thumb Code    12  stm32f2xx_rcc.o(.text)
    RCC_GetFlagStatus                        0x08003071   Thumb Code    46  stm32f2xx_rcc.o(.text)
    RCC_WaitForHSEStartUp                    0x0800309f   Thumb Code    38  stm32f2xx_rcc.o(.text)
    RCC_AdjustHSICalibrationValue            0x080030c5   Thumb Code    16  stm32f2xx_rcc.o(.text)
    RCC_HSICmd                               0x080030d5   Thumb Code     6  stm32f2xx_rcc.o(.text)
    RCC_LSEConfig                            0x080030db   Thumb Code    24  stm32f2xx_rcc.o(.text)
    RCC_LSICmd                               0x080030f3   Thumb Code     6  stm32f2xx_rcc.o(.text)
    RCC_PLLConfig                            0x080030f9   Thumb Code    32  stm32f2xx_rcc.o(.text)
    RCC_PLLCmd                               0x08003119   Thumb Code     6  stm32f2xx_rcc.o(.text)
    RCC_PLLI2SConfig                         0x0800311f   Thumb Code    14  stm32f2xx_rcc.o(.text)
    RCC_PLLI2SCmd                            0x0800312d   Thumb Code     6  stm32f2xx_rcc.o(.text)
    RCC_ClockSecuritySystemCmd               0x08003133   Thumb Code     6  stm32f2xx_rcc.o(.text)
    RCC_MCO1Config                           0x08003139   Thumb Code    18  stm32f2xx_rcc.o(.text)
    RCC_MCO2Config                           0x0800314b   Thumb Code    18  stm32f2xx_rcc.o(.text)
    RCC_SYSCLKConfig                         0x0800315d   Thumb Code    16  stm32f2xx_rcc.o(.text)
    RCC_GetSYSCLKSource                      0x0800316d   Thumb Code    12  stm32f2xx_rcc.o(.text)
    RCC_HCLKConfig                           0x08003179   Thumb Code    16  stm32f2xx_rcc.o(.text)
    RCC_PCLK1Config                          0x08003189   Thumb Code    16  stm32f2xx_rcc.o(.text)
    RCC_PCLK2Config                          0x08003199   Thumb Code    18  stm32f2xx_rcc.o(.text)
    RCC_GetClocksFreq                        0x080031ab   Thumb Code   136  stm32f2xx_rcc.o(.text)
    RCC_RTCCLKConfig                         0x08003233   Thumb Code    42  stm32f2xx_rcc.o(.text)
    RCC_RTCCLKCmd                            0x0800325d   Thumb Code     8  stm32f2xx_rcc.o(.text)
    RCC_BackupResetCmd                       0x08003265   Thumb Code     8  stm32f2xx_rcc.o(.text)
    RCC_I2SCLKConfig                         0x0800326d   Thumb Code     6  stm32f2xx_rcc.o(.text)
    RCC_AHB1PeriphClockCmd                   0x08003273   Thumb Code    20  stm32f2xx_rcc.o(.text)
    RCC_AHB2PeriphClockCmd                   0x08003287   Thumb Code    20  stm32f2xx_rcc.o(.text)
    RCC_AHB3PeriphClockCmd                   0x0800329b   Thumb Code    20  stm32f2xx_rcc.o(.text)
    RCC_APB1PeriphClockCmd                   0x080032af   Thumb Code    20  stm32f2xx_rcc.o(.text)
    RCC_APB2PeriphClockCmd                   0x080032c3   Thumb Code    20  stm32f2xx_rcc.o(.text)
    RCC_AHB1PeriphResetCmd                   0x080032d7   Thumb Code    20  stm32f2xx_rcc.o(.text)
    RCC_AHB2PeriphResetCmd                   0x080032eb   Thumb Code    20  stm32f2xx_rcc.o(.text)
    RCC_AHB3PeriphResetCmd                   0x080032ff   Thumb Code    20  stm32f2xx_rcc.o(.text)
    RCC_APB1PeriphResetCmd                   0x08003313   Thumb Code    20  stm32f2xx_rcc.o(.text)
    RCC_APB2PeriphResetCmd                   0x08003327   Thumb Code    20  stm32f2xx_rcc.o(.text)
    RCC_AHB1PeriphClockLPModeCmd             0x0800333b   Thumb Code    20  stm32f2xx_rcc.o(.text)
    RCC_AHB2PeriphClockLPModeCmd             0x0800334f   Thumb Code    20  stm32f2xx_rcc.o(.text)
    RCC_AHB3PeriphClockLPModeCmd             0x08003363   Thumb Code    20  stm32f2xx_rcc.o(.text)
    RCC_APB1PeriphClockLPModeCmd             0x08003377   Thumb Code    20  stm32f2xx_rcc.o(.text)
    RCC_APB2PeriphClockLPModeCmd             0x0800338b   Thumb Code    20  stm32f2xx_rcc.o(.text)
    RCC_ITConfig                             0x0800339f   Thumb Code    20  stm32f2xx_rcc.o(.text)
    RCC_ClearFlag                            0x080033b3   Thumb Code    14  stm32f2xx_rcc.o(.text)
    RCC_GetITStatus                          0x080033c1   Thumb Code    18  stm32f2xx_rcc.o(.text)
    RCC_ClearITPendingBit                    0x080033d3   Thumb Code     8  stm32f2xx_rcc.o(.text)
    ADC_DeInit                               0x08003409   Thumb Code    24  stm32f2xx_adc.o(.text)
    ADC_Init                                 0x08003421   Thumb Code    66  stm32f2xx_adc.o(.text)
    ADC_StructInit                           0x08003463   Thumb Code    20  stm32f2xx_adc.o(.text)
    ADC_CommonInit                           0x08003477   Thumb Code    40  stm32f2xx_adc.o(.text)
    ADC_CommonStructInit                     0x0800349f   Thumb Code    12  stm32f2xx_adc.o(.text)
    ADC_Cmd                                  0x080034ab   Thumb Code    20  stm32f2xx_adc.o(.text)
    ADC_AnalogWatchdogCmd                    0x080034bf   Thumb Code    12  stm32f2xx_adc.o(.text)
    ADC_AnalogWatchdogThresholdsConfig       0x080034cb   Thumb Code     6  stm32f2xx_adc.o(.text)
    ADC_AnalogWatchdogSingleChannelConfig    0x080034d1   Thumb Code    12  stm32f2xx_adc.o(.text)
    ADC_TempSensorVrefintCmd                 0x080034dd   Thumb Code    26  stm32f2xx_adc.o(.text)
    ADC_VBATCmd                              0x080034f7   Thumb Code    26  stm32f2xx_adc.o(.text)
    ADC_RegularChannelConfig                 0x08003511   Thumb Code   116  stm32f2xx_adc.o(.text)
    ADC_SoftwareStartConv                    0x08003585   Thumb Code    10  stm32f2xx_adc.o(.text)
    ADC_GetSoftwareStartConvStatus           0x0800358f   Thumb Code    14  stm32f2xx_adc.o(.text)
    ADC_EOCOnEachRegularChannelCmd           0x0800359d   Thumb Code    20  stm32f2xx_adc.o(.text)
    ADC_ContinuousModeCmd                    0x080035b1   Thumb Code    20  stm32f2xx_adc.o(.text)
    ADC_DiscModeChannelCountConfig           0x080035c5   Thumb Code    16  stm32f2xx_adc.o(.text)
    ADC_DiscModeCmd                          0x080035d5   Thumb Code    20  stm32f2xx_adc.o(.text)
    ADC_GetConversionValue                   0x080035e9   Thumb Code     6  stm32f2xx_adc.o(.text)
    ADC_GetMultiModeConversionValue          0x080035ef   Thumb Code     6  stm32f2xx_adc.o(.text)
    ADC_DMACmd                               0x080035f5   Thumb Code    20  stm32f2xx_adc.o(.text)
    ADC_DMARequestAfterLastTransferCmd       0x08003609   Thumb Code    20  stm32f2xx_adc.o(.text)
    ADC_MultiModeDMARequestAfterLastTransferCmd 0x0800361d   Thumb Code    26  stm32f2xx_adc.o(.text)
    ADC_InjectedChannelConfig                0x08003637   Thumb Code    74  stm32f2xx_adc.o(.text)
    ADC_InjectedSequencerLengthConfig        0x08003681   Thumb Code    16  stm32f2xx_adc.o(.text)
    ADC_SetInjectedOffset                    0x08003691   Thumb Code     4  stm32f2xx_adc.o(.text)
    ADC_ExternalTrigInjectedConvConfig       0x08003695   Thumb Code    12  stm32f2xx_adc.o(.text)
    ADC_ExternalTrigInjectedConvEdgeConfig   0x080036a1   Thumb Code    12  stm32f2xx_adc.o(.text)
    ADC_SoftwareStartInjectedConv            0x080036ad   Thumb Code    10  stm32f2xx_adc.o(.text)
    ADC_GetSoftwareStartInjectedConvCmdStatus 0x080036b7   Thumb Code    14  stm32f2xx_adc.o(.text)
    ADC_AutoInjectedConvCmd                  0x080036c5   Thumb Code    20  stm32f2xx_adc.o(.text)
    ADC_InjectedDiscModeCmd                  0x080036d9   Thumb Code    20  stm32f2xx_adc.o(.text)
    ADC_GetInjectedConversionValue           0x080036ed   Thumb Code     8  stm32f2xx_adc.o(.text)
    ADC_ITConfig                             0x080036f5   Thumb Code    18  stm32f2xx_adc.o(.text)
    ADC_GetFlagStatus                        0x08003707   Thumb Code    14  stm32f2xx_adc.o(.text)
    ADC_ClearFlag                            0x08003715   Thumb Code     6  stm32f2xx_adc.o(.text)
    ADC_GetITStatus                          0x0800371b   Thumb Code    30  stm32f2xx_adc.o(.text)
    ADC_ClearITPendingBit                    0x08003739   Thumb Code     8  stm32f2xx_adc.o(.text)
    DMA_DeInit                               0x0800375d   Thumb Code   270  stm32f2xx_dma.o(.text)
    DMA_Init                                 0x0800386b   Thumb Code    80  stm32f2xx_dma.o(.text)
    DMA_StructInit                           0x080038bb   Thumb Code    34  stm32f2xx_dma.o(.text)
    DMA_Cmd                                  0x080038dd   Thumb Code    20  stm32f2xx_dma.o(.text)
    DMA_PeriphIncOffsetSizeConfig            0x080038f1   Thumb Code    20  stm32f2xx_dma.o(.text)
    DMA_FlowControllerConfig                 0x08003905   Thumb Code    20  stm32f2xx_dma.o(.text)
    DMA_SetCurrDataCounter                   0x08003919   Thumb Code     4  stm32f2xx_dma.o(.text)
    DMA_GetCurrDataCounter                   0x0800391d   Thumb Code     6  stm32f2xx_dma.o(.text)
    DMA_DoubleBufferModeConfig               0x08003923   Thumb Code    22  stm32f2xx_dma.o(.text)
    DMA_DoubleBufferModeCmd                  0x08003939   Thumb Code    20  stm32f2xx_dma.o(.text)
    DMA_MemoryTargetConfig                   0x0800394d   Thumb Code    10  stm32f2xx_dma.o(.text)
    DMA_GetCurrentMemoryTarget               0x08003957   Thumb Code    14  stm32f2xx_dma.o(.text)
    DMA_GetCmdStatus                         0x08003965   Thumb Code    14  stm32f2xx_dma.o(.text)
    DMA_GetFIFOStatus                        0x08003973   Thumb Code     8  stm32f2xx_dma.o(.text)
    DMA_GetFlagStatus                        0x0800397b   Thumb Code    42  stm32f2xx_dma.o(.text)
    DMA_ClearFlag                            0x080039a5   Thumb Code    34  stm32f2xx_dma.o(.text)
    DMA_ITConfig                             0x080039c7   Thumb Code    44  stm32f2xx_dma.o(.text)
    DMA_GetITStatus                          0x080039f3   Thumb Code    70  stm32f2xx_dma.o(.text)
    DMA_ClearITPendingBit                    0x08003a39   Thumb Code    34  stm32f2xx_dma.o(.text)
    FSMC_NORSRAMDeInit                       0x08003a7d   Thumb Code    36  stm32f2xx_fsmc.o(.text)
    FSMC_NORSRAMInit                         0x08003aa1   Thumb Code   192  stm32f2xx_fsmc.o(.text)
    FSMC_NORSRAMStructInit                   0x08003b61   Thumb Code    98  stm32f2xx_fsmc.o(.text)
    FSMC_NORSRAMCmd                          0x08003bc3   Thumb Code    28  stm32f2xx_fsmc.o(.text)
    FSMC_NANDDeInit                          0x08003bdf   Thumb Code    40  stm32f2xx_fsmc.o(.text)
    FSMC_NANDInit                            0x08003c07   Thumb Code   104  stm32f2xx_fsmc.o(.text)
    FSMC_NANDStructInit                      0x08003c6f   Thumb Code    54  stm32f2xx_fsmc.o(.text)
    FSMC_NANDCmd                             0x08003ca5   Thumb Code    54  stm32f2xx_fsmc.o(.text)
    FSMC_NANDECCCmd                          0x08003cdb   Thumb Code    54  stm32f2xx_fsmc.o(.text)
    FSMC_GetECC                              0x08003d11   Thumb Code    18  stm32f2xx_fsmc.o(.text)
    FSMC_PCCARDDeInit                        0x08003d23   Thumb Code    24  stm32f2xx_fsmc.o(.text)
    FSMC_PCCARDInit                          0x08003d3b   Thumb Code   110  stm32f2xx_fsmc.o(.text)
    FSMC_PCCARDStructInit                    0x08003da9   Thumb Code    60  stm32f2xx_fsmc.o(.text)
    FSMC_PCCARDCmd                           0x08003de5   Thumb Code    24  stm32f2xx_fsmc.o(.text)
    FSMC_ITConfig                            0x08003dfd   Thumb Code    80  stm32f2xx_fsmc.o(.text)
    FSMC_GetFlagStatus                       0x08003e4d   Thumb Code    40  stm32f2xx_fsmc.o(.text)
    FSMC_ClearFlag                           0x08003e75   Thumb Code    42  stm32f2xx_fsmc.o(.text)
    FSMC_GetITStatus                         0x08003e9f   Thumb Code    48  stm32f2xx_fsmc.o(.text)
    FSMC_ClearITPendingBit                   0x08003ecf   Thumb Code    44  stm32f2xx_fsmc.o(.text)
    SPI_I2S_DeInit                           0x08003f05   Thumb Code    72  stm32f2xx_spi.o(.text)
    SPI_Init                                 0x08003f4d   Thumb Code    56  stm32f2xx_spi.o(.text)
    I2S_Init                                 0x08003f85   Thumb Code   182  stm32f2xx_spi.o(.text)
    SPI_StructInit                           0x0800403b   Thumb Code    24  stm32f2xx_spi.o(.text)
    I2S_StructInit                           0x08004053   Thumb Code    18  stm32f2xx_spi.o(.text)
    SPI_Cmd                                  0x08004065   Thumb Code    20  stm32f2xx_spi.o(.text)
    I2S_Cmd                                  0x08004079   Thumb Code    20  stm32f2xx_spi.o(.text)
    SPI_DataSizeConfig                       0x0800408d   Thumb Code    16  stm32f2xx_spi.o(.text)
    SPI_BiDirectionalLineConfig              0x0800409d   Thumb Code    22  stm32f2xx_spi.o(.text)
    SPI_NSSInternalSoftwareConfig            0x080040b3   Thumb Code    24  stm32f2xx_spi.o(.text)
    SPI_SSOutputCmd                          0x080040cb   Thumb Code    20  stm32f2xx_spi.o(.text)
    SPI_TIModeCmd                            0x080040df   Thumb Code    20  stm32f2xx_spi.o(.text)
    SPI_I2S_ReceiveData                      0x080040f3   Thumb Code     4  stm32f2xx_spi.o(.text)
    SPI_I2S_SendData                         0x080040f7   Thumb Code     4  stm32f2xx_spi.o(.text)
    SPI_CalculateCRC                         0x080040fb   Thumb Code    20  stm32f2xx_spi.o(.text)
    SPI_TransmitCRC                          0x0800410f   Thumb Code    10  stm32f2xx_spi.o(.text)
    SPI_GetCRC                               0x08004119   Thumb Code    12  stm32f2xx_spi.o(.text)
    SPI_GetCRCPolynomial                     0x08004125   Thumb Code     4  stm32f2xx_spi.o(.text)
    SPI_I2S_DMACmd                           0x08004129   Thumb Code    16  stm32f2xx_spi.o(.text)
    SPI_I2S_ITConfig                         0x08004139   Thumb Code    24  stm32f2xx_spi.o(.text)
    SPI_I2S_GetFlagStatus                    0x08004151   Thumb Code    14  stm32f2xx_spi.o(.text)
    SPI_I2S_ClearFlag                        0x0800415f   Thumb Code     6  stm32f2xx_spi.o(.text)
    SPI_I2S_GetITStatus                      0x08004165   Thumb Code    42  stm32f2xx_spi.o(.text)
    SPI_I2S_ClearITPendingBit                0x0800418f   Thumb Code    14  stm32f2xx_spi.o(.text)
    SystemInit                               0x080041b1   Thumb Code    62  system_stm32f2xx.o(.text)
    SystemCoreClockUpdate                    0x080041ef   Thumb Code   108  system_stm32f2xx.o(.text)
    __use_no_semihosting                     0x080042f5   Thumb Code     2  use_no_semi_2.o(.text)
    __2printf                                0x080042f9   Thumb Code    20  noretval__2printf.o(.text)
    _printf_pre_padding                      0x08004311   Thumb Code    46  _printf_pad.o(.text)
    _printf_post_padding                     0x0800433f   Thumb Code    36  _printf_pad.o(.text)
    _printf_str                              0x08004363   Thumb Code    82  _printf_str.o(.text)
    _printf_int_dec                          0x080043b5   Thumb Code   102  _printf_dec.o(.text)
    __printf                                 0x0800442d   Thumb Code   270  __printf_wp.o(.text)
    __aeabi_memcpy                           0x0800453b   Thumb Code     0  rt_memcpy_v6.o(.text)
    __rt_memcpy                              0x0800453b   Thumb Code   138  rt_memcpy_v6.o(.text)
    _memcpy_lastbytes                        0x080045a1   Thumb Code     0  rt_memcpy_v6.o(.text)
    __aeabi_memclr4                          0x080045c5   Thumb Code     0  rt_memclr_w.o(.text)
    __aeabi_memclr8                          0x080045c5   Thumb Code     0  rt_memclr_w.o(.text)
    __rt_memclr_w                            0x080045c5   Thumb Code    78  rt_memclr_w.o(.text)
    _memset_w                                0x080045c9   Thumb Code     0  rt_memclr_w.o(.text)
    __use_two_region_memory                  0x08004613   Thumb Code     2  heapauxi.o(.text)
    __rt_heap_escrow$2region                 0x08004615   Thumb Code     2  heapauxi.o(.text)
    __rt_heap_expand$2region                 0x08004617   Thumb Code     2  heapauxi.o(.text)
    __I$use$semihosting                      0x08004619   Thumb Code     0  use_no_semi.o(.text)
    __use_no_semihosting_swi                 0x08004619   Thumb Code     2  use_no_semi.o(.text)
    __read_errno                             0x0800461b   Thumb Code    10  _rserrno.o(.text)
    __set_errno                              0x08004625   Thumb Code    12  _rserrno.o(.text)
    _printf_int_common                       0x08004631   Thumb Code   184  _printf_intcommon.o(.text)
    __lib_sel_fp_printf                      0x080046e9   Thumb Code     2  _printf_fp_dec.o(.text)
    _printf_fp_dec_real                      0x08004897   Thumb Code   626  _printf_fp_dec.o(.text)
    _printf_cs_common                        0x08004b09   Thumb Code    20  _printf_char.o(.text)
    _printf_char                             0x08004b1d   Thumb Code    16  _printf_char.o(.text)
    _printf_string                           0x08004b2d   Thumb Code     8  _printf_char.o(.text)
    _printf_char_file                        0x08004b35   Thumb Code    32  _printf_char_file.o(.text)
    __aeabi_memcpy4                          0x08004b59   Thumb Code     0  rt_memcpy_w.o(.text)
    __aeabi_memcpy8                          0x08004b59   Thumb Code     0  rt_memcpy_w.o(.text)
    __rt_memcpy_w                            0x08004b59   Thumb Code   100  rt_memcpy_w.o(.text)
    _memcpy_lastbytes_aligned                0x08004ba1   Thumb Code     0  rt_memcpy_w.o(.text)
    __rt_locale                              0x08004bbd   Thumb Code     8  rt_locale_intlibspace.o(.text)
    __aeabi_errno_addr                       0x08004bc5   Thumb Code     8  rt_errno_addr_intlibspace.o(.text)
    __errno$intlibspace                      0x08004bc5   Thumb Code     0  rt_errno_addr_intlibspace.o(.text)
    __rt_errno_addr$intlibspace              0x08004bc5   Thumb Code     0  rt_errno_addr_intlibspace.o(.text)
    _ll_udiv10                               0x08004bcd   Thumb Code   138  lludiv10.o(.text)
    _printf_char_common                      0x08004c63   Thumb Code    32  _printf_char_common.o(.text)
    _printf_fp_infnan                        0x08004c89   Thumb Code   112  _printf_fp_infnan.o(.text)
    _btod_etento                             0x08004d09   Thumb Code   222  bigflt0.o(.text)
    ferror                                   0x08004ded   Thumb Code     8  ferror.o(.text)
    __user_libspace                          0x08004df5   Thumb Code     8  libspace.o(.text)
    __user_perproc_libspace                  0x08004df5   Thumb Code     0  libspace.o(.text)
    __user_perthread_libspace                0x08004df5   Thumb Code     0  libspace.o(.text)
    __user_setup_stackheap                   0x08004dfd   Thumb Code    74  sys_stackheap_outer.o(.text)
    exit                                     0x08004e47   Thumb Code    12  exit.o(.text)
    strcmp                                   0x08004e55   Thumb Code   128  strcmpv7m.o(.text)
    __rt_fp_status_addr                      0x08004ed5   Thumb Code     8  rt_fp_status_addr_intlibspace.o(.text)
    _btod_d2e                                0x08004edd   Thumb Code    62  btod.o(CL$$btod_d2e)
    _d2e_denorm_low                          0x08004f1b   Thumb Code    70  btod.o(CL$$btod_d2e_denorm_low)
    _d2e_norm_op1                            0x08004f61   Thumb Code    96  btod.o(CL$$btod_d2e_norm_op1)
    __btod_div_common                        0x08004fc1   Thumb Code   696  btod.o(CL$$btod_div_common)
    _e2e                                     0x080052f9   Thumb Code   198  btod.o(CL$$btod_e2e)
    _btod_ediv                               0x080053bf   Thumb Code    40  btod.o(CL$$btod_ediv)
    _btod_emul                               0x080053e7   Thumb Code    40  btod.o(CL$$btod_emul)
    __btod_mult_common                       0x0800540f   Thumb Code   580  btod.o(CL$$btod_mult_common)
    LCD_WriteReg                             0x08005655   Thumb Code    12  lcd.o(i.LCD_WriteReg)
    __ARM_fpclassify                         0x08005665   Thumb Code    40  fpclassify.o(i.__ARM_fpclassify)
    __kernel_poly                            0x0800568d   Thumb Code   170  poly.o(i.__kernel_poly)
    _is_digit                                0x08005737   Thumb Code    14  __printf_wp.o(i._is_digit)
    log                                      0x08005745   Thumb Code   820  log.o(i.log)
    _get_lc_numeric                          0x08005ab1   Thumb Code    44  lc_numeric_c.o(locale$$code)
    __aeabi_d2f                              0x08005add   Thumb Code     0  d2f.o(x$fpl$d2f)
    _d2f                                     0x08005add   Thumb Code    98  d2f.o(x$fpl$d2f)
    __aeabi_dadd                             0x08005b41   Thumb Code     0  daddsub_clz.o(x$fpl$dadd)
    _dadd                                    0x08005b41   Thumb Code   332  daddsub_clz.o(x$fpl$dadd)
    __fpl_dcheck_NaN1                        0x08005c91   Thumb Code    10  dcheck1.o(x$fpl$dcheck1)
    __fpl_dcmp_Inf                           0x08005ca1   Thumb Code    24  dcmpi.o(x$fpl$dcmpinf)
    __aeabi_ddiv                             0x08005cb9   Thumb Code     0  ddiv.o(x$fpl$ddiv)
    _ddiv                                    0x08005cb9   Thumb Code   552  ddiv.o(x$fpl$ddiv)
    __aeabi_cdcmpeq                          0x08005f69   Thumb Code     0  deqf.o(x$fpl$deqf)
    _dcmpeq                                  0x08005f69   Thumb Code   120  deqf.o(x$fpl$deqf)
    __aeabi_d2uiz                            0x08005fe1   Thumb Code     0  dfixu.o(x$fpl$dfixu)
    _dfixu                                   0x08005fe1   Thumb Code    90  dfixu.o(x$fpl$dfixu)
    __aeabi_i2d                              0x0800603b   Thumb Code     0  dflt_clz.o(x$fpl$dflt)
    _dflt                                    0x0800603b   Thumb Code    46  dflt_clz.o(x$fpl$dflt)
    __aeabi_ui2d                             0x08006069   Thumb Code     0  dflt_clz.o(x$fpl$dfltu)
    _dfltu                                   0x08006069   Thumb Code    38  dflt_clz.o(x$fpl$dfltu)
    __aeabi_dmul                             0x08006091   Thumb Code     0  dmul.o(x$fpl$dmul)
    _dmul                                    0x08006091   Thumb Code   332  dmul.o(x$fpl$dmul)
    __fpl_dnaninf                            0x080061e5   Thumb Code   156  dnaninf.o(x$fpl$dnaninf)
    __fpl_dretinf                            0x08006281   Thumb Code    12  dretinf.o(x$fpl$dretinf)
    __aeabi_drsub                            0x0800628d   Thumb Code     0  daddsub_clz.o(x$fpl$drsb)
    _drsb                                    0x0800628d   Thumb Code    22  daddsub_clz.o(x$fpl$drsb)
    __aeabi_dsub                             0x080062a5   Thumb Code     0  daddsub_clz.o(x$fpl$dsub)
    _dsub                                    0x080062a5   Thumb Code   464  daddsub_clz.o(x$fpl$dsub)
    __aeabi_f2d                              0x08006479   Thumb Code     0  f2d.o(x$fpl$f2d)
    _f2d                                     0x08006479   Thumb Code    86  f2d.o(x$fpl$f2d)
    __aeabi_fadd                             0x080064d1   Thumb Code     0  faddsub_clz.o(x$fpl$fadd)
    _fadd                                    0x080064d1   Thumb Code   196  faddsub_clz.o(x$fpl$fadd)
    __aeabi_fdiv                             0x08006595   Thumb Code     0  fdiv.o(x$fpl$fdiv)
    _fdiv                                    0x08006595   Thumb Code   384  fdiv.o(x$fpl$fdiv)
    __aeabi_f2uiz                            0x08006719   Thumb Code     0  ffixu.o(x$fpl$ffixu)
    _ffixu                                   0x08006719   Thumb Code    62  ffixu.o(x$fpl$ffixu)
    __fpl_fnaninf                            0x08006757   Thumb Code   140  fnaninf.o(x$fpl$fnaninf)
    _fp_init                                 0x080067e3   Thumb Code    14  fpinit.o(x$fpl$fpinit)
    __fplib_config_pureend_doubles           0x080067ef   Thumb Code     0  fpinit.o(x$fpl$fpinit)
    __fpl_fretinf                            0x080067f1   Thumb Code    10  fretinf.o(x$fpl$fretinf)
    __aeabi_fsub                             0x080067fd   Thumb Code     0  faddsub_clz.o(x$fpl$fsub)
    _fsub                                    0x080067fd   Thumb Code   234  faddsub_clz.o(x$fpl$fsub)
    _printf_fp_dec                           0x080068e7   Thumb Code     4  printf1.o(x$fpl$printf1)
    __fpl_return_NaN                         0x080068eb   Thumb Code   100  retnan.o(x$fpl$retnan)
    __ARM_scalbn                             0x0800694f   Thumb Code    92  scalbn.o(x$fpl$scalbn)
    __fpl_cmpreturn                          0x080069ab   Thumb Code    48  trapv.o(x$fpl$trapveneer)
    __I$use$fp                               0x080069db   Thumb Code     0  usenofp.o(x$fpl$usenofp)
    __mathlib_zero                           0x08007008   Data           8  qnan.o(.constdata)
    Region$$Table$$Base                      0x080070a4   Number         0  anon$$obj.o(Region$$Table)
    Region$$Table$$Limit                     0x080070c4   Number         0  anon$$obj.o(Region$$Table)
    ADC3ConvertedValue                       0x20000000   Data           2  main.o(.data)
    ADC3ConvertedVoltage                     0x20000004   Data           4  main.o(.data)
    __stdout                                 0x20000010   Data           4  usart.o(.data)
    DeviceCode                               0x20000016   Data           2  lcd.o(.data)
    DisplaySample                            0x2000001c   Data          12  touchpanel.o(.data)
    display                                  0x20000028   Data           4  touchpanel.o(.data)
    SystemCoreClock                          0x2000003c   Data           4  system_stm32f2xx.o(.data)
    AHBPrescTable                            0x20000040   Data          16  system_stm32f2xx.o(.data)
    matrix                                   0x20000050   Data          56  touchpanel.o(.bss)
    ScreenSample                             0x20000088   Data          12  touchpanel.o(.bss)
    __libspace_start                         0x20000094   Data          96  libspace.o(.bss)
    __temporary_stack_top$libspace           0x200000f4   Data           0  libspace.o(.bss)



==============================================================================

Memory Map of the image

  Image Entry point : 0x08000185

  Load Region LR_IROM1 (Base: 0x08000000, Size: 0x00007130, Max: 0x00080000, ABSOLUTE)

    Execution Region ER_IROM1 (Base: 0x08000000, Size: 0x000070e0, Max: 0x00080000, ABSOLUTE)

    Base Addr    Size         Type   Attr      Idx    E Section Name        Object

    0x08000000   0x00000184   Data   RO          274    RESET               startup_stm32f2xx.o
    0x08000184   0x00000008   Code   RO          452  * !!!main             c_w.l(__main.o)
    0x0800018c   0x00000034   Code   RO          752    !!!scatter          c_w.l(__scatter.o)
    0x080001c0   0x0000001a   Code   RO          754    !!handler_copy      c_w.l(__scatter_copy.o)
    0x080001da   0x00000002   PAD
    0x080001dc   0x0000001c   Code   RO          756    !!handler_zi        c_w.l(__scatter_zi.o)
    0x080001f8   0x00000000   Code   RO          445    .ARM.Collect$$_printf_percent$$00000000  c_w.l(_printf_percent.o)
    0x080001f8   0x00000006   Code   RO          444    .ARM.Collect$$_printf_percent$$00000003  c_w.l(_printf_f.o)
    0x080001fe   0x00000006   Code   RO          443    .ARM.Collect$$_printf_percent$$00000009  c_w.l(_printf_d.o)
    0x08000204   0x00000006   Code   RO          442    .ARM.Collect$$_printf_percent$$00000013  c_w.l(_printf_c.o)
    0x0800020a   0x00000004   Code   RO          521    .ARM.Collect$$_printf_percent$$00000017  c_w.l(_printf_percent_end.o)
    0x0800020e   0x00000006   Code   RO          625    .ARM.Collect$$libinit$$00000000  c_w.l(libinit.o)
    0x08000214   0x00000000   Code   RO          628    .ARM.Collect$$libinit$$00000006  c_w.l(libinit2.o)
    0x08000214   0x00000000   Code   RO          630    .ARM.Collect$$libinit$$00000008  c_w.l(libinit2.o)
    0x08000214   0x00000000   Code   RO          632    .ARM.Collect$$libinit$$0000000A  c_w.l(libinit2.o)
    0x08000214   0x00000006   Code   RO          633    .ARM.Collect$$libinit$$0000000B  c_w.l(libinit2.o)
    0x0800021a   0x00000000   Code   RO          635    .ARM.Collect$$libinit$$0000000D  c_w.l(libinit2.o)
    0x0800021a   0x00000000   Code   RO          637    .ARM.Collect$$libinit$$0000000F  c_w.l(libinit2.o)
    0x0800021a   0x00000000   Code   RO          639    .ARM.Collect$$libinit$$00000011  c_w.l(libinit2.o)
    0x0800021a   0x0000000a   Code   RO          640    .ARM.Collect$$libinit$$00000012  c_w.l(libinit2.o)
    0x08000224   0x00000000   Code   RO          641    .ARM.Collect$$libinit$$00000013  c_w.l(libinit2.o)
    0x08000224   0x00000000   Code   RO          643    .ARM.Collect$$libinit$$00000015  c_w.l(libinit2.o)
    0x08000224   0x00000000   Code   RO          645    .ARM.Collect$$libinit$$00000017  c_w.l(libinit2.o)
    0x08000224   0x00000000   Code   RO          647    .ARM.Collect$$libinit$$00000019  c_w.l(libinit2.o)
    0x08000224   0x00000000   Code   RO          649    .ARM.Collect$$libinit$$0000001B  c_w.l(libinit2.o)
    0x08000224   0x00000000   Code   RO          651    .ARM.Collect$$libinit$$0000001D  c_w.l(libinit2.o)
    0x08000224   0x00000000   Code   RO          653    .ARM.Collect$$libinit$$0000001F  c_w.l(libinit2.o)
    0x08000224   0x00000000   Code   RO          655    .ARM.Collect$$libinit$$00000021  c_w.l(libinit2.o)
    0x08000224   0x00000000   Code   RO          659    .ARM.Collect$$libinit$$00000028  c_w.l(libinit2.o)
    0x08000224   0x00000000   Code   RO          661    .ARM.Collect$$libinit$$0000002A  c_w.l(libinit2.o)
    0x08000224   0x00000000   Code   RO          663    .ARM.Collect$$libinit$$0000002C  c_w.l(libinit2.o)
    0x08000224   0x00000000   Code   RO          665    .ARM.Collect$$libinit$$0000002E  c_w.l(libinit2.o)
    0x08000224   0x00000002   Code   RO          666    .ARM.Collect$$libinit$$0000002F  c_w.l(libinit2.o)
    0x08000226   0x00000002   Code   RO          703    .ARM.Collect$$libshutdown$$00000000  c_w.l(libshutdown.o)
    0x08000228   0x00000000   Code   RO          713    .ARM.Collect$$libshutdown$$00000003  c_w.l(libshutdown2.o)
    0x08000228   0x00000000   Code   RO          716    .ARM.Collect$$libshutdown$$00000006  c_w.l(libshutdown2.o)
    0x08000228   0x00000000   Code   RO          719    .ARM.Collect$$libshutdown$$00000009  c_w.l(libshutdown2.o)
    0x08000228   0x00000000   Code   RO          721    .ARM.Collect$$libshutdown$$0000000B  c_w.l(libshutdown2.o)
    0x08000228   0x00000000   Code   RO          724    .ARM.Collect$$libshutdown$$0000000E  c_w.l(libshutdown2.o)
    0x08000228   0x00000002   Code   RO          725    .ARM.Collect$$libshutdown$$0000000F  c_w.l(libshutdown2.o)
    0x0800022a   0x00000000   Code   RO          510    .ARM.Collect$$rtentry$$00000000  c_w.l(rtentry.o)
    0x0800022a   0x00000000   Code   RO          541    .ARM.Collect$$rtentry$$00000002  c_w.l(rtentry2.o)
    0x0800022a   0x00000006   Code   RO          553    .ARM.Collect$$rtentry$$00000004  c_w.l(rtentry4.o)
    0x08000230   0x00000000   Code   RO          543    .ARM.Collect$$rtentry$$00000009  c_w.l(rtentry2.o)
    0x08000230   0x00000004   Code   RO          544    .ARM.Collect$$rtentry$$0000000A  c_w.l(rtentry2.o)
    0x08000234   0x00000000   Code   RO          546    .ARM.Collect$$rtentry$$0000000C  c_w.l(rtentry2.o)
    0x08000234   0x00000008   Code   RO          547    .ARM.Collect$$rtentry$$0000000D  c_w.l(rtentry2.o)
    0x0800023c   0x00000002   Code   RO          669    .ARM.Collect$$rtexit$$00000000  c_w.l(rtexit.o)
    0x0800023e   0x00000000   Code   RO          678    .ARM.Collect$$rtexit$$00000002  c_w.l(rtexit2.o)
    0x0800023e   0x00000004   Code   RO          679    .ARM.Collect$$rtexit$$00000003  c_w.l(rtexit2.o)
    0x08000242   0x00000006   Code   RO          680    .ARM.Collect$$rtexit$$00000004  c_w.l(rtexit2.o)
    0x08000248   0x00000460   Code   RO            1    .text               main.o
    0x080006a8   0x00000070   Code   RO          145    .text               stm32f2xx_it.o
    0x08000718   0x000000f0   Code   RO          175    .text               usart.o
    0x08000808   0x00000014   Code   RO          194    .text               asciilib.o
    0x0800081c   0x00001ac0   Code   RO          214    .text               lcd.o
    0x080022dc   0x0000073c   Code   RO          251    .text               touchpanel.o
    0x08002a18   0x00000040   Code   RO          275    .text               startup_stm32f2xx.o
    0x08002a58   0x000000b0   Code   RO          280    .text               misc.o
    0x08002b08   0x000001e8   Code   RO          292    .text               stm32f2xx_gpio.o
    0x08002cf0   0x00000344   Code   RO          304    .text               stm32f2xx_usart.o
    0x08003034   0x000003d4   Code   RO          316    .text               stm32f2xx_rcc.o
    0x08003408   0x00000354   Code   RO          330    .text               stm32f2xx_adc.o
    0x0800375c   0x00000320   Code   RO          342    .text               stm32f2xx_dma.o
    0x08003a7c   0x00000488   Code   RO          354    .text               stm32f2xx_fsmc.o
    0x08003f04   0x000002ac   Code   RO          366    .text               stm32f2xx_spi.o
    0x080041b0   0x00000144   Code   RO          388    .text               system_stm32f2xx.o
    0x080042f4   0x00000002   Code   RO          408    .text               c_w.l(use_no_semi_2.o)
    0x080042f6   0x00000002   PAD
    0x080042f8   0x00000018   Code   RO          412    .text               c_w.l(noretval__2printf.o)
    0x08004310   0x00000052   Code   RO          416    .text               c_w.l(_printf_pad.o)
    0x08004362   0x00000052   Code   RO          418    .text               c_w.l(_printf_str.o)
    0x080043b4   0x00000078   Code   RO          420    .text               c_w.l(_printf_dec.o)
    0x0800442c   0x0000010e   Code   RO          430    .text               c_w.l(__printf_wp.o)
    0x0800453a   0x0000008a   Code   RO          446    .text               c_w.l(rt_memcpy_v6.o)
    0x080045c4   0x0000004e   Code   RO          448    .text               c_w.l(rt_memclr_w.o)
    0x08004612   0x00000006   Code   RO          450    .text               c_w.l(heapauxi.o)
    0x08004618   0x00000002   Code   RO          508    .text               c_w.l(use_no_semi.o)
    0x0800461a   0x00000016   Code   RO          511    .text               c_w.l(_rserrno.o)
    0x08004630   0x000000b8   Code   RO          513    .text               c_w.l(_printf_intcommon.o)
    0x080046e8   0x00000420   Code   RO          515    .text               c_w.l(_printf_fp_dec.o)
    0x08004b08   0x0000002c   Code   RO          517    .text               c_w.l(_printf_char.o)
    0x08004b34   0x00000024   Code   RO          519    .text               c_w.l(_printf_char_file.o)
    0x08004b58   0x00000064   Code   RO          522    .text               c_w.l(rt_memcpy_w.o)
    0x08004bbc   0x00000008   Code   RO          558    .text               c_w.l(rt_locale_intlibspace.o)
    0x08004bc4   0x00000008   Code   RO          563    .text               c_w.l(rt_errno_addr_intlibspace.o)
    0x08004bcc   0x0000008a   Code   RO          565    .text               c_w.l(lludiv10.o)
    0x08004c56   0x00000002   PAD
    0x08004c58   0x00000030   Code   RO          567    .text               c_w.l(_printf_char_common.o)
    0x08004c88   0x00000080   Code   RO          569    .text               c_w.l(_printf_fp_infnan.o)
    0x08004d08   0x000000e4   Code   RO          571    .text               c_w.l(bigflt0.o)
    0x08004dec   0x00000008   Code   RO          596    .text               c_w.l(ferror.o)
    0x08004df4   0x00000008   Code   RO          609    .text               c_w.l(libspace.o)
    0x08004dfc   0x0000004a   Code   RO          612    .text               c_w.l(sys_stackheap_outer.o)
    0x08004e46   0x0000000c   Code   RO          616    .text               c_w.l(exit.o)
    0x08004e52   0x00000002   PAD
    0x08004e54   0x00000080   Code   RO          618    .text               c_w.l(strcmpv7m.o)
    0x08004ed4   0x00000008   Code   RO          687    .text               c_w.l(rt_fp_status_addr_intlibspace.o)
    0x08004edc   0x0000003e   Code   RO          574    CL$$btod_d2e        c_w.l(btod.o)
    0x08004f1a   0x00000046   Code   RO          576    CL$$btod_d2e_denorm_low  c_w.l(btod.o)
    0x08004f60   0x00000060   Code   RO          575    CL$$btod_d2e_norm_op1  c_w.l(btod.o)
    0x08004fc0   0x00000338   Code   RO          584    CL$$btod_div_common  c_w.l(btod.o)
    0x080052f8   0x000000c6   Code   RO          581    CL$$btod_e2e        c_w.l(btod.o)
    0x080053be   0x00000028   Code   RO          578    CL$$btod_ediv       c_w.l(btod.o)
    0x080053e6   0x00000028   Code   RO          577    CL$$btod_emul       c_w.l(btod.o)
    0x0800540e   0x00000244   Code   RO          583    CL$$btod_mult_common  c_w.l(btod.o)
    0x08005652   0x00000002   PAD
    0x08005654   0x00000010   Code   RO          227    i.LCD_WriteReg      lcd.o
    0x08005664   0x00000028   Code   RO          607    i.__ARM_fpclassify  m_ws.l(fpclassify.o)
    0x0800568c   0x000000aa   Code   RO          537    i.__kernel_poly     m_ws.l(poly.o)
    0x08005736   0x0000000e   Code   RO          432    i._is_digit         c_w.l(__printf_wp.o)
    0x08005744   0x0000036c   Code   RO          499    i.log               m_ws.l(log.o)
    0x08005ab0   0x0000002c   Code   RO          601    locale$$code        c_w.l(lc_numeric_c.o)
    0x08005adc   0x00000062   Code   RO          454    x$fpl$d2f           fz_ws.l(d2f.o)
    0x08005b3e   0x00000002   PAD
    0x08005b40   0x00000150   Code   RO          456    x$fpl$dadd          fz_ws.l(daddsub_clz.o)
    0x08005c90   0x00000010   Code   RO          603    x$fpl$dcheck1       fz_ws.l(dcheck1.o)
    0x08005ca0   0x00000018   Code   RO          524    x$fpl$dcmpinf       fz_ws.l(dcmpi.o)
    0x08005cb8   0x000002b0   Code   RO          463    x$fpl$ddiv          fz_ws.l(ddiv.o)
    0x08005f68   0x00000078   Code   RO          466    x$fpl$deqf          fz_ws.l(deqf.o)
    0x08005fe0   0x0000005a   Code   RO          468    x$fpl$dfixu         fz_ws.l(dfixu.o)
    0x0800603a   0x0000002e   Code   RO          473    x$fpl$dflt          fz_ws.l(dflt_clz.o)
    0x08006068   0x00000026   Code   RO          472    x$fpl$dfltu         fz_ws.l(dflt_clz.o)
    0x0800608e   0x00000002   PAD
    0x08006090   0x00000154   Code   RO          478    x$fpl$dmul          fz_ws.l(dmul.o)
    0x080061e4   0x0000009c   Code   RO          526    x$fpl$dnaninf       fz_ws.l(dnaninf.o)
    0x08006280   0x0000000c   Code   RO          528    x$fpl$dretinf       fz_ws.l(dretinf.o)
    0x0800628c   0x00000016   Code   RO          457    x$fpl$drsb          fz_ws.l(daddsub_clz.o)
    0x080062a2   0x00000002   PAD
    0x080062a4   0x000001d4   Code   RO          458    x$fpl$dsub          fz_ws.l(daddsub_clz.o)
    0x08006478   0x00000056   Code   RO          480    x$fpl$f2d           fz_ws.l(f2d.o)
    0x080064ce   0x00000002   PAD
    0x080064d0   0x000000c4   Code   RO          482    x$fpl$fadd          fz_ws.l(faddsub_clz.o)
    0x08006594   0x00000184   Code   RO          489    x$fpl$fdiv          fz_ws.l(fdiv.o)
    0x08006718   0x0000003e   Code   RO          492    x$fpl$ffixu         fz_ws.l(ffixu.o)
    0x08006756   0x0000008c   Code   RO          530    x$fpl$fnaninf       fz_ws.l(fnaninf.o)
    0x080067e2   0x0000000e   Code   RO          673    x$fpl$fpinit        fz_ws.l(fpinit.o)
    0x080067f0   0x0000000a   Code   RO          532    x$fpl$fretinf       fz_ws.l(fretinf.o)
    0x080067fa   0x00000002   PAD
    0x080067fc   0x000000ea   Code   RO          484    x$fpl$fsub          fz_ws.l(faddsub_clz.o)
    0x080068e6   0x00000004   Code   RO          496    x$fpl$printf1       fz_ws.l(printf1.o)
    0x080068ea   0x00000064   Code   RO          667    x$fpl$retnan        fz_ws.l(retnan.o)
    0x0800694e   0x0000005c   Code   RO          534    x$fpl$scalbn        fz_ws.l(scalbn.o)
    0x080069aa   0x00000030   Code   RO          675    x$fpl$trapveneer    fz_ws.l(trapv.o)
    0x080069da   0x00000000   Code   RO          536    x$fpl$usenofp       fz_ws.l(usenofp.o)
    0x080069da   0x000005f0   Data   RO          195    .constdata          asciilib.o
    0x08006fca   0x00000006   PAD
    0x08006fd0   0x00000038   Data   RO          500    .constdata          m_ws.l(log.o)
    0x08007008   0x00000008   Data   RO          539    .constdata          m_ws.l(qnan.o)
    0x08007010   0x00000094   Data   RO          572    .constdata          c_w.l(bigflt0.o)
    0x080070a4   0x00000020   Data   RO          750    Region$$Table       anon$$obj.o
    0x080070c4   0x0000001c   Data   RO          600    locale$$data        c_w.l(lc_numeric_c.o)


    Execution Region RW_IRAM1 (Base: 0x20000000, Size: 0x000006f8, Max: 0x00020000, ABSOLUTE)

    Base Addr    Size         Type   Attr      Idx    E Section Name        Object

    0x20000000   0x00000010   Data   RW            2    .data               main.o
    0x20000010   0x00000004   Data   RW          176    .data               usart.o
    0x20000014   0x00000004   Data   RW          215    .data               lcd.o
    0x20000018   0x00000010   Data   RW          253    .data               touchpanel.o
    0x20000028   0x00000004   Data   RW          254    .data               touchpanel.o
    0x2000002c   0x00000010   Data   RW          317    .data               stm32f2xx_rcc.o
    0x2000003c   0x00000014   Data   RW          389    .data               system_stm32f2xx.o
    0x20000050   0x00000044   Zero   RW          252    .bss                touchpanel.o
    0x20000094   0x00000060   Zero   RW          610    .bss                c_w.l(libspace.o)
    0x200000f4   0x00000004   PAD
    0x200000f8   0x00000200   Zero   RW          273    HEAP                startup_stm32f2xx.o
    0x200002f8   0x00000400   Zero   RW          272    STACK               startup_stm32f2xx.o


==============================================================================

Image component sizes


      Code (inc. data)   RO Data    RW Data    ZI Data      Debug   Object Name

        20          4       1520          0          0        927   asciilib.o
      6864         58          0          4          0      10913   lcd.o
      1120        246          0         16          0     279503   main.o
       176         16          0          0          0       1953   misc.o
        64         26        388          0       1536        892   startup_stm32f2xx.o
       852         28          0          0          0      10586   stm32f2xx_adc.o
       800         34          0          0          0       6809   stm32f2xx_dma.o
      1160         10          0          0          0       5843   stm32f2xx_fsmc.o
       488         38          0          0          0       4181   stm32f2xx_gpio.o
       112         56          0          0          0       1376   stm32f2xx_it.o
       980         46          0         16          0      11299   stm32f2xx_rcc.o
       684         20          0          0          0       6828   stm32f2xx_spi.o
       836         26          0          0          0       8152   stm32f2xx_usart.o
       324         36          0         20          0       2015   system_stm32f2xx.o
      1852         60          0         20         68       6975   touchpanel.o
       240         10          0          4          0       2806   usart.o

    ----------------------------------------------------------------------
     16572        714       1946         80       1604     361058   Object Totals
         0          0         32          0          0          0   (incl. Generated)
         0          0          6          0          0          0   (incl. Padding)

    ----------------------------------------------------------------------

      Code (inc. data)   RO Data    RW Data    ZI Data      Debug   Library Member Name

         8          0          0          0          0         68   __main.o
       284          0          0          0          0        156   __printf_wp.o
        52          8          0          0          0          0   __scatter.o
        26          0          0          0          0          0   __scatter_copy.o
        28          0          0          0          0          0   __scatter_zi.o
         6          0          0          0          0          0   _printf_c.o
        44          0          0          0          0        108   _printf_char.o
        48          6          0          0          0         96   _printf_char_common.o
        36          4          0          0          0         80   _printf_char_file.o
         6          0          0          0          0          0   _printf_d.o
       120         18          0          0          0         92   _printf_dec.o
         6          0          0          0          0          0   _printf_f.o
      1056          0          0          0          0        216   _printf_fp_dec.o
       128         16          0          0          0         84   _printf_fp_infnan.o
       184          0          0          0          0         88   _printf_intcommon.o
        82          0          0          0          0        108   _printf_pad.o
         0          0          0          0          0          0   _printf_percent.o
         4          0          0          0          0          0   _printf_percent_end.o
        82          0          0          0          0         80   _printf_str.o
        22          0          0          0          0        100   _rserrno.o
       228          6        148          0          0         96   bigflt0.o
      1910        128          0          0          0        672   btod.o
        12          0          0          0          0         72   exit.o
         8          0          0          0          0         68   ferror.o
         6          0          0          0          0        152   heapauxi.o
        44         10         28          0          0         76   lc_numeric_c.o
         6          0          0          0          0          0   libinit.o
        18          0          0          0          0          0   libinit2.o
         2          0          0          0          0          0   libshutdown.o
         2          0          0          0          0          0   libshutdown2.o
         8          4          0          0         96         68   libspace.o
       138          0          0          0          0         80   lludiv10.o
        24          4          0          0          0         84   noretval__2printf.o
         8          4          0          0          0         68   rt_errno_addr_intlibspace.o
         8          4          0          0          0         68   rt_fp_status_addr_intlibspace.o
         8          4          0          0          0         68   rt_locale_intlibspace.o
        78          0          0          0          0         80   rt_memclr_w.o
       138          0          0          0          0         68   rt_memcpy_v6.o
       100          0          0          0          0         80   rt_memcpy_w.o
         0          0          0          0          0          0   rtentry.o
        12          0          0          0          0          0   rtentry2.o
         6          0          0          0          0          0   rtentry4.o
         2          0          0          0          0          0   rtexit.o
        10          0          0          0          0          0   rtexit2.o
       128          0          0          0          0         68   strcmpv7m.o
        74          0          0          0          0         80   sys_stackheap_outer.o
         2          0          0          0          0         68   use_no_semi.o
         2          0          0          0          0         68   use_no_semi_2.o
        98          4          0          0          0         92   d2f.o
       826         16          0          0          0        356   daddsub_clz.o
        16          4          0          0          0         68   dcheck1.o
        24          0          0          0          0         68   dcmpi.o
       688        140          0          0          0        212   ddiv.o
       120          4          0          0          0         92   deqf.o
        90          4          0          0          0         92   dfixu.o
        84          0          0          0          0        136   dflt_clz.o
       340         12          0          0          0        104   dmul.o
       156          4          0          0          0         92   dnaninf.o
        12          0          0          0          0         68   dretinf.o
        86          4          0          0          0         84   f2d.o
       430          8          0          0          0        168   faddsub_clz.o
       388         76          0          0          0         96   fdiv.o
        62          4          0          0          0         84   ffixu.o
       140          4          0          0          0         84   fnaninf.o
        14          0          0          0          0         76   fpinit.o
        10          0          0          0          0         68   fretinf.o
         4          0          0          0          0         68   printf1.o
       100          0          0          0          0         68   retnan.o
        92          0          0          0          0         68   scalbn.o
        48          0          0          0          0         68   trapv.o
         0          0          0          0          0          0   usenofp.o
        40          0          0          0          0         68   fpclassify.o
       876         56         56          0          0        284   log.o
       170          0          0          0          0         96   poly.o
         0          0          8          0          0          0   qnan.o

    ----------------------------------------------------------------------
     10138        556        240          0        100       6120   Library Totals
        20          0          0          0          4          0   (incl. Padding)

    ----------------------------------------------------------------------

      Code (inc. data)   RO Data    RW Data    ZI Data      Debug   Library Name

      5204        216        176          0         96       3360   c_w.l
      3828        284          0          0          0       2312   fz_ws.l
      1086         56         64          0          0        448   m_ws.l

    ----------------------------------------------------------------------
     10138        556        240          0        100       6120   Library Totals

    ----------------------------------------------------------------------

==============================================================================


      Code (inc. data)   RO Data    RW Data    ZI Data      Debug   

     26710       1270       2186         80       1704     361354   Grand Totals
     26710       1270       2186         80       1704     361354   ELF Image Totals
     26710       1270       2186         80          0          0   ROM Totals

==============================================================================

    Total RO  Size (Code + RO Data)                28896 (  28.22kB)
    Total RW  Size (RW Data + ZI Data)              1784 (   1.74kB)
    Total ROM Size (Code + RO Data + RW Data)      28976 (  28.30kB)

==============================================================================

