<html>
<body>
<pre>
<h1>µVision Build Log</h1>
<h2>Project:</h2>
D:\STM32\Open103C\0.96inch-OLED-Code\IDE\OLED.uvproj
Project File Date:  05/12/2016

<h2>Output:</h2>
Build target 'OLED'
compiling main.c...
..\SRC\USER\main.c(103): warning:  #177-D: variable "x" was declared but never referenced
..\SRC\USER\main.c(103): warning:  #177-D: variable "y" was declared but never referenced
..\SRC\USER\main.c(103): warning:  #177-D: variable "p" was declared but never referenced
..\SRC\USER\main.c(105): warning:  #177-D: variable "chTemp" was declared but never referenced
..\SRC\USER\main.c(105): warning:  #177-D: variable "chMode" was declared but never referenced
..\SRC\USER\main.c(106): warning:  #177-D: variable "logo_size" was declared but never referenced
..\SRC\USER\main.c(106): warning:  #177-D: variable "cnt" was declared but never referenced
linking...
Program Size: Code=13682 RO-data=4286 RW-data=48 ZI-data=2656  
FromELF: creating hex file...
"..\TEMP\OLED.axf" - 0 Error(s), 7 Warning(s).
Build target 'OLED'
compiling main.c...
..\SRC\USER\main.c(103): warning:  #177-D: variable "x" was declared but never referenced
..\SRC\USER\main.c(103): warning:  #177-D: variable "y" was declared but never referenced
..\SRC\USER\main.c(103): warning:  #177-D: variable "p" was declared but never referenced
..\SRC\USER\main.c(105): warning:  #177-D: variable "chTemp" was declared but never referenced
..\SRC\USER\main.c(105): warning:  #177-D: variable "chMode" was declared but never referenced
..\SRC\USER\main.c(106): warning:  #177-D: variable "logo_size" was declared but never referenced
..\SRC\USER\main.c(106): warning:  #177-D: variable "cnt" was declared but never referenced
linking...
Program Size: Code=13682 RO-data=4286 RW-data=48 ZI-data=2656  
FromELF: creating hex file...
"..\TEMP\OLED.axf" - 0 Error(s), 7 Warning(s).
Build target 'OLED'
compiling main.c...
..\SRC\USER\main.c(103): warning:  #177-D: variable "x" was declared but never referenced
..\SRC\USER\main.c(103): warning:  #177-D: variable "y" was declared but never referenced
..\SRC\USER\main.c(103): warning:  #177-D: variable "p" was declared but never referenced
..\SRC\USER\main.c(105): warning:  #177-D: variable "chTemp" was declared but never referenced
..\SRC\USER\main.c(105): warning:  #177-D: variable "chMode" was declared but never referenced
..\SRC\USER\main.c(106): warning:  #177-D: variable "logo_size" was declared but never referenced
..\SRC\USER\main.c(106): warning:  #177-D: variable "cnt" was declared but never referenced
linking...
Program Size: Code=13682 RO-data=4286 RW-data=48 ZI-data=2656  
FromELF: creating hex file...
"..\TEMP\OLED.axf" - 0 Error(s), 7 Warning(s).
Build target 'OLED'
compiling main.c...
..\SRC\USER\main.c(103): warning:  #177-D: variable "x" was declared but never referenced
..\SRC\USER\main.c(103): warning:  #177-D: variable "y" was declared but never referenced
..\SRC\USER\main.c(103): warning:  #177-D: variable "p" was declared but never referenced
..\SRC\USER\main.c(105): warning:  #177-D: variable "chTemp" was declared but never referenced
..\SRC\USER\main.c(105): warning:  #177-D: variable "chMode" was declared but never referenced
..\SRC\USER\main.c(106): warning:  #177-D: variable "logo_size" was declared but never referenced
..\SRC\USER\main.c(106): warning:  #177-D: variable "cnt" was declared but never referenced
linking...
Program Size: Code=13682 RO-data=4286 RW-data=48 ZI-data=2656  
FromELF: creating hex file...
"..\TEMP\OLED.axf" - 0 Error(s), 7 Warning(s).
Build target 'OLED'
compiling main.c...
..\SRC\USER\main.c(103): warning:  #177-D: variable "x" was declared but never referenced
..\SRC\USER\main.c(103): warning:  #177-D: variable "y" was declared but never referenced
..\SRC\USER\main.c(103): warning:  #177-D: variable "p" was declared but never referenced
..\SRC\USER\main.c(105): warning:  #177-D: variable "chTemp" was declared but never referenced
..\SRC\USER\main.c(105): warning:  #177-D: variable "chMode" was declared but never referenced
..\SRC\USER\main.c(106): warning:  #177-D: variable "logo_size" was declared but never referenced
..\SRC\USER\main.c(106): warning:  #177-D: variable "cnt" was declared but never referenced
linking...
Program Size: Code=13682 RO-data=4286 RW-data=48 ZI-data=2656  
FromELF: creating hex file...
"..\TEMP\OLED.axf" - 0 Error(s), 7 Warning(s).
Build target 'OLED'
compiling main.c...
..\SRC\USER\main.c(106): warning:  #177-D: variable "logo_size" was declared but never referenced
linking...
Program Size: Code=13758 RO-data=5122 RW-data=48 ZI-data=2656  
FromELF: creating hex file...
"..\TEMP\OLED.axf" - 0 Error(s), 1 Warning(s).
Build target 'OLED'
compiling main.c...
..\SRC\USER\main.c(106): warning:  #177-D: variable "logo_size" was declared but never referenced
linking...
Program Size: Code=13758 RO-data=5122 RW-data=48 ZI-data=2656  
FromELF: creating hex file...
"..\TEMP\OLED.axf" - 0 Error(s), 1 Warning(s).
Build target 'OLED'
compiling main.c...
..\SRC\USER\main.c(106): warning:  #177-D: variable "logo_size" was declared but never referenced
linking...
Program Size: Code=13758 RO-data=5122 RW-data=48 ZI-data=2656  
FromELF: creating hex file...
"..\TEMP\OLED.axf" - 0 Error(s), 1 Warning(s).
Build target 'OLED'
compiling main.c...
..\SRC\USER\main.c(106): warning:  #177-D: variable "logo_size" was declared but never referenced
linking...
Program Size: Code=13758 RO-data=5122 RW-data=48 ZI-data=2656  
FromELF: creating hex file...
"..\TEMP\OLED.axf" - 0 Error(s), 1 Warning(s).
Build target 'OLED'
compiling main.c...
..\SRC\USER\main.c(106): warning:  #177-D: variable "logo_size" was declared but never referenced
linking...
Program Size: Code=13758 RO-data=5122 RW-data=48 ZI-data=2656  
FromELF: creating hex file...
"..\TEMP\OLED.axf" - 0 Error(s), 1 Warning(s).
Build target 'OLED'
compiling main.c...
..\SRC\USER\main.c(106): warning:  #177-D: variable "logo_size" was declared but never referenced
linking...
Program Size: Code=13758 RO-data=5122 RW-data=48 ZI-data=2656  
FromELF: creating hex file...
"..\TEMP\OLED.axf" - 0 Error(s), 1 Warning(s).
Build target 'OLED'
compiling main.c...
..\SRC\USER\main.c(106): warning:  #177-D: variable "logo_size" was declared but never referenced
linking...
Program Size: Code=13758 RO-data=5122 RW-data=48 ZI-data=2656  
FromELF: creating hex file...
"..\TEMP\OLED.axf" - 0 Error(s), 1 Warning(s).
Build target 'OLED'
compiling main.c...
..\SRC\USER\main.c(106): warning:  #177-D: variable "logo_size" was declared but never referenced
linking...
Program Size: Code=13758 RO-data=5122 RW-data=48 ZI-data=2656  
FromELF: creating hex file...
"..\TEMP\OLED.axf" - 0 Error(s), 1 Warning(s).
Build target 'OLED'
linking...
Program Size: Code=13758 RO-data=5122 RW-data=48 ZI-data=2656  
FromELF: creating hex file...
"..\TEMP\OLED.axf" - 0 Error(s), 0 Warning(s).
Build target 'OLED'
compiling main.c...
..\SRC\USER\main.c(110): warning:  #177-D: variable "logo_size" was declared but never referenced
linking...
Program Size: Code=13750 RO-data=5122 RW-data=48 ZI-data=2656  
FromELF: creating hex file...
"..\TEMP\OLED.axf" - 0 Error(s), 1 Warning(s).
Build target 'OLED'
compiling main.c...
..\SRC\USER\main.c(111): warning:  #177-D: variable "logo_size" was declared but never referenced
linking...
Program Size: Code=13750 RO-data=5122 RW-data=48 ZI-data=2656  
FromELF: creating hex file...
"..\TEMP\OLED.axf" - 0 Error(s), 1 Warning(s).
Build target 'OLED'
compiling main.c...
..\SRC\USER\main.c(109): warning:  #177-D: variable "logo_size" was declared but never referenced
linking...
Program Size: Code=13746 RO-data=5118 RW-data=48 ZI-data=2656  
FromELF: creating hex file...
"..\TEMP\OLED.axf" - 0 Error(s), 1 Warning(s).
Build target 'OLED'
compiling main.c...
..\SRC\USER\main.c(109): warning:  #177-D: variable "logo_size" was declared but never referenced
linking...
Program Size: Code=13746 RO-data=5118 RW-data=48 ZI-data=2656  
FromELF: creating hex file...
"..\TEMP\OLED.axf" - 0 Error(s), 1 Warning(s).
Build target 'OLED'
compiling main.c...
..\SRC\USER\main.c(109): warning:  #177-D: variable "logo_size" was declared but never referenced
linking...
Program Size: Code=13746 RO-data=5118 RW-data=48 ZI-data=2656  
FromELF: creating hex file...
"..\TEMP\OLED.axf" - 0 Error(s), 1 Warning(s).
Build target 'OLED'
compiling main.c...
..\SRC\USER\main.c(109): warning:  #177-D: variable "logo_size" was declared but never referenced
linking...
Program Size: Code=13722 RO-data=5118 RW-data=48 ZI-data=2656  
FromELF: creating hex file...
"..\TEMP\OLED.axf" - 0 Error(s), 1 Warning(s).
Build target 'OLED'
compiling Config.c...
linking...
Program Size: Code=13754 RO-data=5118 RW-data=48 ZI-data=2656  
FromELF: creating hex file...
"..\TEMP\OLED.axf" - 0 Error(s), 0 Warning(s).
Build target 'OLED'
compiling Config.c...
linking...
Program Size: Code=13782 RO-data=5122 RW-data=48 ZI-data=2656  
FromELF: creating hex file...
"..\TEMP\OLED.axf" - 0 Error(s), 0 Warning(s).
Build target 'OLED'
compiling Config.c...
linking...
Program Size: Code=13782 RO-data=5122 RW-data=48 ZI-data=2656  
FromELF: creating hex file...
"..\TEMP\OLED.axf" - 0 Error(s), 0 Warning(s).
Build target 'OLED'
compiling Config.c...
linking...
Program Size: Code=13782 RO-data=5122 RW-data=48 ZI-data=2656  
FromELF: creating hex file...
"..\TEMP\OLED.axf" - 0 Error(s), 0 Warning(s).
Build target 'OLED'
compiling Config.c...
linking...
Program Size: Code=13806 RO-data=5122 RW-data=48 ZI-data=2656  
FromELF: creating hex file...
"..\TEMP\OLED.axf" - 0 Error(s), 0 Warning(s).
Build target 'OLED'
compiling Config.c...
linking...
Program Size: Code=13742 RO-data=5122 RW-data=48 ZI-data=2656  
FromELF: creating hex file...
"..\TEMP\OLED.axf" - 0 Error(s), 0 Warning(s).
Build target 'OLED'
compiling Config.c...
linking...
Program Size: Code=13742 RO-data=5122 RW-data=48 ZI-data=2656  
FromELF: creating hex file...
"..\TEMP\OLED.axf" - 0 Error(s), 0 Warning(s).
Build target 'OLED'
compiling Config.c...
linking...
Program Size: Code=13806 RO-data=5122 RW-data=48 ZI-data=2656  
FromELF: creating hex file...
"..\TEMP\OLED.axf" - 0 Error(s), 0 Warning(s).
Build target 'OLED'
linking...
Program Size: Code=13806 RO-data=5122 RW-data=48 ZI-data=2656  
FromELF: creating hex file...
"..\TEMP\OLED.axf" - 0 Error(s), 0 Warning(s).
Build target 'OLED'
compiling Config.c...
linking...
Program Size: Code=13806 RO-data=5122 RW-data=48 ZI-data=2656  
FromELF: creating hex file...
"..\TEMP\OLED.axf" - 0 Error(s), 0 Warning(s).
Build target 'OLED'
compiling Config.c...
linking...
Program Size: Code=13806 RO-data=5122 RW-data=48 ZI-data=2656  
FromELF: creating hex file...
"..\TEMP\OLED.axf" - 0 Error(s), 0 Warning(s).
Build target 'OLED'
compiling Config.c...
linking...
Program Size: Code=13850 RO-data=5118 RW-data=48 ZI-data=2656  
FromELF: creating hex file...
"..\TEMP\OLED.axf" - 0 Error(s), 0 Warning(s).
