<html>
<body>
<pre>
<h1>µVision Build Log</h1>
<h2>Project:</h2>
D:\STM32\Open207Z\PnS_SPI_TEST\SPIx_AT450BXX\Project\Project.uvproj
Project File Date:  01/06/2014

<h2>Output:</h2>
Build target 'Open207V'
compiling main.c...
..\User\main.c(66): warning:  #177-D: variable "num" was declared but never referenced
..\User\main.c(67): warning:  #177-D: variable "Busy_Check" was declared but never referenced
..\User\main.c(67): warning:  #177-D: variable "Busy" was declared but never referenced
..\User\main.c(70): warning:  #177-D: variable "SPI_DATA" was declared but never referenced
..\User\main.c(72): warning:  #177-D: variable "Write_Error" was declared but never referenced
..\User\main.c(176): error:  #20: identifier "i" is undefined
..\User\main.c(180): error:  #20: identifier "SPI_DATA" is undefined
..\User\main.c(201): error:  #20: identifier "Write_Error" is undefined
compiling stm32f2xx_it.c...
compiling ws_AT45DBXX.c...
..\User\ws_AT45DBXX.c(248): error:  #18: expected a ")"
..\User\ws_AT45DBXX.c(248): error:  #141-D: unnamed prototyped parameters not allowed when body is present
compiling ws_spi.c...
compiling core_cm3.c...
compiling system_stm32f2xx.c...
Target not created
Build target 'Open207V'
compiling main.c...
..\User\main.c(66): warning:  #177-D: variable "num" was declared but never referenced
..\User\main.c(67): warning:  #177-D: variable "Busy_Check" was declared but never referenced
..\User\main.c(67): warning:  #177-D: variable "Busy" was declared but never referenced
..\User\main.c(71): warning:  #177-D: variable "Write_Error" was declared but never referenced
..\User\main.c(202): error:  #20: identifier "Write_Error" is undefined
compiling ws_AT45DBXX.c...
..\User\ws_AT45DBXX.c(248): error:  #18: expected a ")"
..\User\ws_AT45DBXX.c(248): error:  #141-D: unnamed prototyped parameters not allowed when body is present
compiling core_cm3.c...
compiling system_stm32f2xx.c...
Target not created
Build target 'Open207V'
compiling main.c...
..\User\main.c(66): warning:  #177-D: variable "num" was declared but never referenced
..\User\main.c(67): warning:  #177-D: variable "Busy_Check" was declared but never referenced
..\User\main.c(67): warning:  #177-D: variable "Busy" was declared but never referenced
..\User\main.c(71): warning:  #177-D: variable "Write_Error" was declared but never referenced
..\User\main.c(223): warning:  #223-D: function "Printf" declared implicitly
compiling ws_AT45DBXX.c...
..\User\ws_AT45DBXX.c(248): error:  #18: expected a ")"
..\User\ws_AT45DBXX.c(248): error:  #141-D: unnamed prototyped parameters not allowed when body is present
compiling core_cm3.c...
compiling system_stm32f2xx.c...
Target not created
Build target 'Open207V'
compiling ws_AT45DBXX.c...
compiling core_cm3.c...
compiling system_stm32f2xx.c...
linking...
.\Output\Project.axf: Error: L6218E: Undefined symbol Printf (referred from main.o).
Target not created
Build target 'Open207V'
compiling ws_AT45DBXX.c...
..\User\ws_AT45DBXX.c(248): error:  #18: expected a ")"
..\User\ws_AT45DBXX.c(248): error:  #141-D: unnamed prototyped parameters not allowed when body is present
compiling core_cm3.c...
compiling system_stm32f2xx.c...
Target not created
Build target 'Open207V'
compiling ws_AT45DBXX.c...
compiling core_cm3.c...
compiling system_stm32f2xx.c...
linking...
.\Output\Project.axf: Error: L6218E: Undefined symbol Printf (referred from main.o).
Target not created
Build target 'Open207V'
compiling main.c...
..\User\main.c(66): warning:  #177-D: variable "num" was declared but never referenced
..\User\main.c(67): warning:  #177-D: variable "Busy_Check" was declared but never referenced
..\User\main.c(67): warning:  #177-D: variable "Busy" was declared but never referenced
..\User\main.c(71): warning:  #177-D: variable "Write_Error" was declared but never referenced
..\User\main.c(223): warning:  #223-D: function "Printf" declared implicitly
compiling stm32f2xx_it.c...
compiling ws_AT45DBXX.c...
compiling ws_spi.c...
compiling config.c...
compiling usart.c...
assembling startup_stm32f2xx.s...
compiling stm32f2xx_gpio.c...
compiling stm32f2xx_rcc.c...
compiling stm32f2xx_usart.c...
compiling misc.c...
compiling stm32f2xx_spi.c...
compiling core_cm3.c...
compiling system_stm32f2xx.c...
linking...
.\Output\Project.axf: Error: L6218E: Undefined symbol Printf (referred from main.o).
Target not created
Build target 'Open207V'
compiling main.c...
..\User\main.c(66): warning:  #177-D: variable "num" was declared but never referenced
..\User\main.c(67): warning:  #177-D: variable "Busy_Check" was declared but never referenced
..\User\main.c(67): warning:  #177-D: variable "Busy" was declared but never referenced
..\User\main.c(71): warning:  #177-D: variable "Write_Error" was declared but never referenced
compiling core_cm3.c...
compiling system_stm32f2xx.c...
linking...
Program Size: Code=11904 RO-data=460 RW-data=48 ZI-data=1632  
".\Output\Project.axf" - 0 Error(s), 4 Warning(s).
Build target 'Open207V'
compiling main.c...
..\User\main.c(66): warning:  #177-D: variable "num" was declared but never referenced
..\User\main.c(67): warning:  #177-D: variable "Busy_Check" was declared but never referenced
..\User\main.c(67): warning:  #177-D: variable "Busy" was declared but never referenced
..\User\main.c(71): warning:  #177-D: variable "Write_Error" was declared but never referenced
compiling core_cm3.c...
compiling system_stm32f2xx.c...
linking...
Program Size: Code=11900 RO-data=460 RW-data=48 ZI-data=1632  
".\Output\Project.axf" - 0 Error(s), 4 Warning(s).
Build target 'Open207V'
compiling main.c...
..\User\main.c(66): warning:  #177-D: variable "num" was declared but never referenced
..\User\main.c(67): warning:  #177-D: variable "Busy_Check" was declared but never referenced
..\User\main.c(67): warning:  #177-D: variable "Busy" was declared but never referenced
compiling core_cm3.c...
compiling system_stm32f2xx.c...
linking...
Program Size: Code=11900 RO-data=460 RW-data=48 ZI-data=1632  
".\Output\Project.axf" - 0 Error(s), 3 Warning(s).
Build target 'Open207V'
compiling main.c...
..\User\main.c(87): error:  #20: identifier "ID" is undefined
compiling core_cm3.c...
compiling system_stm32f2xx.c...
Target not created
Build target 'Open207V'
compiling main.c...
compiling core_cm3.c...
compiling system_stm32f2xx.c...
linking...
Program Size: Code=11896 RO-data=460 RW-data=48 ZI-data=1632  
".\Output\Project.axf" - 0 Error(s), 0 Warning(s).
Load "D:\\STM32\\Open207Z\\PnS_SPI_TEST\\SPIx_AT450BXX\\Project\\Output\\Project.AXF" 
Set JLink Project File to "D:\STM32\Open207Z\PnS_SPI_TEST\SPIx_AT450BXX\Project\JLinkSettings.ini"
 
JLink info:
------------
DLL: V4.24b, compiled Feb 22 2011 20:47:17
Firmware: J-Link ARM V8 compiled Nov 25 2013 19:20:08
Hardware: V8.00
S/N : 270676280 
Feature(s) : RDI,FlashDL,FlashBP,JFlash,GDBFULL 
 
* JLink Info: TotalIRLen = 9, IRPrint = 0x0011
* JLink Info: Found Cortex-M3 r2p0, Little endian.
* JLink Info: TPIU fitted.
* JLink Info: ETM fitted.
* JLink Info:   FPUnit: 6 code (BP) slots and 2 literal slots
ROMTableAddr = 0xE00FF003
* JLink Info: TotalIRLen = 9, IRPrint = 0x0011
* JLink Info: Found Cortex-M3 r2p0, Little endian.
* JLink Info: TPIU fitted.
* JLink Info: ETM fitted.
* JLink Info:   FPUnit: 6 code (BP) slots and 2 literal slots
* JLink Info: TotalIRLen = 9, IRPrint = 0x0011
* JLink Info: Found Cortex-M3 r2p0, Little endian.
* JLink Info: TPIU fitted.
* JLink Info: ETM fitted.
* JLink Info:   FPUnit: 6 code (BP) slots and 2 literal slots
 
Target info:
------------
Device: STM32F207ZG
VTarget = 3.293V
State of Pins: 
TCK: 1, TDI: 0, TDO: 0, TMS: 0, TRES: 1, TRST: 1
Hardware-Breakpoints: 6
Software-Breakpoints: 2048
Watchpoints:          4
JTAG speed: 9600 kHz
 
Erase Done.
Programming Done.
Verify OK.
* JLink Info: TotalIRLen = 9, IRPrint = 0x0011
* JLink Info: Found Cortex-M3 r2p0, Little endian.
* JLink Info: TPIU fitted.
* JLink Info: ETM fitted.
* JLink Info:   FPUnit: 6 code (BP) slots and 2 literal slots
Application running ...
Build target 'Open207V'
compiling main.c...
compiling core_cm3.c...
compiling system_stm32f2xx.c...
linking...
Program Size: Code=11928 RO-data=460 RW-data=48 ZI-data=1632  
".\Output\Project.axf" - 0 Error(s), 0 Warning(s).
Load "D:\\STM32\\Open207Z\\PnS_SPI_TEST\\SPIx_AT450BXX\\Project\\Output\\Project.AXF" 
Set JLink Project File to "D:\STM32\Open207Z\PnS_SPI_TEST\SPIx_AT450BXX\Project\JLinkSettings.ini"
 
JLink info:
------------
DLL: V4.24b, compiled Feb 22 2011 20:47:17
Firmware: J-Link ARM V8 compiled Nov 25 2013 19:20:08
Hardware: V8.00
S/N : 270676280 
Feature(s) : RDI,FlashDL,FlashBP,JFlash,GDBFULL 
 
* JLink Info: TotalIRLen = 9, IRPrint = 0x0011
* JLink Info: Found Cortex-M3 r2p0, Little endian.
* JLink Info: TPIU fitted.
* JLink Info: ETM fitted.
* JLink Info:   FPUnit: 6 code (BP) slots and 2 literal slots
ROMTableAddr = 0xE00FF003
* JLink Info: TotalIRLen = 9, IRPrint = 0x0011
* JLink Info: Found Cortex-M3 r2p0, Little endian.
* JLink Info: TPIU fitted.
* JLink Info: ETM fitted.
* JLink Info:   FPUnit: 6 code (BP) slots and 2 literal slots
* JLink Info: TotalIRLen = 9, IRPrint = 0x0011
* JLink Info: Found Cortex-M3 r2p0, Little endian.
* JLink Info: TPIU fitted.
* JLink Info: ETM fitted.
* JLink Info:   FPUnit: 6 code (BP) slots and 2 literal slots
 
Target info:
------------
Device: STM32F207ZG
VTarget = 3.293V
State of Pins: 
TCK: 1, TDI: 0, TDO: 0, TMS: 0, TRES: 1, TRST: 1
Hardware-Breakpoints: 6
Software-Breakpoints: 2048
Watchpoints:          4
JTAG speed: 9600 kHz
 
Erase Done.
Programming Done.
Verify OK.
* JLink Info: TotalIRLen = 9, IRPrint = 0x0011
* JLink Info: Found Cortex-M3 r2p0, Little endian.
* JLink Info: TPIU fitted.
* JLink Info: ETM fitted.
* JLink Info:   FPUnit: 6 code (BP) slots and 2 literal slots
Application running ...
Build target 'Open207V'
compiling main.c...
compiling ws_spi.c...
compiling core_cm3.c...
compiling system_stm32f2xx.c...
linking...
Program Size: Code=11940 RO-data=460 RW-data=48 ZI-data=1632  
".\Output\Project.axf" - 0 Error(s), 0 Warning(s).
Load "D:\\STM32\\Open207Z\\PnS_SPI_TEST\\SPIx_AT450BXX\\Project\\Output\\Project.AXF" 
Set JLink Project File to "D:\STM32\Open207Z\PnS_SPI_TEST\SPIx_AT450BXX\Project\JLinkSettings.ini"
 
JLink info:
------------
DLL: V4.24b, compiled Feb 22 2011 20:47:17
Firmware: J-Link ARM V8 compiled Nov 25 2013 19:20:08
Hardware: V8.00
S/N : 270676280 
Feature(s) : RDI,FlashDL,FlashBP,JFlash,GDBFULL 
 
* JLink Info: TotalIRLen = 9, IRPrint = 0x0011
* JLink Info: Found Cortex-M3 r2p0, Little endian.
* JLink Info: TPIU fitted.
* JLink Info: ETM fitted.
* JLink Info:   FPUnit: 6 code (BP) slots and 2 literal slots
ROMTableAddr = 0xE00FF003
* JLink Info: TotalIRLen = 9, IRPrint = 0x0011
* JLink Info: Found Cortex-M3 r2p0, Little endian.
* JLink Info: TPIU fitted.
* JLink Info: ETM fitted.
* JLink Info:   FPUnit: 6 code (BP) slots and 2 literal slots
* JLink Info: TotalIRLen = 9, IRPrint = 0x0011
* JLink Info: Found Cortex-M3 r2p0, Little endian.
* JLink Info: TPIU fitted.
* JLink Info: ETM fitted.
* JLink Info:   FPUnit: 6 code (BP) slots and 2 literal slots
 
Target info:
------------
Device: STM32F207ZG
VTarget = 3.293V
State of Pins: 
TCK: 1, TDI: 0, TDO: 0, TMS: 0, TRES: 1, TRST: 1
Hardware-Breakpoints: 6
Software-Breakpoints: 2048
Watchpoints:          4
JTAG speed: 9600 kHz
 
Erase Done.
Programming Done.
Verify OK.
* JLink Info: TotalIRLen = 9, IRPrint = 0x0011
* JLink Info: Found Cortex-M3 r2p0, Little endian.
* JLink Info: TPIU fitted.
* JLink Info: ETM fitted.
* JLink Info:   FPUnit: 6 code (BP) slots and 2 literal slots
Application running ...
Build target 'Open207V'
compiling main.c...
compiling stm32f2xx_it.c...
compiling core_cm3.c...
compiling system_stm32f2xx.c...
linking...
Program Size: Code=11936 RO-data=460 RW-data=48 ZI-data=1632  
".\Output\Project.axf" - 0 Error(s), 0 Warning(s).
Load "D:\\STM32\\Open207Z\\PnS_SPI_TEST\\SPIx_AT450BXX\\Project\\Output\\Project.AXF" 
Set JLink Project File to "D:\STM32\Open207Z\PnS_SPI_TEST\SPIx_AT450BXX\Project\JLinkSettings.ini"
 
JLink info:
------------
DLL: V4.24b, compiled Feb 22 2011 20:47:17
Firmware: J-Link ARM V8 compiled Nov 25 2013 19:20:08
Hardware: V8.00
S/N : 270676280 
Feature(s) : RDI,FlashDL,FlashBP,JFlash,GDBFULL 
 
* JLink Info: TotalIRLen = 9, IRPrint = 0x0011
* JLink Info: Found Cortex-M3 r2p0, Little endian.
* JLink Info: TPIU fitted.
* JLink Info: ETM fitted.
* JLink Info:   FPUnit: 6 code (BP) slots and 2 literal slots
ROMTableAddr = 0xE00FF003
* JLink Info: TotalIRLen = 9, IRPrint = 0x0011
* JLink Info: Found Cortex-M3 r2p0, Little endian.
* JLink Info: TPIU fitted.
* JLink Info: ETM fitted.
* JLink Info:   FPUnit: 6 code (BP) slots and 2 literal slots
* JLink Info: TotalIRLen = 9, IRPrint = 0x0011
* JLink Info: Found Cortex-M3 r2p0, Little endian.
* JLink Info: TPIU fitted.
* JLink Info: ETM fitted.
* JLink Info:   FPUnit: 6 code (BP) slots and 2 literal slots
 
Target info:
------------
Device: STM32F207ZG
VTarget = 3.293V
State of Pins: 
TCK: 1, TDI: 0, TDO: 0, TMS: 0, TRES: 1, TRST: 1
Hardware-Breakpoints: 6
Software-Breakpoints: 2048
Watchpoints:          4
JTAG speed: 9600 kHz
 
Erase Done.
Programming Done.
Verify OK.
* JLink Info: TotalIRLen = 9, IRPrint = 0x0011
* JLink Info: Found Cortex-M3 r2p0, Little endian.
* JLink Info: TPIU fitted.
* JLink Info: ETM fitted.
* JLink Info:   FPUnit: 6 code (BP) slots and 2 literal slots
Application running ...
Build target 'Open207V'
compiling ws_AT45DBXX.c...
compiling core_cm3.c...
compiling system_stm32f2xx.c...
linking...
Program Size: Code=11948 RO-data=460 RW-data=48 ZI-data=1632  
".\Output\Project.axf" - 0 Error(s), 0 Warning(s).
Load "D:\\STM32\\Open207Z\\PnS_SPI_TEST\\SPIx_AT450BXX\\Project\\Output\\Project.AXF" 
Load "D:\\STM32\\Open207Z\\PnS_SPI_TEST\\SPIx_AT450BXX\\Project\\Output\\Project.AXF" 
Set JLink Project File to "D:\STM32\Open207Z\PnS_SPI_TEST\SPIx_AT450BXX\Project\JLinkSettings.ini"
 
JLink info:
------------
DLL: V4.24b, compiled Feb 22 2011 20:47:17
Firmware: J-Link ARM V8 compiled Nov 25 2013 19:20:08
Hardware: V8.00
S/N : 270676280 
Feature(s) : RDI,FlashDL,FlashBP,JFlash,GDBFULL 
 
* JLink Info: TotalIRLen = 9, IRPrint = 0x0011
* JLink Info: Found Cortex-M3 r2p0, Little endian.
* JLink Info: TPIU fitted.
* JLink Info: ETM fitted.
* JLink Info:   FPUnit: 6 code (BP) slots and 2 literal slots
ROMTableAddr = 0xE00FF003
* JLink Info: TotalIRLen = 9, IRPrint = 0x0011
* JLink Info: Found Cortex-M3 r2p0, Little endian.
* JLink Info: TPIU fitted.
* JLink Info: ETM fitted.
* JLink Info:   FPUnit: 6 code (BP) slots and 2 literal slots
* JLink Info: TotalIRLen = 9, IRPrint = 0x0011
* JLink Info: Found Cortex-M3 r2p0, Little endian.
* JLink Info: TPIU fitted.
* JLink Info: ETM fitted.
* JLink Info:   FPUnit: 6 code (BP) slots and 2 literal slots
 
Target info:
------------
Device: STM32F207ZG
VTarget = 3.293V
State of Pins: 
TCK: 1, TDI: 0, TDO: 0, TMS: 0, TRES: 1, TRST: 1
Hardware-Breakpoints: 6
Software-Breakpoints: 2048
Watchpoints:          4
JTAG speed: 9600 kHz
 
Erase Done.
Programming Done.
Verify OK.
* JLink Info: TotalIRLen = 9, IRPrint = 0x0011
* JLink Info: Found Cortex-M3 r2p0, Little endian.
* JLink Info: TPIU fitted.
* JLink Info: ETM fitted.
* JLink Info:   FPUnit: 6 code (BP) slots and 2 literal slots
Application running ...
Build target 'Open207V'
compiling ws_AT45DBXX.c...
..\User\ws_AT45DBXX.c(368): error:  #268: declaration may not appear after executable statement in block
compiling core_cm3.c...
compiling system_stm32f2xx.c...
Target not created
Build target 'Open207V'
compiling ws_AT45DBXX.c...
compiling core_cm3.c...
compiling system_stm32f2xx.c...
linking...
Program Size: Code=12000 RO-data=460 RW-data=48 ZI-data=1632  
".\Output\Project.axf" - 0 Error(s), 0 Warning(s).
Load "D:\\STM32\\Open207Z\\PnS_SPI_TEST\\SPIx_AT450BXX\\Project\\Output\\Project.AXF" 
Set JLink Project File to "D:\STM32\Open207Z\PnS_SPI_TEST\SPIx_AT450BXX\Project\JLinkSettings.ini"
 
JLink info:
------------
DLL: V4.24b, compiled Feb 22 2011 20:47:17
Firmware: J-Link ARM V8 compiled Nov 25 2013 19:20:08
Hardware: V8.00
S/N : 270676280 
Feature(s) : RDI,FlashDL,FlashBP,JFlash,GDBFULL 
 
* JLink Info: TotalIRLen = 9, IRPrint = 0x0011
* JLink Info: Found Cortex-M3 r2p0, Little endian.
* JLink Info: TPIU fitted.
* JLink Info: ETM fitted.
* JLink Info:   FPUnit: 6 code (BP) slots and 2 literal slots
ROMTableAddr = 0xE00FF003
* JLink Info: TotalIRLen = 9, IRPrint = 0x0011
* JLink Info: Found Cortex-M3 r2p0, Little endian.
* JLink Info: TPIU fitted.
* JLink Info: ETM fitted.
* JLink Info:   FPUnit: 6 code (BP) slots and 2 literal slots
* JLink Info: TotalIRLen = 9, IRPrint = 0x0011
* JLink Info: Found Cortex-M3 r2p0, Little endian.
* JLink Info: TPIU fitted.
* JLink Info: ETM fitted.
* JLink Info:   FPUnit: 6 code (BP) slots and 2 literal slots
 
Target info:
------------
Device: STM32F207ZG
VTarget = 3.293V
State of Pins: 
TCK: 1, TDI: 0, TDO: 0, TMS: 0, TRES: 1, TRST: 1
Hardware-Breakpoints: 6
Software-Breakpoints: 2048
Watchpoints:          4
JTAG speed: 9600 kHz
 
Erase Done.
Programming Done.
Verify OK.
* JLink Info: TotalIRLen = 9, IRPrint = 0x0011
* JLink Info: Found Cortex-M3 r2p0, Little endian.
* JLink Info: TPIU fitted.
* JLink Info: ETM fitted.
* JLink Info:   FPUnit: 6 code (BP) slots and 2 literal slots
Application running ...
Build target 'Open207V'
compiling ws_spi.c...
compiling core_cm3.c...
compiling system_stm32f2xx.c...
linking...
Program Size: Code=12000 RO-data=460 RW-data=48 ZI-data=1632  
".\Output\Project.axf" - 0 Error(s), 0 Warning(s).
Load "D:\\STM32\\Open207Z\\PnS_SPI_TEST\\SPIx_AT450BXX\\Project\\Output\\Project.AXF" 
Set JLink Project File to "D:\STM32\Open207Z\PnS_SPI_TEST\SPIx_AT450BXX\Project\JLinkSettings.ini"
 
JLink info:
------------
DLL: V4.24b, compiled Feb 22 2011 20:47:17
Firmware: J-Link ARM V8 compiled Nov 25 2013 19:20:08
Hardware: V8.00
S/N : 270676280 
Feature(s) : RDI,FlashDL,FlashBP,JFlash,GDBFULL 
 
* JLink Info: TotalIRLen = 9, IRPrint = 0x0011
* JLink Info: Found Cortex-M3 r2p0, Little endian.
* JLink Info: TPIU fitted.
* JLink Info: ETM fitted.
* JLink Info:   FPUnit: 6 code (BP) slots and 2 literal slots
ROMTableAddr = 0xE00FF003
* JLink Info: TotalIRLen = 9, IRPrint = 0x0011
* JLink Info: Found Cortex-M3 r2p0, Little endian.
* JLink Info: TPIU fitted.
* JLink Info: ETM fitted.
* JLink Info:   FPUnit: 6 code (BP) slots and 2 literal slots
* JLink Info: TotalIRLen = 9, IRPrint = 0x0011
* JLink Info: Found Cortex-M3 r2p0, Little endian.
* JLink Info: TPIU fitted.
* JLink Info: ETM fitted.
* JLink Info:   FPUnit: 6 code (BP) slots and 2 literal slots
 
Target info:
------------
Device: STM32F207ZG
VTarget = 3.293V
State of Pins: 
TCK: 1, TDI: 0, TDO: 0, TMS: 0, TRES: 1, TRST: 1
Hardware-Breakpoints: 6
Software-Breakpoints: 2048
Watchpoints:          4
JTAG speed: 9600 kHz
 
Erase Done.
Programming Done.
Verify OK.
* JLink Info: TotalIRLen = 9, IRPrint = 0x0011
* JLink Info: Found Cortex-M3 r2p0, Little endian.
* JLink Info: TPIU fitted.
* JLink Info: ETM fitted.
* JLink Info:   FPUnit: 6 code (BP) slots and 2 literal slots
Application running ...
Build target 'Open207V'
compiling ws_spi.c...
compiling core_cm3.c...
compiling system_stm32f2xx.c...
linking...
Program Size: Code=12000 RO-data=460 RW-data=48 ZI-data=1632  
".\Output\Project.axf" - 0 Error(s), 0 Warning(s).
Load "D:\\STM32\\Open207Z\\PnS_SPI_TEST\\SPIx_AT450BXX\\Project\\Output\\Project.AXF" 
Set JLink Project File to "D:\STM32\Open207Z\PnS_SPI_TEST\SPIx_AT450BXX\Project\JLinkSettings.ini"
 
JLink info:
------------
DLL: V4.24b, compiled Feb 22 2011 20:47:17
Firmware: J-Link ARM V8 compiled Nov 25 2013 19:20:08
Hardware: V8.00
S/N : 270676280 
Feature(s) : RDI,FlashDL,FlashBP,JFlash,GDBFULL 
 
* JLink Info: TotalIRLen = 9, IRPrint = 0x0011
* JLink Info: Found Cortex-M3 r2p0, Little endian.
* JLink Info: TPIU fitted.
* JLink Info: ETM fitted.
* JLink Info:   FPUnit: 6 code (BP) slots and 2 literal slots
ROMTableAddr = 0xE00FF003
* JLink Info: TotalIRLen = 9, IRPrint = 0x0011
* JLink Info: Found Cortex-M3 r2p0, Little endian.
* JLink Info: TPIU fitted.
* JLink Info: ETM fitted.
* JLink Info:   FPUnit: 6 code (BP) slots and 2 literal slots
* JLink Info: TotalIRLen = 9, IRPrint = 0x0011
* JLink Info: Found Cortex-M3 r2p0, Little endian.
* JLink Info: TPIU fitted.
* JLink Info: ETM fitted.
* JLink Info:   FPUnit: 6 code (BP) slots and 2 literal slots
 
Target info:
------------
Device: STM32F207ZG
VTarget = 3.293V
State of Pins: 
TCK: 1, TDI: 0, TDO: 0, TMS: 0, TRES: 1, TRST: 1
Hardware-Breakpoints: 6
Software-Breakpoints: 2048
Watchpoints:          4
JTAG speed: 9600 kHz
 
Erase Done.
Programming Done.
Verify OK.
* JLink Info: TotalIRLen = 9, IRPrint = 0x0011
* JLink Info: Found Cortex-M3 r2p0, Little endian.
* JLink Info: TPIU fitted.
* JLink Info: ETM fitted.
* JLink Info:   FPUnit: 6 code (BP) slots and 2 literal slots
Application running ...
Build target 'Open207V'
compiling ws_spi.c...
compiling core_cm3.c...
compiling system_stm32f2xx.c...
linking...
Program Size: Code=12000 RO-data=460 RW-data=48 ZI-data=1632  
".\Output\Project.axf" - 0 Error(s), 0 Warning(s).
Load "D:\\STM32\\Open207Z\\PnS_SPI_TEST\\SPIx_AT450BXX\\Project\\Output\\Project.AXF" 
Set JLink Project File to "D:\STM32\Open207Z\PnS_SPI_TEST\SPIx_AT450BXX\Project\JLinkSettings.ini"
 
JLink info:
------------
DLL: V4.24b, compiled Feb 22 2011 20:47:17
Firmware: J-Link ARM V8 compiled Nov 25 2013 19:20:08
Hardware: V8.00
S/N : 270676280 
Feature(s) : RDI,FlashDL,FlashBP,JFlash,GDBFULL 
 
* JLink Info: TotalIRLen = 9, IRPrint = 0x0011
* JLink Info: Found Cortex-M3 r2p0, Little endian.
* JLink Info: TPIU fitted.
* JLink Info: ETM fitted.
* JLink Info:   FPUnit: 6 code (BP) slots and 2 literal slots
ROMTableAddr = 0xE00FF003
* JLink Info: TotalIRLen = 9, IRPrint = 0x0011
* JLink Info: Found Cortex-M3 r2p0, Little endian.
* JLink Info: TPIU fitted.
* JLink Info: ETM fitted.
* JLink Info:   FPUnit: 6 code (BP) slots and 2 literal slots
* JLink Info: TotalIRLen = 9, IRPrint = 0x0011
* JLink Info: Found Cortex-M3 r2p0, Little endian.
* JLink Info: TPIU fitted.
* JLink Info: ETM fitted.
* JLink Info:   FPUnit: 6 code (BP) slots and 2 literal slots
 
Target info:
------------
Device: STM32F207ZG
VTarget = 3.293V
State of Pins: 
TCK: 1, TDI: 0, TDO: 0, TMS: 0, TRES: 1, TRST: 1
Hardware-Breakpoints: 6
Software-Breakpoints: 2048
Watchpoints:          4
JTAG speed: 9600 kHz
 
Erase Done.
Programming Done.
Verify OK.
* JLink Info: TotalIRLen = 9, IRPrint = 0x0011
* JLink Info: Found Cortex-M3 r2p0, Little endian.
* JLink Info: TPIU fitted.
* JLink Info: ETM fitted.
* JLink Info:   FPUnit: 6 code (BP) slots and 2 literal slots
Application running ...
