<html>
<body>
<pre>
<h1>µVision Build Log</h1>
<h2>Project:</h2>
X:\Cortex-M3_207z\data\program\Open207Z\example\LCD\Project\Project.uvproj
Project File Date:  10/23/2012

<h2>Output:</h2>
Load "X:\\Cortex-M3_207z\\data\\program\\Open207Z\\example\\LCD\\Project\\Output\\Project.AXF" 
_____^
*** error 56: cannot open file
Load "X:\\Cortex-M3_207z\\data\\program\\Open207Z\\example\\LCD\\Project\\Output\\Project.AXF" 
_____^
*** error 56: cannot open file
Build target 'Open207Z'
compiling main.c...
compiling stm32f2xx_it.c...
compiling usart.c...
compiling LCD.c...
compiling AsciiLib.c...
assembling startup_stm32f2xx.s...
compiling stm32f2xx_gpio.c...
compiling stm32f2xx_rcc.c...
compiling stm32f2xx_usart.c...
compiling misc.c...
compiling stm32f2xx_fsmc.c...
compiling stm32f2xx_tim.c...
compiling core_cm3.c...
compiling system_stm32f2xx.c...
linking...
Program Size: Code=11930 RO-data=1942 RW-data=40 ZI-data=1632  
".\Output\Project.axf" - 0 Error(s), 0 Warning(s).
Load "X:\\Cortex-M3_207z\\data\\program\\Open207Z\\example\\LCD\\Project\\Output\\Project.AXF" 
Set JLink Project File to "X:\Cortex-M3_207z\data\program\Open207Z\example\LCD\Project\JLinkSettings.ini"
 
JLink info:
------------
DLL: V4.24b, compiled Feb 22 2011 20:47:17
Firmware: J-Link ARM V8 compiled Nov 14 2012 22:34:52
Hardware: V8.00
S/N : 270676280 
Feature(s) : RDI,FlashDL,FlashBP,JFlash,GDBFULL 
 
* JLink Info: TotalIRLen = 9, IRPrint = 0x0011
* JLink Info: Found Cortex-M3 r2p0, Little endian.
* JLink Info: TPIU fitted.
* JLink Info: ETM fitted.
* JLink Info:   FPUnit: 6 code (BP) slots and 2 literal slots
ROMTableAddr = 0xE00FF003
* JLink Info: TotalIRLen = 9, IRPrint = 0x0011
* JLink Info: Found Cortex-M3 r2p0, Little endian.
* JLink Info: TPIU fitted.
* JLink Info: ETM fitted.
* JLink Info:   FPUnit: 6 code (BP) slots and 2 literal slots
* JLink Info: TotalIRLen = 9, IRPrint = 0x0011
* JLink Info: Found Cortex-M3 r2p0, Little endian.
* JLink Info: TPIU fitted.
* JLink Info: ETM fitted.
* JLink Info:   FPUnit: 6 code (BP) slots and 2 literal slots
 
Target info:
------------
Device: STM32F207ZG
VTarget = 3.500V
State of Pins: 
TCK: 1, TDI: 0, TDO: 0, TMS: 0, TRES: 1, TRST: 1
Hardware-Breakpoints: 6
Software-Breakpoints: 2048
Watchpoints:          4
JTAG speed: 4800 kHz
 
Erase Done.
Programming Done.
Verify OK.
