ARM Linker, 4.1 [Build 644] [Standard]

==============================================================================

Section Cross References

    main.o(.text) refers to system_stm32f2xx.o(.text) for SystemInit
    main.o(.text) refers to usart.o(.text) for USART_Configuration
    main.o(.text) refers to joystate.o(.text) for JOYState_LED_GPIO_Init
    main.o(.text) refers to lcd.o(.text) for LCD_Initializtion
    main.o(.text) refers to noretval__2printf.o(.text) for __2printf
    stm32f2xx_it.o(.text) refers to _printf_percent.o(.ARM.Collect$$_printf_percent$$00000000) for _printf_percent
    stm32f2xx_it.o(.text) refers to _printf_c.o(.ARM.Collect$$_printf_percent$$00000013) for _printf_c
    stm32f2xx_it.o(.text) refers to _printf_str.o(.text) for _printf_str
    stm32f2xx_it.o(.text) refers to stm32f2xx_usart.o(.text) for USART_GetITStatus
    stm32f2xx_it.o(.text) refers to noretval__2printf.o(.text) for __2printf
    usart.o(.text) refers (Special) to use_no_semi_2.o(.text) for __use_no_semihosting
    usart.o(.text) refers to stm32f2xx_rcc.o(.text) for RCC_AHB1PeriphClockCmd
    usart.o(.text) refers to stm32f2xx_gpio.o(.text) for GPIO_PinAFConfig
    usart.o(.text) refers to stm32f2xx_usart.o(.text) for USART_Init
    usart.o(.text) refers to misc.o(.text) for NVIC_Init
    usart.o(.data) refers (Special) to use_no_semi_2.o(.text) for __use_no_semihosting
    joystate.o(.text) refers to stm32f2xx_rcc.o(.text) for RCC_AHB1PeriphClockCmd
    joystate.o(.text) refers to stm32f2xx_gpio.o(.text) for GPIO_Init
    joystate.o(.text) refers to lcd.o(.text) for GUI_Text
    asciilib.o(.text) refers to rt_memcpy_v6.o(.text) for __aeabi_memcpy
    asciilib.o(.text) refers to asciilib.o(.constdata) for .constdata
    lcd.o(.text) refers to stm32f2xx_rcc.o(.text) for RCC_AHB1PeriphClockCmd
    lcd.o(.text) refers to stm32f2xx_gpio.o(.text) for GPIO_PinAFConfig
    lcd.o(.text) refers to lcd.o(i.LCD_WriteReg) for LCD_WriteReg
    lcd.o(.text) refers to lcd.o(.data) for .data
    lcd.o(.text) refers to asciilib.o(.text) for GetASCIICode
    lcd.o(.text) refers to stm32f2xx_fsmc.o(.text) for FSMC_NORSRAMInit
    startup_stm32f2xx.o(STACK) refers (Special) to heapauxi.o(.text) for __use_two_region_memory
    startup_stm32f2xx.o(HEAP) refers (Special) to heapauxi.o(.text) for __use_two_region_memory
    startup_stm32f2xx.o(RESET) refers (Special) to heapauxi.o(.text) for __use_two_region_memory
    startup_stm32f2xx.o(RESET) refers to startup_stm32f2xx.o(STACK) for __initial_sp
    startup_stm32f2xx.o(RESET) refers to startup_stm32f2xx.o(.text) for Reset_Handler
    startup_stm32f2xx.o(RESET) refers to stm32f2xx_it.o(.text) for NMI_Handler
    startup_stm32f2xx.o(.text) refers (Special) to heapauxi.o(.text) for __use_two_region_memory
    startup_stm32f2xx.o(.text) refers to system_stm32f2xx.o(.text) for SystemInit
    startup_stm32f2xx.o(.text) refers to __main.o(!!!main) for __main
    startup_stm32f2xx.o(.text) refers to startup_stm32f2xx.o(HEAP) for Heap_Mem
    startup_stm32f2xx.o(.text) refers to startup_stm32f2xx.o(STACK) for Stack_Mem
    stm32f2xx_gpio.o(.text) refers to stm32f2xx_rcc.o(.text) for RCC_AHB1PeriphResetCmd
    stm32f2xx_usart.o(.text) refers to stm32f2xx_rcc.o(.text) for RCC_APB2PeriphResetCmd
    stm32f2xx_rcc.o(.text) refers to stm32f2xx_rcc.o(.data) for .data
    stm32f2xx_tim.o(.text) refers to stm32f2xx_rcc.o(.text) for RCC_APB2PeriphResetCmd
    system_stm32f2xx.o(.text) refers to system_stm32f2xx.o(.data) for .data
    use_no_semi_2.o(.text) refers (Special) to use_no_semi.o(.text) for __use_no_semihosting_swi
    __2printf.o(.text) refers to _printf_char_file.o(.text) for _printf_char_file
    __2printf.o(.text) refers to usart.o(.data) for __stdout
    noretval__2printf.o(.text) refers to _printf_char_file.o(.text) for _printf_char_file
    noretval__2printf.o(.text) refers to usart.o(.data) for __stdout
    __printf.o(.text) refers to _printf_percent.o(.ARM.Collect$$_printf_percent$$00000000) for _printf_percent
    _printf_str.o(.text) refers (Special) to _printf_char.o(.text) for _printf_cs_common
    __printf_flags.o(.text) refers to _printf_percent.o(.ARM.Collect$$_printf_percent$$00000000) for _printf_percent
    __printf_flags.o(.text) refers to __printf_flags.o(.constdata) for .constdata
    __printf_ss.o(.text) refers to _printf_percent.o(.ARM.Collect$$_printf_percent$$00000000) for _printf_percent
    __printf_flags_ss.o(.text) refers to _printf_percent.o(.ARM.Collect$$_printf_percent$$00000000) for _printf_percent
    __printf_flags_ss.o(.text) refers to __printf_flags_ss.o(.constdata) for .constdata
    __printf_wp.o(.text) refers to __printf_wp.o(i._is_digit) for _is_digit
    __printf_wp.o(.text) refers to _printf_percent.o(.ARM.Collect$$_printf_percent$$00000000) for _printf_percent
    __printf_flags_wp.o(.text) refers to __printf_wp.o(i._is_digit) for _is_digit
    __printf_flags_wp.o(.text) refers to _printf_percent.o(.ARM.Collect$$_printf_percent$$00000000) for _printf_percent
    __printf_flags_wp.o(.text) refers to __printf_flags_wp.o(.constdata) for .constdata
    __printf_ss_wp.o(.text) refers to __printf_wp.o(i._is_digit) for _is_digit
    __printf_ss_wp.o(.text) refers to _printf_percent.o(.ARM.Collect$$_printf_percent$$00000000) for _printf_percent
    __printf_flags_ss_wp.o(.text) refers to __printf_wp.o(i._is_digit) for _is_digit
    __printf_flags_ss_wp.o(.text) refers to _printf_percent.o(.ARM.Collect$$_printf_percent$$00000000) for _printf_percent
    __printf_flags_ss_wp.o(.text) refers to __printf_flags_ss_wp.o(.constdata) for .constdata
    _printf_c.o(.ARM.Collect$$_printf_percent$$00000013) refers (Weak) to _printf_char.o(.text) for _printf_char
    _printf_percent.o(.ARM.Collect$$_printf_percent$$00000000) refers (Special) to _printf_percent_end.o(.ARM.Collect$$_printf_percent$$00000017) for _printf_percent_end
    rt_memcpy_v6.o(.text) refers to rt_memcpy_w.o(.text) for __aeabi_memcpy4
    __main.o(!!!main) refers to rtentry.o(.ARM.Collect$$rtentry$$00000000) for __rt_entry
    rtentry.o(.ARM.Collect$$rtentry$$00000000) refers (Special) to rtentry2.o(.ARM.Collect$$rtentry$$0000000A) for __rt_entry_li
    rtentry.o(.ARM.Collect$$rtentry$$00000000) refers (Special) to rtentry2.o(.ARM.Collect$$rtentry$$0000000D) for __rt_entry_main
    rtentry.o(.ARM.Collect$$rtentry$$00000000) refers (Special) to rtentry2.o(.ARM.Collect$$rtentry$$0000000C) for __rt_entry_postli_1
    rtentry.o(.ARM.Collect$$rtentry$$00000000) refers (Special) to rtentry2.o(.ARM.Collect$$rtentry$$00000009) for __rt_entry_postsh_1
    rtentry.o(.ARM.Collect$$rtentry$$00000000) refers (Special) to rtentry2.o(.ARM.Collect$$rtentry$$00000002) for __rt_entry_presh_1
    rtentry.o(.ARM.Collect$$rtentry$$00000000) refers (Special) to rtentry4.o(.ARM.Collect$$rtentry$$00000004) for __rt_entry_sh
    rtentry.o(.ARM.exidx) refers (Special) to rtentry2.o(.ARM.Collect$$rtentry$$0000000A) for __rt_entry_li
    rtentry.o(.ARM.exidx) refers (Special) to rtentry2.o(.ARM.Collect$$rtentry$$0000000D) for __rt_entry_main
    rtentry.o(.ARM.exidx) refers (Special) to rtentry2.o(.ARM.Collect$$rtentry$$0000000C) for __rt_entry_postli_1
    rtentry.o(.ARM.exidx) refers (Special) to rtentry2.o(.ARM.Collect$$rtentry$$00000009) for __rt_entry_postsh_1
    rtentry.o(.ARM.exidx) refers (Special) to rtentry2.o(.ARM.Collect$$rtentry$$00000002) for __rt_entry_presh_1
    rtentry.o(.ARM.exidx) refers (Special) to rtentry4.o(.ARM.Collect$$rtentry$$00000004) for __rt_entry_sh
    rtentry.o(.ARM.exidx) refers to rtentry.o(.ARM.Collect$$rtentry$$00000000) for .ARM.Collect$$rtentry$$00000000
    _printf_char.o(.text) refers (Weak) to _printf_str.o(.text) for _printf_str
    _printf_char_file.o(.text) refers to _printf_char_common.o(.text) for _printf_char_common
    _printf_char_file.o(.text) refers to ferror.o(.text) for ferror
    _printf_char_file.o(.text) refers to usart.o(.text) for fputc
    rtentry2.o(.ARM.Collect$$rtentry$$00000008) refers to boardinit2.o(.text) for _platform_post_stackheap_init
    rtentry2.o(.ARM.Collect$$rtentry$$0000000A) refers to libinit.o(.ARM.Collect$$libinit$$00000000) for __rt_lib_init
    rtentry2.o(.ARM.Collect$$rtentry$$0000000B) refers to boardinit3.o(.text) for _platform_post_lib_init
    rtentry2.o(.ARM.Collect$$rtentry$$0000000D) refers to main.o(.text) for main
    rtentry2.o(.ARM.Collect$$rtentry$$0000000D) refers to exit.o(.text) for exit
    rtentry2.o(.ARM.exidx) refers to rtentry2.o(.ARM.Collect$$rtentry$$00000001) for .ARM.Collect$$rtentry$$00000001
    rtentry2.o(.ARM.exidx) refers to rtentry2.o(.ARM.Collect$$rtentry$$00000002) for .ARM.Collect$$rtentry$$00000002
    rtentry2.o(.ARM.exidx) refers to rtentry2.o(.ARM.Collect$$rtentry$$00000008) for .ARM.Collect$$rtentry$$00000008
    rtentry2.o(.ARM.exidx) refers to rtentry2.o(.ARM.Collect$$rtentry$$00000009) for .ARM.Collect$$rtentry$$00000009
    rtentry2.o(.ARM.exidx) refers to rtentry2.o(.ARM.Collect$$rtentry$$0000000A) for .ARM.Collect$$rtentry$$0000000A
    rtentry2.o(.ARM.exidx) refers to rtentry2.o(.ARM.Collect$$rtentry$$0000000B) for .ARM.Collect$$rtentry$$0000000B
    rtentry2.o(.ARM.exidx) refers to rtentry2.o(.ARM.Collect$$rtentry$$0000000C) for .ARM.Collect$$rtentry$$0000000C
    rtentry2.o(.ARM.exidx) refers to rtentry2.o(.ARM.Collect$$rtentry$$0000000D) for .ARM.Collect$$rtentry$$0000000D
    rtentry4.o(.ARM.Collect$$rtentry$$00000004) refers to sys_stackheap_outer.o(.text) for __user_setup_stackheap
    rtentry4.o(.ARM.exidx) refers to rtentry4.o(.ARM.Collect$$rtentry$$00000004) for .ARM.Collect$$rtentry$$00000004
    _printf_char_common.o(.text) refers to __printf.o(.text) for __printf
    sys_stackheap_outer.o(.text) refers to libspace.o(.text) for __user_perproc_libspace
    sys_stackheap_outer.o(.text) refers to startup_stm32f2xx.o(.text) for __user_initial_stackheap
    exit.o(.text) refers to rtexit.o(.ARM.Collect$$rtexit$$00000000) for __rt_exit
    libinit.o(.ARM.Collect$$libinit$$00000000) refers (Special) to libinit2.o(.ARM.Collect$$libinit$$0000002A) for __rt_lib_init_alloca_1
    libinit.o(.ARM.Collect$$libinit$$00000000) refers (Special) to libinit2.o(.ARM.Collect$$libinit$$00000028) for __rt_lib_init_argv_1
    libinit.o(.ARM.Collect$$libinit$$00000000) refers (Special) to libinit2.o(.ARM.Collect$$libinit$$00000017) for __rt_lib_init_atexit_1
    libinit.o(.ARM.Collect$$libinit$$00000000) refers (Special) to libinit2.o(.ARM.Collect$$libinit$$0000001D) for __rt_lib_init_clock_1
    libinit.o(.ARM.Collect$$libinit$$00000000) refers (Special) to libinit2.o(.ARM.Collect$$libinit$$0000002E) for __rt_lib_init_cpp_1
    libinit.o(.ARM.Collect$$libinit$$00000000) refers (Special) to libinit2.o(.ARM.Collect$$libinit$$0000002C) for __rt_lib_init_exceptions_1
    libinit.o(.ARM.Collect$$libinit$$00000000) refers (Special) to libinit2.o(.ARM.Collect$$libinit$$0000001B) for __rt_lib_init_fp_trap_1
    libinit.o(.ARM.Collect$$libinit$$00000000) refers (Special) to libinit2.o(.ARM.Collect$$libinit$$0000001F) for __rt_lib_init_getenv_1
    libinit.o(.ARM.Collect$$libinit$$00000000) refers (Special) to libinit2.o(.ARM.Collect$$libinit$$00000006) for __rt_lib_init_heap_1
    libinit.o(.ARM.Collect$$libinit$$00000000) refers (Special) to libinit2.o(.ARM.Collect$$libinit$$0000000D) for __rt_lib_init_lc_collate_1
    libinit.o(.ARM.Collect$$libinit$$00000000) refers (Special) to libinit2.o(.ARM.Collect$$libinit$$0000000F) for __rt_lib_init_lc_ctype_1
    libinit.o(.ARM.Collect$$libinit$$00000000) refers (Special) to libinit2.o(.ARM.Collect$$libinit$$00000011) for __rt_lib_init_lc_monetary_1
    libinit.o(.ARM.Collect$$libinit$$00000000) refers (Special) to libinit2.o(.ARM.Collect$$libinit$$00000013) for __rt_lib_init_lc_numeric_1
    libinit.o(.ARM.Collect$$libinit$$00000000) refers (Special) to libinit2.o(.ARM.Collect$$libinit$$00000015) for __rt_lib_init_lc_time_1
    libinit.o(.ARM.Collect$$libinit$$00000000) refers (Special) to libinit2.o(.ARM.Collect$$libinit$$0000000A) for __rt_lib_init_rand_1
    libinit.o(.ARM.Collect$$libinit$$00000000) refers (Special) to libinit2.o(.ARM.Collect$$libinit$$0000002F) for __rt_lib_init_return
    libinit.o(.ARM.Collect$$libinit$$00000000) refers (Special) to libinit2.o(.ARM.Collect$$libinit$$00000019) for __rt_lib_init_signal_1
    libinit.o(.ARM.Collect$$libinit$$00000000) refers (Special) to libinit2.o(.ARM.Collect$$libinit$$00000021) for __rt_lib_init_stdio_1
    libinit.o(.ARM.Collect$$libinit$$00000000) refers (Special) to libinit2.o(.ARM.Collect$$libinit$$00000008) for __rt_lib_init_user_alloc_1
    libinit.o(.ARM.Collect$$libinit$$00000000) refers to fpinit.o(x$fpl$fpinit) for _fp_init
    libspace.o(.text) refers to libspace.o(.bss) for __libspace_start
    rtexit.o(.ARM.Collect$$rtexit$$00000000) refers (Special) to rtexit2.o(.ARM.Collect$$rtexit$$00000004) for __rt_exit_exit
    rtexit.o(.ARM.Collect$$rtexit$$00000000) refers (Special) to rtexit2.o(.ARM.Collect$$rtexit$$00000003) for __rt_exit_ls
    rtexit.o(.ARM.Collect$$rtexit$$00000000) refers (Special) to rtexit2.o(.ARM.Collect$$rtexit$$00000002) for __rt_exit_prels_1
    rtexit.o(.ARM.exidx) refers (Special) to rtexit2.o(.ARM.Collect$$rtexit$$00000004) for __rt_exit_exit
    rtexit.o(.ARM.exidx) refers (Special) to rtexit2.o(.ARM.Collect$$rtexit$$00000003) for __rt_exit_ls
    rtexit.o(.ARM.exidx) refers (Special) to rtexit2.o(.ARM.Collect$$rtexit$$00000002) for __rt_exit_prels_1
    rtexit.o(.ARM.exidx) refers to rtexit.o(.ARM.Collect$$rtexit$$00000000) for .ARM.Collect$$rtexit$$00000000
    libinit2.o(.ARM.Collect$$libinit$$0000000C) refers to libinit2.o(.ARM.Collect$$libinit$$0000000B) for .ARM.Collect$$libinit$$0000000B
    libinit2.o(.ARM.Collect$$libinit$$0000000E) refers to libinit2.o(.ARM.Collect$$libinit$$0000000B) for .ARM.Collect$$libinit$$0000000B
    libinit2.o(.ARM.Collect$$libinit$$00000010) refers to libinit2.o(.ARM.Collect$$libinit$$0000000B) for .ARM.Collect$$libinit$$0000000B
    libinit2.o(.ARM.Collect$$libinit$$00000012) refers to libinit2.o(.ARM.Collect$$libinit$$0000000B) for .ARM.Collect$$libinit$$0000000B
    libinit2.o(.ARM.Collect$$libinit$$00000014) refers to libinit2.o(.ARM.Collect$$libinit$$0000000B) for .ARM.Collect$$libinit$$0000000B
    libinit2.o(.ARM.Collect$$libinit$$00000022) refers to argv_veneer.o(.emb_text) for __ARM_argv_veneer
    libinit2.o(.ARM.Collect$$libinit$$00000023) refers to argv_veneer.o(.emb_text) for __ARM_argv_veneer
    fpinit.o(x$fpl$fpinit) refers to rt_fp_status_addr_intlibspace.o(.text) for __rt_fp_status_addr
    rtexit2.o(.ARM.Collect$$rtexit$$00000003) refers to libshutdown.o(.ARM.Collect$$libshutdown$$00000000) for __rt_lib_shutdown
    rtexit2.o(.ARM.Collect$$rtexit$$00000004) refers to usart.o(.text) for _sys_exit
    rtexit2.o(.ARM.exidx) refers to rtexit2.o(.ARM.Collect$$rtexit$$00000001) for .ARM.Collect$$rtexit$$00000001
    rtexit2.o(.ARM.exidx) refers to rtexit2.o(.ARM.Collect$$rtexit$$00000002) for .ARM.Collect$$rtexit$$00000002
    rtexit2.o(.ARM.exidx) refers to rtexit2.o(.ARM.Collect$$rtexit$$00000003) for .ARM.Collect$$rtexit$$00000003
    rtexit2.o(.ARM.exidx) refers to rtexit2.o(.ARM.Collect$$rtexit$$00000004) for .ARM.Collect$$rtexit$$00000004
    rt_fp_status_addr.o(.text) refers to rt_fp_status_addr.o(.bss) for __rt_fp_status_addr_data
    rt_fp_status_addr_intlibspace.o(.text) refers to libspace.o(.bss) for __libspace_start
    argv_veneer.o(.emb_text) refers to no_argv.o(.text) for __ARM_get_argv
    _get_argv_nomalloc.o(.text) refers (Special) to hrguard.o(.text) for __heap_region$guard
    _get_argv_nomalloc.o(.text) refers to defsig_rtmem_outer.o(.text) for __rt_SIGRTMEM
    _get_argv_nomalloc.o(.text) refers to sys_command.o(.text) for _sys_command_string
    libshutdown.o(.ARM.Collect$$libshutdown$$00000000) refers (Special) to libshutdown2.o(.ARM.Collect$$libshutdown$$00000006) for __rt_lib_shutdown_fp_trap_1
    libshutdown.o(.ARM.Collect$$libshutdown$$00000000) refers (Special) to libshutdown2.o(.ARM.Collect$$libshutdown$$0000000E) for __rt_lib_shutdown_heap_1
    libshutdown.o(.ARM.Collect$$libshutdown$$00000000) refers (Special) to libshutdown2.o(.ARM.Collect$$libshutdown$$0000000F) for __rt_lib_shutdown_return
    libshutdown.o(.ARM.Collect$$libshutdown$$00000000) refers (Special) to libshutdown2.o(.ARM.Collect$$libshutdown$$00000009) for __rt_lib_shutdown_signal_1
    libshutdown.o(.ARM.Collect$$libshutdown$$00000000) refers (Special) to libshutdown2.o(.ARM.Collect$$libshutdown$$00000003) for __rt_lib_shutdown_stdio_1
    libshutdown.o(.ARM.Collect$$libshutdown$$00000000) refers (Special) to libshutdown2.o(.ARM.Collect$$libshutdown$$0000000B) for __rt_lib_shutdown_user_alloc_1
    sys_command.o(.text) refers (Special) to use_no_semi.o(.text) for __I$use$semihosting
    defsig_rtmem_outer.o(.text) refers to defsig_rtmem_inner.o(.text) for __rt_SIGRTMEM_inner
    defsig_rtmem_outer.o(.text) refers to defsig_exit.o(.text) for __sig_exit
    defsig_rtmem_formal.o(.text) refers to rt_raise.o(.text) for __rt_raise
    rt_raise.o(.text) refers to __raise.o(.text) for __raise
    rt_raise.o(.text) refers to usart.o(.text) for _sys_exit
    defsig_exit.o(.text) refers to usart.o(.text) for _sys_exit
    defsig_rtmem_inner.o(.text) refers to defsig_general.o(.text) for __default_signal_display
    __raise.o(.text) refers to defsig.o(CL$$defsig) for __default_signal_handler
    defsig_general.o(.text) refers to sys_wrch.o(.text) for _ttywrch
    sys_wrch.o(.text) refers (Special) to use_no_semi.o(.text) for __I$use$semihosting
    defsig.o(CL$$defsig) refers to defsig_rtmem_inner.o(.text) for __rt_SIGRTMEM_inner
    defsig_abrt_inner.o(.text) refers to defsig_general.o(.text) for __default_signal_display
    defsig_fpe_inner.o(.text) refers to defsig_general.o(.text) for __default_signal_display
    defsig_rtred_inner.o(.text) refers to defsig_general.o(.text) for __default_signal_display
    defsig_stak_inner.o(.text) refers to defsig_general.o(.text) for __default_signal_display
    defsig_pvfn_inner.o(.text) refers to defsig_general.o(.text) for __default_signal_display
    defsig_cppl_inner.o(.text) refers to defsig_general.o(.text) for __default_signal_display
    defsig_segv_inner.o(.text) refers to defsig_general.o(.text) for __default_signal_display
    defsig_other.o(.text) refers to defsig_general.o(.text) for __default_signal_display


==============================================================================

Removing Unused input sections from the image.

    Removing main.o(.data), (8 bytes).
    Removing lcd.o(.data), (2 bytes).
    Removing stm32f2xx_tim.o(.text), (2374 bytes).
    Removing core_cm3.o(.emb_text), (32 bytes).

4 unused section(s) (total 2416 bytes) removed from the image.

==============================================================================

Image Symbol Table

    Local Symbols

    Symbol Name                              Value     Ov Type        Size  Object(Section)

    ../../angel/boardlib.s                   0x00000000   Number         0  boardinit3.o ABSOLUTE
    ../../angel/boardlib.s                   0x00000000   Number         0  boardinit2.o ABSOLUTE
    ../../angel/boardlib.s                   0x00000000   Number         0  boardshut.o ABSOLUTE
    ../../angel/boardlib.s                   0x00000000   Number         0  boardinit1.o ABSOLUTE
    ../../angel/handlers.s                   0x00000000   Number         0  __scatter_zi.o ABSOLUTE
    ../../angel/handlers.s                   0x00000000   Number         0  __scatter_copy.o ABSOLUTE
    ../../angel/kernel.s                     0x00000000   Number         0  rtexit.o ABSOLUTE
    ../../angel/kernel.s                     0x00000000   Number         0  rtentry4.o ABSOLUTE
    ../../angel/kernel.s                     0x00000000   Number         0  rtentry2.o ABSOLUTE
    ../../angel/kernel.s                     0x00000000   Number         0  rtentry.o ABSOLUTE
    ../../angel/kernel.s                     0x00000000   Number         0  rtexit2.o ABSOLUTE
    ../../angel/rt.s                         0x00000000   Number         0  rt_fp_status_addr_intlibspace.o ABSOLUTE
    ../../angel/rt.s                         0x00000000   Number         0  rt_fp_status_addr.o ABSOLUTE
    ../../angel/rt.s                         0x00000000   Number         0  rt_raise.o ABSOLUTE
    ../../angel/scatter.s                    0x00000000   Number         0  __scatter.o ABSOLUTE
    ../../angel/startup.s                    0x00000000   Number         0  __main.o ABSOLUTE
    ../../angel/sys.s                        0x00000000   Number         0  libspace.o ABSOLUTE
    ../../angel/sys.s                        0x00000000   Number         0  use_no_semi.o ABSOLUTE
    ../../angel/sys.s                        0x00000000   Number         0  use_no_semi_2.o ABSOLUTE
    ../../angel/sys.s                        0x00000000   Number         0  sys_stackheap_outer.o ABSOLUTE
    ../../angel/sysapp.c                     0x00000000   Number         0  sys_wrch.o ABSOLUTE
    ../../angel/sysapp.c                     0x00000000   Number         0  sys_command.o ABSOLUTE
    ../../armsys.c                           0x00000000   Number         0  no_argv.o ABSOLUTE
    ../../armsys.c                           0x00000000   Number         0  _get_argv_nomalloc.o ABSOLUTE
    ../../armsys.c                           0x00000000   Number         0  argv_veneer.o ABSOLUTE
    ../../armsys.c                           0x00000000   Number         0  argv_veneer.o ABSOLUTE
    ../../fpinit.s                           0x00000000   Number         0  fpinit.o ABSOLUTE
    ../../heapalloc.c                        0x00000000   Number         0  hrguard.o ABSOLUTE
    ../../heapaux.c                          0x00000000   Number         0  heapauxi.o ABSOLUTE
    ../../libinit.s                          0x00000000   Number         0  libinit2.o ABSOLUTE
    ../../libinit.s                          0x00000000   Number         0  libinit.o ABSOLUTE
    ../../libinit.s                          0x00000000   Number         0  libshutdown2.o ABSOLUTE
    ../../libinit.s                          0x00000000   Number         0  libshutdown.o ABSOLUTE
    ../../memcpset.s                         0x00000000   Number         0  rt_memcpy_w.o ABSOLUTE
    ../../memcpset.s                         0x00000000   Number         0  rt_memcpy_v6.o ABSOLUTE
    ../../printf.c                           0x00000000   Number         0  _printf_char.o ABSOLUTE
    ../../printf.c                           0x00000000   Number         0  _printf_char_file.o ABSOLUTE
    ../../printf.c                           0x00000000   Number         0  __printf_flags_ss_wp.o ABSOLUTE
    ../../printf.c                           0x00000000   Number         0  __2printf.o ABSOLUTE
    ../../printf.c                           0x00000000   Number         0  noretval__2printf.o ABSOLUTE
    ../../printf.c                           0x00000000   Number         0  __printf.o ABSOLUTE
    ../../printf.c                           0x00000000   Number         0  _printf_str.o ABSOLUTE
    ../../printf.c                           0x00000000   Number         0  __printf_nopercent.o ABSOLUTE
    ../../printf.c                           0x00000000   Number         0  __printf_flags.o ABSOLUTE
    ../../printf.c                           0x00000000   Number         0  __printf_ss.o ABSOLUTE
    ../../printf.c                           0x00000000   Number         0  __printf_flags_ss.o ABSOLUTE
    ../../printf.c                           0x00000000   Number         0  __printf_wp.o ABSOLUTE
    ../../printf.c                           0x00000000   Number         0  __printf_flags_wp.o ABSOLUTE
    ../../printf.c                           0x00000000   Number         0  __printf_ss_wp.o ABSOLUTE
    ../../printf.c                           0x00000000   Number         0  _printf_char_common.o ABSOLUTE
    ../../printf_percent.s                   0x00000000   Number         0  _printf_percent_end.o ABSOLUTE
    ../../printf_percent.s                   0x00000000   Number         0  _printf_percent.o ABSOLUTE
    ../../printf_percent.s                   0x00000000   Number         0  _printf_c.o ABSOLUTE
    ../../signal.c                           0x00000000   Number         0  defsig_rtmem_outer.o ABSOLUTE
    ../../signal.c                           0x00000000   Number         0  defsig_abrt_inner.o ABSOLUTE
    ../../signal.c                           0x00000000   Number         0  defsig_fpe_inner.o ABSOLUTE
    ../../signal.c                           0x00000000   Number         0  defsig_stak_inner.o ABSOLUTE
    ../../signal.c                           0x00000000   Number         0  __raise.o ABSOLUTE
    ../../signal.c                           0x00000000   Number         0  defsig_other.o ABSOLUTE
    ../../signal.c                           0x00000000   Number         0  defsig_segv_inner.o ABSOLUTE
    ../../signal.c                           0x00000000   Number         0  defsig_cppl_inner.o ABSOLUTE
    ../../signal.c                           0x00000000   Number         0  defsig_pvfn_inner.o ABSOLUTE
    ../../signal.c                           0x00000000   Number         0  defsig_rtred_inner.o ABSOLUTE
    ../../signal.c                           0x00000000   Number         0  defsig_general.o ABSOLUTE
    ../../signal.c                           0x00000000   Number         0  defsig_rtmem_inner.o ABSOLUTE
    ../../signal.c                           0x00000000   Number         0  defsig_exit.o ABSOLUTE
    ../../signal.c                           0x00000000   Number         0  defsig_rtmem_formal.o ABSOLUTE
    ../../signal.s                           0x00000000   Number         0  defsig.o ABSOLUTE
    ../../stdio.c                            0x00000000   Number         0  ferror_locked.o ABSOLUTE
    ../../stdio.c                            0x00000000   Number         0  ferror.o ABSOLUTE
    ../../stdlib.c                           0x00000000   Number         0  exit.o ABSOLUTE
    ..\Libraries\CMSIS\CM3\CoreSupport\core_cm3.c 0x00000000   Number         0  core_cm3.o ABSOLUTE
    ..\Libraries\CMSIS\CM3\DeviceSupport\ST\STM32F2xx\startup\arm\startup_stm32f2xx.s 0x00000000   Number         0  startup_stm32f2xx.o ABSOLUTE
    ..\Libraries\CMSIS\CM3\DeviceSupport\ST\STM32F2xx\system_stm32f2xx.c 0x00000000   Number         0  system_stm32f2xx.o ABSOLUTE
    ..\Libraries\STM32F2xx_StdPeriph_Driver\src\misc.c 0x00000000   Number         0  misc.o ABSOLUTE
    ..\Libraries\STM32F2xx_StdPeriph_Driver\src\stm32f2xx_fsmc.c 0x00000000   Number         0  stm32f2xx_fsmc.o ABSOLUTE
    ..\Libraries\STM32F2xx_StdPeriph_Driver\src\stm32f2xx_gpio.c 0x00000000   Number         0  stm32f2xx_gpio.o ABSOLUTE
    ..\Libraries\STM32F2xx_StdPeriph_Driver\src\stm32f2xx_rcc.c 0x00000000   Number         0  stm32f2xx_rcc.o ABSOLUTE
    ..\Libraries\STM32F2xx_StdPeriph_Driver\src\stm32f2xx_tim.c 0x00000000   Number         0  stm32f2xx_tim.o ABSOLUTE
    ..\Libraries\STM32F2xx_StdPeriph_Driver\src\stm32f2xx_usart.c 0x00000000   Number         0  stm32f2xx_usart.o ABSOLUTE
    ..\User\AsciiLib.c                       0x00000000   Number         0  asciilib.o ABSOLUTE
    ..\User\JOYState.c                       0x00000000   Number         0  joystate.o ABSOLUTE
    ..\User\LCD.c                            0x00000000   Number         0  lcd.o ABSOLUTE
    ..\User\main.c                           0x00000000   Number         0  main.o ABSOLUTE
    ..\User\stm32f2xx_it.c                   0x00000000   Number         0  stm32f2xx_it.o ABSOLUTE
    ..\User\usart.c                          0x00000000   Number         0  usart.o ABSOLUTE
    ..\\Libraries\\CMSIS\\CM3\\CoreSupport\\core_cm3.c 0x00000000   Number         0  core_cm3.o ABSOLUTE
    dc.s                                     0x00000000   Number         0  dc.o ABSOLUTE
    RESET                                    0x08000000   Section      388  startup_stm32f2xx.o(RESET)
    !!!main                                  0x08000184   Section        8  __main.o(!!!main)
    !!!scatter                               0x0800018c   Section       52  __scatter.o(!!!scatter)
    !!handler_copy                           0x080001c0   Section       26  __scatter_copy.o(!!handler_copy)
    !!handler_zi                             0x080001dc   Section       28  __scatter_zi.o(!!handler_zi)
    .ARM.Collect$$_printf_percent$$00000000  0x080001f8   Section        0  _printf_percent.o(.ARM.Collect$$_printf_percent$$00000000)
    .ARM.Collect$$_printf_percent$$00000013  0x080001f8   Section        6  _printf_c.o(.ARM.Collect$$_printf_percent$$00000013)
    .ARM.Collect$$_printf_percent$$00000017  0x080001fe   Section        4  _printf_percent_end.o(.ARM.Collect$$_printf_percent$$00000017)
    .ARM.Collect$$libinit$$00000000          0x08000202   Section        6  libinit.o(.ARM.Collect$$libinit$$00000000)
    .ARM.Collect$$libinit$$00000006          0x08000208   Section        0  libinit2.o(.ARM.Collect$$libinit$$00000006)
    .ARM.Collect$$libinit$$00000008          0x08000208   Section        0  libinit2.o(.ARM.Collect$$libinit$$00000008)
    .ARM.Collect$$libinit$$0000000A          0x08000208   Section        0  libinit2.o(.ARM.Collect$$libinit$$0000000A)
    .ARM.Collect$$libinit$$0000000D          0x08000208   Section        0  libinit2.o(.ARM.Collect$$libinit$$0000000D)
    .ARM.Collect$$libinit$$0000000F          0x08000208   Section        0  libinit2.o(.ARM.Collect$$libinit$$0000000F)
    .ARM.Collect$$libinit$$00000011          0x08000208   Section        0  libinit2.o(.ARM.Collect$$libinit$$00000011)
    .ARM.Collect$$libinit$$00000013          0x08000208   Section        0  libinit2.o(.ARM.Collect$$libinit$$00000013)
    .ARM.Collect$$libinit$$00000015          0x08000208   Section        0  libinit2.o(.ARM.Collect$$libinit$$00000015)
    .ARM.Collect$$libinit$$00000017          0x08000208   Section        0  libinit2.o(.ARM.Collect$$libinit$$00000017)
    .ARM.Collect$$libinit$$00000019          0x08000208   Section        0  libinit2.o(.ARM.Collect$$libinit$$00000019)
    .ARM.Collect$$libinit$$0000001B          0x08000208   Section        0  libinit2.o(.ARM.Collect$$libinit$$0000001B)
    .ARM.Collect$$libinit$$0000001D          0x08000208   Section        0  libinit2.o(.ARM.Collect$$libinit$$0000001D)
    .ARM.Collect$$libinit$$0000001F          0x08000208   Section        0  libinit2.o(.ARM.Collect$$libinit$$0000001F)
    .ARM.Collect$$libinit$$00000021          0x08000208   Section        0  libinit2.o(.ARM.Collect$$libinit$$00000021)
    .ARM.Collect$$libinit$$00000028          0x08000208   Section        0  libinit2.o(.ARM.Collect$$libinit$$00000028)
    .ARM.Collect$$libinit$$0000002A          0x08000208   Section        0  libinit2.o(.ARM.Collect$$libinit$$0000002A)
    .ARM.Collect$$libinit$$0000002C          0x08000208   Section        0  libinit2.o(.ARM.Collect$$libinit$$0000002C)
    .ARM.Collect$$libinit$$0000002E          0x08000208   Section        0  libinit2.o(.ARM.Collect$$libinit$$0000002E)
    .ARM.Collect$$libinit$$0000002F          0x08000208   Section        2  libinit2.o(.ARM.Collect$$libinit$$0000002F)
    .ARM.Collect$$libshutdown$$00000000      0x0800020a   Section        2  libshutdown.o(.ARM.Collect$$libshutdown$$00000000)
    .ARM.Collect$$libshutdown$$00000003      0x0800020c   Section        0  libshutdown2.o(.ARM.Collect$$libshutdown$$00000003)
    .ARM.Collect$$libshutdown$$00000006      0x0800020c   Section        0  libshutdown2.o(.ARM.Collect$$libshutdown$$00000006)
    .ARM.Collect$$libshutdown$$00000009      0x0800020c   Section        0  libshutdown2.o(.ARM.Collect$$libshutdown$$00000009)
    .ARM.Collect$$libshutdown$$0000000B      0x0800020c   Section        0  libshutdown2.o(.ARM.Collect$$libshutdown$$0000000B)
    .ARM.Collect$$libshutdown$$0000000E      0x0800020c   Section        0  libshutdown2.o(.ARM.Collect$$libshutdown$$0000000E)
    .ARM.Collect$$libshutdown$$0000000F      0x0800020c   Section        2  libshutdown2.o(.ARM.Collect$$libshutdown$$0000000F)
    .ARM.Collect$$rtentry$$00000000          0x0800020e   Section        0  rtentry.o(.ARM.Collect$$rtentry$$00000000)
    .ARM.Collect$$rtentry$$00000002          0x0800020e   Section        0  rtentry2.o(.ARM.Collect$$rtentry$$00000002)
    .ARM.Collect$$rtentry$$00000004          0x0800020e   Section        6  rtentry4.o(.ARM.Collect$$rtentry$$00000004)
    .ARM.Collect$$rtentry$$00000009          0x08000214   Section        0  rtentry2.o(.ARM.Collect$$rtentry$$00000009)
    .ARM.Collect$$rtentry$$0000000A          0x08000214   Section        4  rtentry2.o(.ARM.Collect$$rtentry$$0000000A)
    .ARM.Collect$$rtentry$$0000000C          0x08000218   Section        0  rtentry2.o(.ARM.Collect$$rtentry$$0000000C)
    .ARM.Collect$$rtentry$$0000000D          0x08000218   Section        8  rtentry2.o(.ARM.Collect$$rtentry$$0000000D)
    .ARM.Collect$$rtexit$$00000000           0x08000220   Section        2  rtexit.o(.ARM.Collect$$rtexit$$00000000)
    .ARM.Collect$$rtexit$$00000002           0x08000222   Section        0  rtexit2.o(.ARM.Collect$$rtexit$$00000002)
    .ARM.Collect$$rtexit$$00000003           0x08000222   Section        4  rtexit2.o(.ARM.Collect$$rtexit$$00000003)
    .ARM.Collect$$rtexit$$00000004           0x08000226   Section        6  rtexit2.o(.ARM.Collect$$rtexit$$00000004)
    .text                                    0x0800022c   Section        0  main.o(.text)
    .text                                    0x080002f0   Section        0  stm32f2xx_it.o(.text)
    .text                                    0x08000360   Section        0  usart.o(.text)
    .text                                    0x080004a8   Section        0  joystate.o(.text)
    .text                                    0x08000868   Section        0  asciilib.o(.text)
    .text                                    0x0800087c   Section        0  lcd.o(.text)
    LCD_CtrlLinesConfig                      0x0800087d   Thumb Code   308  lcd.o(.text)
    LCD_SetCursor                            0x0800201b   Thumb Code   100  lcd.o(.text)
    LCD_FSMCConfig                           0x080022eb   Thumb Code    78  lcd.o(.text)
    .text                                    0x08002340   Section       64  startup_stm32f2xx.o(.text)
    .text                                    0x08002380   Section        0  misc.o(.text)
    .text                                    0x08002434   Section        0  stm32f2xx_gpio.o(.text)
    .text                                    0x0800261c   Section        0  stm32f2xx_usart.o(.text)
    .text                                    0x08002960   Section        0  stm32f2xx_rcc.o(.text)
    .text                                    0x08002d80   Section        0  stm32f2xx_fsmc.o(.text)
    .text                                    0x08003208   Section        0  system_stm32f2xx.o(.text)
    SetSysClock                              0x080032b7   Thumb Code   140  system_stm32f2xx.o(.text)
    .text                                    0x08003364   Section        2  use_no_semi_2.o(.text)
    .text                                    0x08003368   Section        0  noretval__2printf.o(.text)
    .text                                    0x08003380   Section        0  __printf.o(.text)
    .text                                    0x080033ea   Section        0  _printf_str.o(.text)
    .text                                    0x0800343c   Section      138  rt_memcpy_v6.o(.text)
    .text                                    0x080034c6   Section        0  heapauxi.o(.text)
    .text                                    0x080034cc   Section        2  use_no_semi.o(.text)
    .text                                    0x080034ce   Section        0  _printf_char.o(.text)
    .text                                    0x080034fc   Section        0  _printf_char_file.o(.text)
    .text                                    0x08003520   Section      100  rt_memcpy_w.o(.text)
    .text                                    0x08003584   Section        0  _printf_char_common.o(.text)
    _printf_input_char                       0x08003585   Thumb Code    10  _printf_char_common.o(.text)
    .text                                    0x080035b4   Section        0  ferror.o(.text)
    .text                                    0x080035bc   Section       74  sys_stackheap_outer.o(.text)
    .text                                    0x08003606   Section        0  exit.o(.text)
    .text                                    0x08003614   Section        8  libspace.o(.text)
    .text                                    0x0800361c   Section        8  rt_fp_status_addr_intlibspace.o(.text)
    i.LCD_WriteReg                           0x08003624   Section        0  lcd.o(i.LCD_WriteReg)
    x$fpl$fpinit                             0x08003634   Section       14  fpinit.o(x$fpl$fpinit)
    .constdata                               0x08003642   Section     1520  asciilib.o(.constdata)
    AsciiLib                                 0x08003642   Data        1520  asciilib.o(.constdata)
    .data                                    0x20000000   Section        4  usart.o(.data)
    .data                                    0x20000004   Section        4  lcd.o(.data)
    LCD_Code                                 0x20000004   Data           1  lcd.o(.data)
    .data                                    0x20000008   Section       16  stm32f2xx_rcc.o(.data)
    APBAHBPrescTable                         0x20000008   Data          16  stm32f2xx_rcc.o(.data)
    .data                                    0x20000018   Section       20  system_stm32f2xx.o(.data)
    .bss                                     0x2000002c   Section       96  libspace.o(.bss)
    HEAP                                     0x20000090   Section      512  startup_stm32f2xx.o(HEAP)
    Heap_Mem                                 0x20000090   Data         512  startup_stm32f2xx.o(HEAP)
    STACK                                    0x20000290   Section     1024  startup_stm32f2xx.o(STACK)
    Stack_Mem                                0x20000290   Data        1024  startup_stm32f2xx.o(STACK)
    __initial_sp                             0x20000690   Data           0  startup_stm32f2xx.o(STACK)

    Global Symbols

    Symbol Name                              Value     Ov Type        Size  Object(Section)

    BuildAttributes$$THM_ISAv4$P$D$K$B$S$PE$A:L22UL41UL21$X:L11$S22US41US21$IEEE1$IW$USESV6$~STKCKD$USESV7$~SHL$OSPACE$ROPI$EBA8$UX$STANDARDLIB$REQ8$PRES8$EABIv2 0x00000000   Number         0  anon$$obj.o ABSOLUTE
    __ARM_use_no_argv                        0x00000000   Number         0  main.o ABSOLUTE
    __ARM_exceptions_init                     - Undefined Weak Reference
    __alloca_initialize                       - Undefined Weak Reference
    __cpp_initialize__aeabi_                  - Undefined Weak Reference
    __cxa_finalize                            - Undefined Weak Reference
    __rt_locale                               - Undefined Weak Reference
    __sigvec_lookup                           - Undefined Weak Reference
    _atexit_init                              - Undefined Weak Reference
    _call_atexit_fns                          - Undefined Weak Reference
    _clock_init                               - Undefined Weak Reference
    _fp_trap_init                             - Undefined Weak Reference
    _fp_trap_shutdown                         - Undefined Weak Reference
    _get_lc_collate                           - Undefined Weak Reference
    _get_lc_ctype                             - Undefined Weak Reference
    _get_lc_monetary                          - Undefined Weak Reference
    _get_lc_numeric                           - Undefined Weak Reference
    _get_lc_time                              - Undefined Weak Reference
    _getenv_init                              - Undefined Weak Reference
    _handle_redirection                       - Undefined Weak Reference
    _init_alloc                               - Undefined Weak Reference
    _init_user_alloc                          - Undefined Weak Reference
    _initio                                   - Undefined Weak Reference
    _mutex_acquire                            - Undefined Weak Reference
    _mutex_release                            - Undefined Weak Reference
    _printf_mbtowc                            - Undefined Weak Reference
    _printf_post_padding                      - Undefined Weak Reference
    _printf_pre_padding                       - Undefined Weak Reference
    _rand_init                                - Undefined Weak Reference
    _signal_finish                            - Undefined Weak Reference
    _signal_init                              - Undefined Weak Reference
    _terminate_alloc                          - Undefined Weak Reference
    _terminate_user_alloc                     - Undefined Weak Reference
    _terminateio                              - Undefined Weak Reference
    __Vectors_Size                           0x00000184   Number         0  startup_stm32f2xx.o ABSOLUTE
    __Vectors                                0x08000000   Data           4  startup_stm32f2xx.o(RESET)
    __Vectors_End                            0x08000184   Data           0  startup_stm32f2xx.o(RESET)
    __main                                   0x08000185   Thumb Code     8  __main.o(!!!main)
    __scatterload                            0x0800018d   Thumb Code     0  __scatter.o(!!!scatter)
    __scatterload_rt2                        0x0800018d   Thumb Code    44  __scatter.o(!!!scatter)
    __scatterload_rt2_thumb_only             0x0800018d   Thumb Code     0  __scatter.o(!!!scatter)
    __scatterload_null                       0x0800019b   Thumb Code     0  __scatter.o(!!!scatter)
    __scatterload_copy                       0x080001c1   Thumb Code    26  __scatter_copy.o(!!handler_copy)
    __scatterload_zeroinit                   0x080001dd   Thumb Code    28  __scatter_zi.o(!!handler_zi)
    _printf_c                                0x080001f9   Thumb Code     0  _printf_c.o(.ARM.Collect$$_printf_percent$$00000013)
    _printf_percent                          0x080001f9   Thumb Code     0  _printf_percent.o(.ARM.Collect$$_printf_percent$$00000000)
    _printf_percent_end                      0x080001ff   Thumb Code     0  _printf_percent_end.o(.ARM.Collect$$_printf_percent$$00000017)
    __rt_lib_init                            0x08000203   Thumb Code     0  libinit.o(.ARM.Collect$$libinit$$00000000)
    __rt_lib_init_alloca_1                   0x08000209   Thumb Code     0  libinit2.o(.ARM.Collect$$libinit$$0000002A)
    __rt_lib_init_argv_1                     0x08000209   Thumb Code     0  libinit2.o(.ARM.Collect$$libinit$$00000028)
    __rt_lib_init_atexit_1                   0x08000209   Thumb Code     0  libinit2.o(.ARM.Collect$$libinit$$00000017)
    __rt_lib_init_clock_1                    0x08000209   Thumb Code     0  libinit2.o(.ARM.Collect$$libinit$$0000001D)
    __rt_lib_init_cpp_1                      0x08000209   Thumb Code     0  libinit2.o(.ARM.Collect$$libinit$$0000002E)
    __rt_lib_init_exceptions_1               0x08000209   Thumb Code     0  libinit2.o(.ARM.Collect$$libinit$$0000002C)
    __rt_lib_init_fp_trap_1                  0x08000209   Thumb Code     0  libinit2.o(.ARM.Collect$$libinit$$0000001B)
    __rt_lib_init_getenv_1                   0x08000209   Thumb Code     0  libinit2.o(.ARM.Collect$$libinit$$0000001F)
    __rt_lib_init_heap_1                     0x08000209   Thumb Code     0  libinit2.o(.ARM.Collect$$libinit$$00000006)
    __rt_lib_init_lc_collate_1               0x08000209   Thumb Code     0  libinit2.o(.ARM.Collect$$libinit$$0000000D)
    __rt_lib_init_lc_ctype_1                 0x08000209   Thumb Code     0  libinit2.o(.ARM.Collect$$libinit$$0000000F)
    __rt_lib_init_lc_monetary_1              0x08000209   Thumb Code     0  libinit2.o(.ARM.Collect$$libinit$$00000011)
    __rt_lib_init_lc_numeric_1               0x08000209   Thumb Code     0  libinit2.o(.ARM.Collect$$libinit$$00000013)
    __rt_lib_init_lc_time_1                  0x08000209   Thumb Code     0  libinit2.o(.ARM.Collect$$libinit$$00000015)
    __rt_lib_init_rand_1                     0x08000209   Thumb Code     0  libinit2.o(.ARM.Collect$$libinit$$0000000A)
    __rt_lib_init_return                     0x08000209   Thumb Code     0  libinit2.o(.ARM.Collect$$libinit$$0000002F)
    __rt_lib_init_signal_1                   0x08000209   Thumb Code     0  libinit2.o(.ARM.Collect$$libinit$$00000019)
    __rt_lib_init_stdio_1                    0x08000209   Thumb Code     0  libinit2.o(.ARM.Collect$$libinit$$00000021)
    __rt_lib_init_user_alloc_1               0x08000209   Thumb Code     0  libinit2.o(.ARM.Collect$$libinit$$00000008)
    __rt_lib_shutdown                        0x0800020b   Thumb Code     0  libshutdown.o(.ARM.Collect$$libshutdown$$00000000)
    __rt_lib_shutdown_fp_trap_1              0x0800020d   Thumb Code     0  libshutdown2.o(.ARM.Collect$$libshutdown$$00000006)
    __rt_lib_shutdown_heap_1                 0x0800020d   Thumb Code     0  libshutdown2.o(.ARM.Collect$$libshutdown$$0000000E)
    __rt_lib_shutdown_return                 0x0800020d   Thumb Code     0  libshutdown2.o(.ARM.Collect$$libshutdown$$0000000F)
    __rt_lib_shutdown_signal_1               0x0800020d   Thumb Code     0  libshutdown2.o(.ARM.Collect$$libshutdown$$00000009)
    __rt_lib_shutdown_stdio_1                0x0800020d   Thumb Code     0  libshutdown2.o(.ARM.Collect$$libshutdown$$00000003)
    __rt_lib_shutdown_user_alloc_1           0x0800020d   Thumb Code     0  libshutdown2.o(.ARM.Collect$$libshutdown$$0000000B)
    __rt_entry                               0x0800020f   Thumb Code     0  rtentry.o(.ARM.Collect$$rtentry$$00000000)
    __rt_entry_presh_1                       0x0800020f   Thumb Code     0  rtentry2.o(.ARM.Collect$$rtentry$$00000002)
    __rt_entry_sh                            0x0800020f   Thumb Code     0  rtentry4.o(.ARM.Collect$$rtentry$$00000004)
    __rt_entry_li                            0x08000215   Thumb Code     0  rtentry2.o(.ARM.Collect$$rtentry$$0000000A)
    __rt_entry_postsh_1                      0x08000215   Thumb Code     0  rtentry2.o(.ARM.Collect$$rtentry$$00000009)
    __rt_entry_main                          0x08000219   Thumb Code     0  rtentry2.o(.ARM.Collect$$rtentry$$0000000D)
    __rt_entry_postli_1                      0x08000219   Thumb Code     0  rtentry2.o(.ARM.Collect$$rtentry$$0000000C)
    __rt_exit                                0x08000221   Thumb Code     0  rtexit.o(.ARM.Collect$$rtexit$$00000000)
    __rt_exit_ls                             0x08000223   Thumb Code     0  rtexit2.o(.ARM.Collect$$rtexit$$00000003)
    __rt_exit_prels_1                        0x08000223   Thumb Code     0  rtexit2.o(.ARM.Collect$$rtexit$$00000002)
    __rt_exit_exit                           0x08000227   Thumb Code     0  rtexit2.o(.ARM.Collect$$rtexit$$00000004)
    main                                     0x0800022d   Thumb Code   108  main.o(.text)
    NMI_Handler                              0x080002f1   Thumb Code     2  stm32f2xx_it.o(.text)
    HardFault_Handler                        0x080002f3   Thumb Code     2  stm32f2xx_it.o(.text)
    MemManage_Handler                        0x080002f5   Thumb Code     2  stm32f2xx_it.o(.text)
    BusFault_Handler                         0x080002f7   Thumb Code     2  stm32f2xx_it.o(.text)
    UsageFault_Handler                       0x080002f9   Thumb Code     2  stm32f2xx_it.o(.text)
    SVC_Handler                              0x080002fb   Thumb Code     2  stm32f2xx_it.o(.text)
    DebugMon_Handler                         0x080002fd   Thumb Code     2  stm32f2xx_it.o(.text)
    PendSV_Handler                           0x080002ff   Thumb Code     2  stm32f2xx_it.o(.text)
    SysTick_Handler                          0x08000301   Thumb Code     2  stm32f2xx_it.o(.text)
    USART1_IRQHandler                        0x08000303   Thumb Code    38  stm32f2xx_it.o(.text)
    USART_Configuration                      0x08000361   Thumb Code   254  usart.o(.text)
    USART_NVIC_Config                        0x0800045f   Thumb Code    32  usart.o(.text)
    _sys_exit                                0x0800047f   Thumb Code     2  usart.o(.text)
    fputc                                    0x08000481   Thumb Code    30  usart.o(.text)
    JOYState_LED_GPIO_Init                   0x080004a9   Thumb Code   196  joystate.o(.text)
    Read_JOYState                            0x0800056d   Thumb Code   108  joystate.o(.text)
    Led_Toggle                               0x080005d9   Thumb Code   538  joystate.o(.text)
    GetASCIICode                             0x08000869   Thumb Code    16  asciilib.o(.text)
    delay_ms                                 0x080009b1   Thumb Code    28  lcd.o(.text)
    LCD_Initializtion                        0x080009cd   Thumb Code  5710  lcd.o(.text)
    LCD_Clear                                0x0800207f   Thumb Code   116  lcd.o(.text)
    LCD_GetPoint                             0x080020f3   Thumb Code    94  lcd.o(.text)
    LCD_SetPoint                             0x08002151   Thumb Code    32  lcd.o(.text)
    LCD_DrawLine                             0x08002171   Thumb Code   224  lcd.o(.text)
    PutChar                                  0x08002251   Thumb Code    84  lcd.o(.text)
    GUI_Text                                 0x080022a5   Thumb Code    70  lcd.o(.text)
    Reset_Handler                            0x08002341   Thumb Code     8  startup_stm32f2xx.o(.text)
    ADC_IRQHandler                           0x0800235b   Thumb Code     0  startup_stm32f2xx.o(.text)
    CAN1_RX0_IRQHandler                      0x0800235b   Thumb Code     0  startup_stm32f2xx.o(.text)
    CAN1_RX1_IRQHandler                      0x0800235b   Thumb Code     0  startup_stm32f2xx.o(.text)
    CAN1_SCE_IRQHandler                      0x0800235b   Thumb Code     0  startup_stm32f2xx.o(.text)
    CAN1_TX_IRQHandler                       0x0800235b   Thumb Code     0  startup_stm32f2xx.o(.text)
    CAN2_RX0_IRQHandler                      0x0800235b   Thumb Code     0  startup_stm32f2xx.o(.text)
    CAN2_RX1_IRQHandler                      0x0800235b   Thumb Code     0  startup_stm32f2xx.o(.text)
    CAN2_SCE_IRQHandler                      0x0800235b   Thumb Code     0  startup_stm32f2xx.o(.text)
    CAN2_TX_IRQHandler                       0x0800235b   Thumb Code     0  startup_stm32f2xx.o(.text)
    CRYP_IRQHandler                          0x0800235b   Thumb Code     0  startup_stm32f2xx.o(.text)
    DCMI_IRQHandler                          0x0800235b   Thumb Code     0  startup_stm32f2xx.o(.text)
    DMA1_Stream0_IRQHandler                  0x0800235b   Thumb Code     0  startup_stm32f2xx.o(.text)
    DMA1_Stream1_IRQHandler                  0x0800235b   Thumb Code     0  startup_stm32f2xx.o(.text)
    DMA1_Stream2_IRQHandler                  0x0800235b   Thumb Code     0  startup_stm32f2xx.o(.text)
    DMA1_Stream3_IRQHandler                  0x0800235b   Thumb Code     0  startup_stm32f2xx.o(.text)
    DMA1_Stream4_IRQHandler                  0x0800235b   Thumb Code     0  startup_stm32f2xx.o(.text)
    DMA1_Stream5_IRQHandler                  0x0800235b   Thumb Code     0  startup_stm32f2xx.o(.text)
    DMA1_Stream6_IRQHandler                  0x0800235b   Thumb Code     0  startup_stm32f2xx.o(.text)
    DMA1_Stream7_IRQHandler                  0x0800235b   Thumb Code     0  startup_stm32f2xx.o(.text)
    DMA2_Stream0_IRQHandler                  0x0800235b   Thumb Code     0  startup_stm32f2xx.o(.text)
    DMA2_Stream1_IRQHandler                  0x0800235b   Thumb Code     0  startup_stm32f2xx.o(.text)
    DMA2_Stream2_IRQHandler                  0x0800235b   Thumb Code     0  startup_stm32f2xx.o(.text)
    DMA2_Stream3_IRQHandler                  0x0800235b   Thumb Code     0  startup_stm32f2xx.o(.text)
    DMA2_Stream4_IRQHandler                  0x0800235b   Thumb Code     0  startup_stm32f2xx.o(.text)
    DMA2_Stream5_IRQHandler                  0x0800235b   Thumb Code     0  startup_stm32f2xx.o(.text)
    DMA2_Stream6_IRQHandler                  0x0800235b   Thumb Code     0  startup_stm32f2xx.o(.text)
    DMA2_Stream7_IRQHandler                  0x0800235b   Thumb Code     0  startup_stm32f2xx.o(.text)
    ETH_IRQHandler                           0x0800235b   Thumb Code     0  startup_stm32f2xx.o(.text)
    ETH_WKUP_IRQHandler                      0x0800235b   Thumb Code     0  startup_stm32f2xx.o(.text)
    EXTI0_IRQHandler                         0x0800235b   Thumb Code     0  startup_stm32f2xx.o(.text)
    EXTI15_10_IRQHandler                     0x0800235b   Thumb Code     0  startup_stm32f2xx.o(.text)
    EXTI1_IRQHandler                         0x0800235b   Thumb Code     0  startup_stm32f2xx.o(.text)
    EXTI2_IRQHandler                         0x0800235b   Thumb Code     0  startup_stm32f2xx.o(.text)
    EXTI3_IRQHandler                         0x0800235b   Thumb Code     0  startup_stm32f2xx.o(.text)
    EXTI4_IRQHandler                         0x0800235b   Thumb Code     0  startup_stm32f2xx.o(.text)
    EXTI9_5_IRQHandler                       0x0800235b   Thumb Code     0  startup_stm32f2xx.o(.text)
    FLASH_IRQHandler                         0x0800235b   Thumb Code     0  startup_stm32f2xx.o(.text)
    FSMC_IRQHandler                          0x0800235b   Thumb Code     0  startup_stm32f2xx.o(.text)
    HASH_RNG_IRQHandler                      0x0800235b   Thumb Code     0  startup_stm32f2xx.o(.text)
    I2C1_ER_IRQHandler                       0x0800235b   Thumb Code     0  startup_stm32f2xx.o(.text)
    I2C1_EV_IRQHandler                       0x0800235b   Thumb Code     0  startup_stm32f2xx.o(.text)
    I2C2_ER_IRQHandler                       0x0800235b   Thumb Code     0  startup_stm32f2xx.o(.text)
    I2C2_EV_IRQHandler                       0x0800235b   Thumb Code     0  startup_stm32f2xx.o(.text)
    I2C3_ER_IRQHandler                       0x0800235b   Thumb Code     0  startup_stm32f2xx.o(.text)
    I2C3_EV_IRQHandler                       0x0800235b   Thumb Code     0  startup_stm32f2xx.o(.text)
    OTG_FS_IRQHandler                        0x0800235b   Thumb Code     0  startup_stm32f2xx.o(.text)
    OTG_FS_WKUP_IRQHandler                   0x0800235b   Thumb Code     0  startup_stm32f2xx.o(.text)
    OTG_HS_EP1_IN_IRQHandler                 0x0800235b   Thumb Code     0  startup_stm32f2xx.o(.text)
    OTG_HS_EP1_OUT_IRQHandler                0x0800235b   Thumb Code     0  startup_stm32f2xx.o(.text)
    OTG_HS_IRQHandler                        0x0800235b   Thumb Code     0  startup_stm32f2xx.o(.text)
    OTG_HS_WKUP_IRQHandler                   0x0800235b   Thumb Code     0  startup_stm32f2xx.o(.text)
    PVD_IRQHandler                           0x0800235b   Thumb Code     0  startup_stm32f2xx.o(.text)
    RCC_IRQHandler                           0x0800235b   Thumb Code     0  startup_stm32f2xx.o(.text)
    RTC_Alarm_IRQHandler                     0x0800235b   Thumb Code     0  startup_stm32f2xx.o(.text)
    RTC_WKUP_IRQHandler                      0x0800235b   Thumb Code     0  startup_stm32f2xx.o(.text)
    SDIO_IRQHandler                          0x0800235b   Thumb Code     0  startup_stm32f2xx.o(.text)
    SPI1_IRQHandler                          0x0800235b   Thumb Code     0  startup_stm32f2xx.o(.text)
    SPI2_IRQHandler                          0x0800235b   Thumb Code     0  startup_stm32f2xx.o(.text)
    SPI3_IRQHandler                          0x0800235b   Thumb Code     0  startup_stm32f2xx.o(.text)
    TAMP_STAMP_IRQHandler                    0x0800235b   Thumb Code     0  startup_stm32f2xx.o(.text)
    TIM1_BRK_TIM9_IRQHandler                 0x0800235b   Thumb Code     0  startup_stm32f2xx.o(.text)
    TIM1_CC_IRQHandler                       0x0800235b   Thumb Code     0  startup_stm32f2xx.o(.text)
    TIM1_TRG_COM_TIM11_IRQHandler            0x0800235b   Thumb Code     0  startup_stm32f2xx.o(.text)
    TIM1_UP_TIM10_IRQHandler                 0x0800235b   Thumb Code     0  startup_stm32f2xx.o(.text)
    TIM2_IRQHandler                          0x0800235b   Thumb Code     0  startup_stm32f2xx.o(.text)
    TIM3_IRQHandler                          0x0800235b   Thumb Code     0  startup_stm32f2xx.o(.text)
    TIM4_IRQHandler                          0x0800235b   Thumb Code     0  startup_stm32f2xx.o(.text)
    TIM5_IRQHandler                          0x0800235b   Thumb Code     0  startup_stm32f2xx.o(.text)
    TIM6_DAC_IRQHandler                      0x0800235b   Thumb Code     0  startup_stm32f2xx.o(.text)
    TIM7_IRQHandler                          0x0800235b   Thumb Code     0  startup_stm32f2xx.o(.text)
    TIM8_BRK_TIM12_IRQHandler                0x0800235b   Thumb Code     0  startup_stm32f2xx.o(.text)
    TIM8_CC_IRQHandler                       0x0800235b   Thumb Code     0  startup_stm32f2xx.o(.text)
    TIM8_TRG_COM_TIM14_IRQHandler            0x0800235b   Thumb Code     0  startup_stm32f2xx.o(.text)
    TIM8_UP_TIM13_IRQHandler                 0x0800235b   Thumb Code     0  startup_stm32f2xx.o(.text)
    UART4_IRQHandler                         0x0800235b   Thumb Code     0  startup_stm32f2xx.o(.text)
    UART5_IRQHandler                         0x0800235b   Thumb Code     0  startup_stm32f2xx.o(.text)
    USART2_IRQHandler                        0x0800235b   Thumb Code     0  startup_stm32f2xx.o(.text)
    USART3_IRQHandler                        0x0800235b   Thumb Code     0  startup_stm32f2xx.o(.text)
    USART6_IRQHandler                        0x0800235b   Thumb Code     0  startup_stm32f2xx.o(.text)
    WWDG_IRQHandler                          0x0800235b   Thumb Code     0  startup_stm32f2xx.o(.text)
    __user_initial_stackheap                 0x0800235d   Thumb Code     0  startup_stm32f2xx.o(.text)
    NVIC_PriorityGroupConfig                 0x08002381   Thumb Code    10  misc.o(.text)
    NVIC_Init                                0x0800238b   Thumb Code    94  misc.o(.text)
    NVIC_SetVectorTable                      0x080023e9   Thumb Code    12  misc.o(.text)
    NVIC_SystemLPConfig                      0x080023f5   Thumb Code    24  misc.o(.text)
    SysTick_CLKSourceConfig                  0x0800240d   Thumb Code    24  misc.o(.text)
    GPIO_DeInit                              0x08002435   Thumb Code   192  stm32f2xx_gpio.o(.text)
    GPIO_Init                                0x080024f5   Thumb Code   122  stm32f2xx_gpio.o(.text)
    GPIO_StructInit                          0x0800256f   Thumb Code    18  stm32f2xx_gpio.o(.text)
    GPIO_PinLockConfig                       0x08002581   Thumb Code    16  stm32f2xx_gpio.o(.text)
    GPIO_ReadInputDataBit                    0x08002591   Thumb Code    14  stm32f2xx_gpio.o(.text)
    GPIO_ReadInputData                       0x0800259f   Thumb Code     6  stm32f2xx_gpio.o(.text)
    GPIO_ReadOutputDataBit                   0x080025a5   Thumb Code    14  stm32f2xx_gpio.o(.text)
    GPIO_ReadOutputData                      0x080025b3   Thumb Code     6  stm32f2xx_gpio.o(.text)
    GPIO_SetBits                             0x080025b9   Thumb Code     4  stm32f2xx_gpio.o(.text)
    GPIO_ResetBits                           0x080025bd   Thumb Code     4  stm32f2xx_gpio.o(.text)
    GPIO_WriteBit                            0x080025c1   Thumb Code    10  stm32f2xx_gpio.o(.text)
    GPIO_Write                               0x080025cb   Thumb Code     4  stm32f2xx_gpio.o(.text)
    GPIO_ToggleBits                          0x080025cf   Thumb Code     8  stm32f2xx_gpio.o(.text)
    GPIO_PinAFConfig                         0x080025d7   Thumb Code    32  stm32f2xx_gpio.o(.text)
    USART_DeInit                             0x0800261d   Thumb Code   114  stm32f2xx_usart.o(.text)
    USART_Init                               0x0800268f   Thumb Code   174  stm32f2xx_usart.o(.text)
    USART_StructInit                         0x0800273d   Thumb Code    22  stm32f2xx_usart.o(.text)
    USART_ClockInit                          0x08002753   Thumb Code    28  stm32f2xx_usart.o(.text)
    USART_ClockStructInit                    0x0800276f   Thumb Code    12  stm32f2xx_usart.o(.text)
    USART_Cmd                                0x0800277b   Thumb Code    20  stm32f2xx_usart.o(.text)
    USART_SetPrescaler                       0x0800278f   Thumb Code    16  stm32f2xx_usart.o(.text)
    USART_OverSampling8Cmd                   0x0800279f   Thumb Code    20  stm32f2xx_usart.o(.text)
    USART_OneBitMethodCmd                    0x080027b3   Thumb Code    20  stm32f2xx_usart.o(.text)
    USART_SendData                           0x080027c7   Thumb Code     8  stm32f2xx_usart.o(.text)
    USART_ReceiveData                        0x080027cf   Thumb Code     8  stm32f2xx_usart.o(.text)
    USART_SetAddress                         0x080027d7   Thumb Code    16  stm32f2xx_usart.o(.text)
    USART_ReceiverWakeUpCmd                  0x080027e7   Thumb Code    20  stm32f2xx_usart.o(.text)
    USART_WakeUpConfig                       0x080027fb   Thumb Code    16  stm32f2xx_usart.o(.text)
    USART_LINBreakDetectLengthConfig         0x0800280b   Thumb Code    16  stm32f2xx_usart.o(.text)
    USART_LINCmd                             0x0800281b   Thumb Code    20  stm32f2xx_usart.o(.text)
    USART_SendBreak                          0x0800282f   Thumb Code    10  stm32f2xx_usart.o(.text)
    USART_HalfDuplexCmd                      0x08002839   Thumb Code    20  stm32f2xx_usart.o(.text)
    USART_SetGuardTime                       0x0800284d   Thumb Code    16  stm32f2xx_usart.o(.text)
    USART_SmartCardCmd                       0x0800285d   Thumb Code    20  stm32f2xx_usart.o(.text)
    USART_SmartCardNACKCmd                   0x08002871   Thumb Code    20  stm32f2xx_usart.o(.text)
    USART_IrDAConfig                         0x08002885   Thumb Code    16  stm32f2xx_usart.o(.text)
    USART_IrDACmd                            0x08002895   Thumb Code    20  stm32f2xx_usart.o(.text)
    USART_DMACmd                             0x080028a9   Thumb Code    16  stm32f2xx_usart.o(.text)
    USART_ITConfig                           0x080028b9   Thumb Code    48  stm32f2xx_usart.o(.text)
    USART_GetFlagStatus                      0x080028e9   Thumb Code    14  stm32f2xx_usart.o(.text)
    USART_ClearFlag                          0x080028f7   Thumb Code     6  stm32f2xx_usart.o(.text)
    USART_GetITStatus                        0x080028fd   Thumb Code    62  stm32f2xx_usart.o(.text)
    USART_ClearITPendingBit                  0x0800293b   Thumb Code    12  stm32f2xx_usart.o(.text)
    RCC_DeInit                               0x08002961   Thumb Code    42  stm32f2xx_rcc.o(.text)
    RCC_HSEConfig                            0x0800298b   Thumb Code    10  stm32f2xx_rcc.o(.text)
    RCC_GetFlagStatus                        0x08002995   Thumb Code    48  stm32f2xx_rcc.o(.text)
    RCC_WaitForHSEStartUp                    0x080029c5   Thumb Code    38  stm32f2xx_rcc.o(.text)
    RCC_AdjustHSICalibrationValue            0x080029eb   Thumb Code    16  stm32f2xx_rcc.o(.text)
    RCC_HSICmd                               0x080029fb   Thumb Code     6  stm32f2xx_rcc.o(.text)
    RCC_LSEConfig                            0x08002a01   Thumb Code    28  stm32f2xx_rcc.o(.text)
    RCC_LSICmd                               0x08002a1d   Thumb Code     6  stm32f2xx_rcc.o(.text)
    RCC_PLLConfig                            0x08002a23   Thumb Code    30  stm32f2xx_rcc.o(.text)
    RCC_PLLCmd                               0x08002a41   Thumb Code     6  stm32f2xx_rcc.o(.text)
    RCC_PLLI2SConfig                         0x08002a47   Thumb Code    12  stm32f2xx_rcc.o(.text)
    RCC_PLLI2SCmd                            0x08002a53   Thumb Code     6  stm32f2xx_rcc.o(.text)
    RCC_ClockSecuritySystemCmd               0x08002a59   Thumb Code     6  stm32f2xx_rcc.o(.text)
    RCC_MCO1Config                           0x08002a5f   Thumb Code    20  stm32f2xx_rcc.o(.text)
    RCC_MCO2Config                           0x08002a73   Thumb Code    20  stm32f2xx_rcc.o(.text)
    RCC_SYSCLKConfig                         0x08002a87   Thumb Code    16  stm32f2xx_rcc.o(.text)
    RCC_GetSYSCLKSource                      0x08002a97   Thumb Code    10  stm32f2xx_rcc.o(.text)
    RCC_HCLKConfig                           0x08002aa1   Thumb Code    16  stm32f2xx_rcc.o(.text)
    RCC_PCLK1Config                          0x08002ab1   Thumb Code    16  stm32f2xx_rcc.o(.text)
    RCC_PCLK2Config                          0x08002ac1   Thumb Code    16  stm32f2xx_rcc.o(.text)
    RCC_GetClocksFreq                        0x08002ad1   Thumb Code   154  stm32f2xx_rcc.o(.text)
    RCC_RTCCLKConfig                         0x08002b6b   Thumb Code    44  stm32f2xx_rcc.o(.text)
    RCC_RTCCLKCmd                            0x08002b97   Thumb Code     6  stm32f2xx_rcc.o(.text)
    RCC_BackupResetCmd                       0x08002b9d   Thumb Code     6  stm32f2xx_rcc.o(.text)
    RCC_I2SCLKConfig                         0x08002ba3   Thumb Code     6  stm32f2xx_rcc.o(.text)
    RCC_AHB1PeriphClockCmd                   0x08002ba9   Thumb Code    22  stm32f2xx_rcc.o(.text)
    RCC_AHB2PeriphClockCmd                   0x08002bbf   Thumb Code    22  stm32f2xx_rcc.o(.text)
    RCC_AHB3PeriphClockCmd                   0x08002bd5   Thumb Code    22  stm32f2xx_rcc.o(.text)
    RCC_APB1PeriphClockCmd                   0x08002beb   Thumb Code    22  stm32f2xx_rcc.o(.text)
    RCC_APB2PeriphClockCmd                   0x08002c01   Thumb Code    22  stm32f2xx_rcc.o(.text)
    RCC_AHB1PeriphResetCmd                   0x08002c17   Thumb Code    22  stm32f2xx_rcc.o(.text)
    RCC_AHB2PeriphResetCmd                   0x08002c2d   Thumb Code    22  stm32f2xx_rcc.o(.text)
    RCC_AHB3PeriphResetCmd                   0x08002c43   Thumb Code    22  stm32f2xx_rcc.o(.text)
    RCC_APB1PeriphResetCmd                   0x08002c59   Thumb Code    22  stm32f2xx_rcc.o(.text)
    RCC_APB2PeriphResetCmd                   0x08002c6f   Thumb Code    22  stm32f2xx_rcc.o(.text)
    RCC_AHB1PeriphClockLPModeCmd             0x08002c85   Thumb Code    22  stm32f2xx_rcc.o(.text)
    RCC_AHB2PeriphClockLPModeCmd             0x08002c9b   Thumb Code    22  stm32f2xx_rcc.o(.text)
    RCC_AHB3PeriphClockLPModeCmd             0x08002cb1   Thumb Code    22  stm32f2xx_rcc.o(.text)
    RCC_APB1PeriphClockLPModeCmd             0x08002cc7   Thumb Code    22  stm32f2xx_rcc.o(.text)
    RCC_APB2PeriphClockLPModeCmd             0x08002cdd   Thumb Code    22  stm32f2xx_rcc.o(.text)
    RCC_ITConfig                             0x08002cf3   Thumb Code    22  stm32f2xx_rcc.o(.text)
    RCC_ClearFlag                            0x08002d09   Thumb Code    12  stm32f2xx_rcc.o(.text)
    RCC_GetITStatus                          0x08002d15   Thumb Code    16  stm32f2xx_rcc.o(.text)
    RCC_ClearITPendingBit                    0x08002d25   Thumb Code     6  stm32f2xx_rcc.o(.text)
    FSMC_NORSRAMDeInit                       0x08002d81   Thumb Code    36  stm32f2xx_fsmc.o(.text)
    FSMC_NORSRAMInit                         0x08002da5   Thumb Code   192  stm32f2xx_fsmc.o(.text)
    FSMC_NORSRAMStructInit                   0x08002e65   Thumb Code    98  stm32f2xx_fsmc.o(.text)
    FSMC_NORSRAMCmd                          0x08002ec7   Thumb Code    28  stm32f2xx_fsmc.o(.text)
    FSMC_NANDDeInit                          0x08002ee3   Thumb Code    40  stm32f2xx_fsmc.o(.text)
    FSMC_NANDInit                            0x08002f0b   Thumb Code   104  stm32f2xx_fsmc.o(.text)
    FSMC_NANDStructInit                      0x08002f73   Thumb Code    54  stm32f2xx_fsmc.o(.text)
    FSMC_NANDCmd                             0x08002fa9   Thumb Code    54  stm32f2xx_fsmc.o(.text)
    FSMC_NANDECCCmd                          0x08002fdf   Thumb Code    54  stm32f2xx_fsmc.o(.text)
    FSMC_GetECC                              0x08003015   Thumb Code    18  stm32f2xx_fsmc.o(.text)
    FSMC_PCCARDDeInit                        0x08003027   Thumb Code    24  stm32f2xx_fsmc.o(.text)
    FSMC_PCCARDInit                          0x0800303f   Thumb Code   110  stm32f2xx_fsmc.o(.text)
    FSMC_PCCARDStructInit                    0x080030ad   Thumb Code    60  stm32f2xx_fsmc.o(.text)
    FSMC_PCCARDCmd                           0x080030e9   Thumb Code    24  stm32f2xx_fsmc.o(.text)
    FSMC_ITConfig                            0x08003101   Thumb Code    80  stm32f2xx_fsmc.o(.text)
    FSMC_GetFlagStatus                       0x08003151   Thumb Code    40  stm32f2xx_fsmc.o(.text)
    FSMC_ClearFlag                           0x08003179   Thumb Code    42  stm32f2xx_fsmc.o(.text)
    FSMC_GetITStatus                         0x080031a3   Thumb Code    48  stm32f2xx_fsmc.o(.text)
    FSMC_ClearITPendingBit                   0x080031d3   Thumb Code    44  stm32f2xx_fsmc.o(.text)
    SystemInit                               0x08003209   Thumb Code    60  system_stm32f2xx.o(.text)
    SystemCoreClockUpdate                    0x08003245   Thumb Code   114  system_stm32f2xx.o(.text)
    __use_no_semihosting                     0x08003365   Thumb Code     2  use_no_semi_2.o(.text)
    __2printf                                0x08003369   Thumb Code    20  noretval__2printf.o(.text)
    __printf                                 0x08003381   Thumb Code   106  __printf.o(.text)
    _printf_str                              0x080033eb   Thumb Code    82  _printf_str.o(.text)
    __aeabi_memcpy                           0x0800343d   Thumb Code     0  rt_memcpy_v6.o(.text)
    __rt_memcpy                              0x0800343d   Thumb Code   138  rt_memcpy_v6.o(.text)
    _memcpy_lastbytes                        0x080034a3   Thumb Code     0  rt_memcpy_v6.o(.text)
    __use_two_region_memory                  0x080034c7   Thumb Code     2  heapauxi.o(.text)
    __rt_heap_escrow$2region                 0x080034c9   Thumb Code     2  heapauxi.o(.text)
    __rt_heap_expand$2region                 0x080034cb   Thumb Code     2  heapauxi.o(.text)
    __I$use$semihosting                      0x080034cd   Thumb Code     0  use_no_semi.o(.text)
    __use_no_semihosting_swi                 0x080034cd   Thumb Code     2  use_no_semi.o(.text)
    _printf_cs_common                        0x080034cf   Thumb Code    20  _printf_char.o(.text)
    _printf_char                             0x080034e3   Thumb Code    16  _printf_char.o(.text)
    _printf_string                           0x080034f3   Thumb Code     8  _printf_char.o(.text)
    _printf_char_file                        0x080034fd   Thumb Code    32  _printf_char_file.o(.text)
    __aeabi_memcpy4                          0x08003521   Thumb Code     0  rt_memcpy_w.o(.text)
    __aeabi_memcpy8                          0x08003521   Thumb Code     0  rt_memcpy_w.o(.text)
    __rt_memcpy_w                            0x08003521   Thumb Code   100  rt_memcpy_w.o(.text)
    _memcpy_lastbytes_aligned                0x08003569   Thumb Code     0  rt_memcpy_w.o(.text)
    _printf_char_common                      0x0800358f   Thumb Code    32  _printf_char_common.o(.text)
    ferror                                   0x080035b5   Thumb Code     8  ferror.o(.text)
    __user_setup_stackheap                   0x080035bd   Thumb Code    74  sys_stackheap_outer.o(.text)
    exit                                     0x08003607   Thumb Code    12  exit.o(.text)
    __user_libspace                          0x08003615   Thumb Code     8  libspace.o(.text)
    __user_perproc_libspace                  0x08003615   Thumb Code     0  libspace.o(.text)
    __user_perthread_libspace                0x08003615   Thumb Code     0  libspace.o(.text)
    __rt_fp_status_addr                      0x0800361d   Thumb Code     8  rt_fp_status_addr_intlibspace.o(.text)
    LCD_WriteReg                             0x08003625   Thumb Code    12  lcd.o(i.LCD_WriteReg)
    _fp_init                                 0x08003635   Thumb Code    14  fpinit.o(x$fpl$fpinit)
    __fplib_config_pureend_doubles           0x08003641   Thumb Code     0  fpinit.o(x$fpl$fpinit)
    Region$$Table$$Base                      0x08003c34   Number         0  anon$$obj.o(Region$$Table)
    Region$$Table$$Limit                     0x08003c54   Number         0  anon$$obj.o(Region$$Table)
    __stdout                                 0x20000000   Data           4  usart.o(.data)
    DeviceCode                               0x20000006   Data           2  lcd.o(.data)
    SystemCoreClock                          0x20000018   Data           4  system_stm32f2xx.o(.data)
    AHBPrescTable                            0x2000001c   Data          16  system_stm32f2xx.o(.data)
    __libspace_start                         0x2000002c   Data          96  libspace.o(.bss)
    __temporary_stack_top$libspace           0x2000008c   Data           0  libspace.o(.bss)



==============================================================================

Memory Map of the image

  Image Entry point : 0x08000185

  Load Region LR_IROM1 (Base: 0x08000000, Size: 0x00003c80, Max: 0x00080000, ABSOLUTE)

    Execution Region ER_IROM1 (Base: 0x08000000, Size: 0x00003c54, Max: 0x00080000, ABSOLUTE)

    Base Addr    Size         Type   Attr      Idx    E Section Name        Object

    0x08000000   0x00000184   Data   RO          342    RESET               startup_stm32f2xx.o
    0x08000184   0x00000008   Code   RO          489  * !!!main             c_w.l(__main.o)
    0x0800018c   0x00000034   Code   RO          664    !!!scatter          c_w.l(__scatter.o)
    0x080001c0   0x0000001a   Code   RO          666    !!handler_copy      c_w.l(__scatter_copy.o)
    0x080001da   0x00000002   PAD
    0x080001dc   0x0000001c   Code   RO          668    !!handler_zi        c_w.l(__scatter_zi.o)
    0x080001f8   0x00000000   Code   RO          484    .ARM.Collect$$_printf_percent$$00000000  c_w.l(_printf_percent.o)
    0x080001f8   0x00000006   Code   RO          483    .ARM.Collect$$_printf_percent$$00000013  c_w.l(_printf_c.o)
    0x080001fe   0x00000004   Code   RO          499    .ARM.Collect$$_printf_percent$$00000017  c_w.l(_printf_percent_end.o)
    0x08000202   0x00000006   Code   RO          538    .ARM.Collect$$libinit$$00000000  c_w.l(libinit.o)
    0x08000208   0x00000000   Code   RO          546    .ARM.Collect$$libinit$$00000006  c_w.l(libinit2.o)
    0x08000208   0x00000000   Code   RO          548    .ARM.Collect$$libinit$$00000008  c_w.l(libinit2.o)
    0x08000208   0x00000000   Code   RO          550    .ARM.Collect$$libinit$$0000000A  c_w.l(libinit2.o)
    0x08000208   0x00000000   Code   RO          553    .ARM.Collect$$libinit$$0000000D  c_w.l(libinit2.o)
    0x08000208   0x00000000   Code   RO          555    .ARM.Collect$$libinit$$0000000F  c_w.l(libinit2.o)
    0x08000208   0x00000000   Code   RO          557    .ARM.Collect$$libinit$$00000011  c_w.l(libinit2.o)
    0x08000208   0x00000000   Code   RO          559    .ARM.Collect$$libinit$$00000013  c_w.l(libinit2.o)
    0x08000208   0x00000000   Code   RO          561    .ARM.Collect$$libinit$$00000015  c_w.l(libinit2.o)
    0x08000208   0x00000000   Code   RO          563    .ARM.Collect$$libinit$$00000017  c_w.l(libinit2.o)
    0x08000208   0x00000000   Code   RO          565    .ARM.Collect$$libinit$$00000019  c_w.l(libinit2.o)
    0x08000208   0x00000000   Code   RO          567    .ARM.Collect$$libinit$$0000001B  c_w.l(libinit2.o)
    0x08000208   0x00000000   Code   RO          569    .ARM.Collect$$libinit$$0000001D  c_w.l(libinit2.o)
    0x08000208   0x00000000   Code   RO          571    .ARM.Collect$$libinit$$0000001F  c_w.l(libinit2.o)
    0x08000208   0x00000000   Code   RO          573    .ARM.Collect$$libinit$$00000021  c_w.l(libinit2.o)
    0x08000208   0x00000000   Code   RO          577    .ARM.Collect$$libinit$$00000028  c_w.l(libinit2.o)
    0x08000208   0x00000000   Code   RO          579    .ARM.Collect$$libinit$$0000002A  c_w.l(libinit2.o)
    0x08000208   0x00000000   Code   RO          581    .ARM.Collect$$libinit$$0000002C  c_w.l(libinit2.o)
    0x08000208   0x00000000   Code   RO          583    .ARM.Collect$$libinit$$0000002E  c_w.l(libinit2.o)
    0x08000208   0x00000002   Code   RO          584    .ARM.Collect$$libinit$$0000002F  c_w.l(libinit2.o)
    0x0800020a   0x00000002   Code   RO          608    .ARM.Collect$$libshutdown$$00000000  c_w.l(libshutdown.o)
    0x0800020c   0x00000000   Code   RO          619    .ARM.Collect$$libshutdown$$00000003  c_w.l(libshutdown2.o)
    0x0800020c   0x00000000   Code   RO          622    .ARM.Collect$$libshutdown$$00000006  c_w.l(libshutdown2.o)
    0x0800020c   0x00000000   Code   RO          625    .ARM.Collect$$libshutdown$$00000009  c_w.l(libshutdown2.o)
    0x0800020c   0x00000000   Code   RO          627    .ARM.Collect$$libshutdown$$0000000B  c_w.l(libshutdown2.o)
    0x0800020c   0x00000000   Code   RO          630    .ARM.Collect$$libshutdown$$0000000E  c_w.l(libshutdown2.o)
    0x0800020c   0x00000002   Code   RO          631    .ARM.Collect$$libshutdown$$0000000F  c_w.l(libshutdown2.o)
    0x0800020e   0x00000000   Code   RO          493    .ARM.Collect$$rtentry$$00000000  c_w.l(rtentry.o)
    0x0800020e   0x00000000   Code   RO          503    .ARM.Collect$$rtentry$$00000002  c_w.l(rtentry2.o)
    0x0800020e   0x00000006   Code   RO          518    .ARM.Collect$$rtentry$$00000004  c_w.l(rtentry4.o)
    0x08000214   0x00000000   Code   RO          505    .ARM.Collect$$rtentry$$00000009  c_w.l(rtentry2.o)
    0x08000214   0x00000004   Code   RO          506    .ARM.Collect$$rtentry$$0000000A  c_w.l(rtentry2.o)
    0x08000218   0x00000000   Code   RO          508    .ARM.Collect$$rtentry$$0000000C  c_w.l(rtentry2.o)
    0x08000218   0x00000008   Code   RO          509    .ARM.Collect$$rtentry$$0000000D  c_w.l(rtentry2.o)
    0x08000220   0x00000002   Code   RO          542    .ARM.Collect$$rtexit$$00000000  c_w.l(rtexit.o)
    0x08000222   0x00000000   Code   RO          588    .ARM.Collect$$rtexit$$00000002  c_w.l(rtexit2.o)
    0x08000222   0x00000004   Code   RO          589    .ARM.Collect$$rtexit$$00000003  c_w.l(rtexit2.o)
    0x08000226   0x00000006   Code   RO          590    .ARM.Collect$$rtexit$$00000004  c_w.l(rtexit2.o)
    0x0800022c   0x000000c4   Code   RO            1    .text               main.o
    0x080002f0   0x00000070   Code   RO          139    .text               stm32f2xx_it.o
    0x08000360   0x00000148   Code   RO          252    .text               usart.o
    0x080004a8   0x000003c0   Code   RO          271    .text               joystate.o
    0x08000868   0x00000014   Code   RO          283    .text               asciilib.o
    0x0800087c   0x00001ac4   Code   RO          300    .text               lcd.o
    0x08002340   0x00000040   Code   RO          343    .text               startup_stm32f2xx.o
    0x08002380   0x000000b4   Code   RO          348    .text               misc.o
    0x08002434   0x000001e8   Code   RO          360    .text               stm32f2xx_gpio.o
    0x0800261c   0x00000344   Code   RO          372    .text               stm32f2xx_usart.o
    0x08002960   0x00000420   Code   RO          384    .text               stm32f2xx_rcc.o
    0x08002d80   0x00000488   Code   RO          398    .text               stm32f2xx_fsmc.o
    0x08003208   0x0000015c   Code   RO          433    .text               system_stm32f2xx.o
    0x08003364   0x00000002   Code   RO          453    .text               c_w.l(use_no_semi_2.o)
    0x08003366   0x00000002   PAD
    0x08003368   0x00000018   Code   RO          457    .text               c_w.l(noretval__2printf.o)
    0x08003380   0x0000006a   Code   RO          459    .text               c_w.l(__printf.o)
    0x080033ea   0x00000052   Code   RO          461    .text               c_w.l(_printf_str.o)
    0x0800343c   0x0000008a   Code   RO          485    .text               c_w.l(rt_memcpy_v6.o)
    0x080034c6   0x00000006   Code   RO          487    .text               c_w.l(heapauxi.o)
    0x080034cc   0x00000002   Code   RO          491    .text               c_w.l(use_no_semi.o)
    0x080034ce   0x0000002c   Code   RO          495    .text               c_w.l(_printf_char.o)
    0x080034fa   0x00000002   PAD
    0x080034fc   0x00000024   Code   RO          497    .text               c_w.l(_printf_char_file.o)
    0x08003520   0x00000064   Code   RO          500    .text               c_w.l(rt_memcpy_w.o)
    0x08003584   0x00000030   Code   RO          520    .text               c_w.l(_printf_char_common.o)
    0x080035b4   0x00000008   Code   RO          522    .text               c_w.l(ferror.o)
    0x080035bc   0x0000004a   Code   RO          526    .text               c_w.l(sys_stackheap_outer.o)
    0x08003606   0x0000000c   Code   RO          530    .text               c_w.l(exit.o)
    0x08003612   0x00000002   PAD
    0x08003614   0x00000008   Code   RO          539    .text               c_w.l(libspace.o)
    0x0800361c   0x00000008   Code   RO          598    .text               c_w.l(rt_fp_status_addr_intlibspace.o)
    0x08003624   0x00000010   Code   RO          313    i.LCD_WriteReg      lcd.o
    0x08003634   0x0000000e   Code   RO          585    x$fpl$fpinit        fz_ws.l(fpinit.o)
    0x08003642   0x000005f0   Data   RO          284    .constdata          asciilib.o
    0x08003c32   0x00000002   PAD
    0x08003c34   0x00000020   Data   RO          662    Region$$Table       anon$$obj.o


    Execution Region RW_IRAM1 (Base: 0x20000000, Size: 0x00000690, Max: 0x00020000, ABSOLUTE)

    Base Addr    Size         Type   Attr      Idx    E Section Name        Object

    0x20000000   0x00000004   Data   RW          253    .data               usart.o
    0x20000004   0x00000004   Data   RW          301    .data               lcd.o
    0x20000008   0x00000010   Data   RW          385    .data               stm32f2xx_rcc.o
    0x20000018   0x00000014   Data   RW          434    .data               system_stm32f2xx.o
    0x2000002c   0x00000060   Zero   RW          540    .bss                c_w.l(libspace.o)
    0x2000008c   0x00000004   PAD
    0x20000090   0x00000200   Zero   RW          341    HEAP                startup_stm32f2xx.o
    0x20000290   0x00000400   Zero   RW          340    STACK               startup_stm32f2xx.o


==============================================================================

Image component sizes


      Code (inc. data)   RO Data    RW Data    ZI Data      Debug   Object Name

        20          4       1520          0          0        895   asciilib.o
       960        126          0          0          0       3722   joystate.o
      6868         56          0          4          0      10833   lcd.o
       196         88          0          0          0     222427   main.o
       180         16          0          0          0       1949   misc.o
        64         26        388          0       1536        892   startup_stm32f2xx.o
      1160         10          0          0          0       5843   stm32f2xx_fsmc.o
       488         38          0          0          0       4181   stm32f2xx_gpio.o
       112         56          0          0          0     231656   stm32f2xx_it.o
      1056         86          0         16          0      11279   stm32f2xx_rcc.o
       836         26          0          0          0       8152   stm32f2xx_usart.o
       348         34          0         20          0       1991   system_stm32f2xx.o
       328         10          0          4          0       2858   usart.o

    ----------------------------------------------------------------------
     12616        576       1942         44       1536     506678   Object Totals
         0          0         32          0          0          0   (incl. Generated)
         0          0          2          0          0          2   (incl. Padding)

    ----------------------------------------------------------------------

      Code (inc. data)   RO Data    RW Data    ZI Data      Debug   Library Member Name

         8          0          0          0          0         68   __main.o
       106          0          0          0          0         84   __printf.o
        52          8          0          0          0          0   __scatter.o
        26          0          0          0          0          0   __scatter_copy.o
        28          0          0          0          0          0   __scatter_zi.o
         6          0          0          0          0          0   _printf_c.o
        44          0          0          0          0        108   _printf_char.o
        48          6          0          0          0         96   _printf_char_common.o
        36          4          0          0          0         80   _printf_char_file.o
         0          0          0          0          0          0   _printf_percent.o
         4          0          0          0          0          0   _printf_percent_end.o
        82          0          0          0          0         80   _printf_str.o
        12          0          0          0          0         68   exit.o
         8          0          0          0          0         68   ferror.o
         6          0          0          0          0        152   heapauxi.o
         6          0          0          0          0          0   libinit.o
         2          0          0          0          0          0   libinit2.o
         2          0          0          0          0          0   libshutdown.o
         2          0          0          0          0          0   libshutdown2.o
         8          4          0          0         96         68   libspace.o
        24          4          0          0          0         84   noretval__2printf.o
         8          4          0          0          0         68   rt_fp_status_addr_intlibspace.o
       138          0          0          0          0         68   rt_memcpy_v6.o
       100          0          0          0          0         80   rt_memcpy_w.o
         0          0          0          0          0          0   rtentry.o
        12          0          0          0          0          0   rtentry2.o
         6          0          0          0          0          0   rtentry4.o
         2          0          0          0          0          0   rtexit.o
        10          0          0          0          0          0   rtexit2.o
        74          0          0          0          0         80   sys_stackheap_outer.o
         2          0          0          0          0         68   use_no_semi.o
         2          0          0          0          0         68   use_no_semi_2.o
        14          0          0          0          0         76   fpinit.o

    ----------------------------------------------------------------------
       886         30          0          0        100       1464   Library Totals
         8          0          0          0          4          0   (incl. Padding)

    ----------------------------------------------------------------------

      Code (inc. data)   RO Data    RW Data    ZI Data      Debug   Library Name

       864         30          0          0         96       1388   c_w.l
        14          0          0          0          0         76   fz_ws.l

    ----------------------------------------------------------------------
       886         30          0          0        100       1464   Library Totals

    ----------------------------------------------------------------------

==============================================================================


      Code (inc. data)   RO Data    RW Data    ZI Data      Debug   

     13502        606       1942         44       1636     505804   Grand Totals
     13502        606       1942         44       1636     505804   ELF Image Totals
     13502        606       1942         44          0          0   ROM Totals

==============================================================================

    Total RO  Size (Code + RO Data)                15444 (  15.08kB)
    Total RW  Size (RW Data + ZI Data)              1680 (   1.64kB)
    Total ROM Size (Code + RO Data + RW Data)      15488 (  15.13kB)

==============================================================================

